Archive member included to satisfy reference by file (symbol)

/Applications/STM32CubeIDE.app/Contents/Eclipse/plugins/com.st.stm32cube.ide.mcu.externaltools.gnu-tools-for-stm32.14.3.rel1.macosaarch64_1.0.0.202602081740/tools/bin/../lib/gcc/arm-none-eabi/14.3.1/../../../../arm-none-eabi/lib/thumb/v7e-m+fp/hard/libc_nano.a(libc_a-atoi.o)
                              ./Core/Src/main.o (atoi)
/Applications/STM32CubeIDE.app/Contents/Eclipse/plugins/com.st.stm32cube.ide.mcu.externaltools.gnu-tools-for-stm32.14.3.rel1.macosaarch64_1.0.0.202602081740/tools/bin/../lib/gcc/arm-none-eabi/14.3.1/../../../../arm-none-eabi/lib/thumb/v7e-m+fp/hard/libc_nano.a(libc_a-exit.o)
                              /Applications/STM32CubeIDE.app/Contents/Eclipse/plugins/com.st.stm32cube.ide.mcu.externaltools.gnu-tools-for-stm32.14.3.rel1.macosaarch64_1.0.0.202602081740/tools/bin/../lib/gcc/arm-none-eabi/14.3.1/../../../../arm-none-eabi/lib/thumb/v7e-m+fp/hard/crt0.o (exit)
/Applications/STM32CubeIDE.app/Contents/Eclipse/plugins/com.st.stm32cube.ide.mcu.externaltools.gnu-tools-for-stm32.14.3.rel1.macosaarch64_1.0.0.202602081740/tools/bin/../lib/gcc/arm-none-eabi/14.3.1/../../../../arm-none-eabi/lib/thumb/v7e-m+fp/hard/libc_nano.a(libc_a-snprintf.o)
                              ./Core/Src/main.o (snprintf)
/Applications/STM32CubeIDE.app/Contents/Eclipse/plugins/com.st.stm32cube.ide.mcu.externaltools.gnu-tools-for-stm32.14.3.rel1.macosaarch64_1.0.0.202602081740/tools/bin/../lib/gcc/arm-none-eabi/14.3.1/../../../../arm-none-eabi/lib/thumb/v7e-m+fp/hard/libc_nano.a(libc_a-findfp.o)
                              /Applications/STM32CubeIDE.app/Contents/Eclipse/plugins/com.st.stm32cube.ide.mcu.externaltools.gnu-tools-for-stm32.14.3.rel1.macosaarch64_1.0.0.202602081740/tools/bin/../lib/gcc/arm-none-eabi/14.3.1/../../../../arm-none-eabi/lib/thumb/v7e-m+fp/hard/libc_nano.a(libc_a-exit.o) (__stdio_exit_handler)
/Applications/STM32CubeIDE.app/Contents/Eclipse/plugins/com.st.stm32cube.ide.mcu.externaltools.gnu-tools-for-stm32.14.3.rel1.macosaarch64_1.0.0.202602081740/tools/bin/../lib/gcc/arm-none-eabi/14.3.1/../../../../arm-none-eabi/lib/thumb/v7e-m+fp/hard/libc_nano.a(libc_a-strtol.o)
                              /Applications/STM32CubeIDE.app/Contents/Eclipse/plugins/com.st.stm32cube.ide.mcu.externaltools.gnu-tools-for-stm32.14.3.rel1.macosaarch64_1.0.0.202602081740/tools/bin/../lib/gcc/arm-none-eabi/14.3.1/../../../../arm-none-eabi/lib/thumb/v7e-m+fp/hard/libc_nano.a(libc_a-atoi.o) (_strtol_r)
/Applications/STM32CubeIDE.app/Contents/Eclipse/plugins/com.st.stm32cube.ide.mcu.externaltools.gnu-tools-for-stm32.14.3.rel1.macosaarch64_1.0.0.202602081740/tools/bin/../lib/gcc/arm-none-eabi/14.3.1/../../../../arm-none-eabi/lib/thumb/v7e-m+fp/hard/libc_nano.a(libc_a-fwalk.o)
                              /Applications/STM32CubeIDE.app/Contents/Eclipse/plugins/com.st.stm32cube.ide.mcu.externaltools.gnu-tools-for-stm32.14.3.rel1.macosaarch64_1.0.0.202602081740/tools/bin/../lib/gcc/arm-none-eabi/14.3.1/../../../../arm-none-eabi/lib/thumb/v7e-m+fp/hard/libc_nano.a(libc_a-findfp.o) (_fwalk_sglue)
/Applications/STM32CubeIDE.app/Contents/Eclipse/plugins/com.st.stm32cube.ide.mcu.externaltools.gnu-tools-for-stm32.14.3.rel1.macosaarch64_1.0.0.202602081740/tools/bin/../lib/gcc/arm-none-eabi/14.3.1/../../../../arm-none-eabi/lib/thumb/v7e-m+fp/hard/libc_nano.a(libc_a-memset.o)
                              /Applications/STM32CubeIDE.app/Contents/Eclipse/plugins/com.st.stm32cube.ide.mcu.externaltools.gnu-tools-for-stm32.14.3.rel1.macosaarch64_1.0.0.202602081740/tools/bin/../lib/gcc/arm-none-eabi/14.3.1/../../../../arm-none-eabi/lib/thumb/v7e-m+fp/hard/crt0.o (memset)
/Applications/STM32CubeIDE.app/Contents/Eclipse/plugins/com.st.stm32cube.ide.mcu.externaltools.gnu-tools-for-stm32.14.3.rel1.macosaarch64_1.0.0.202602081740/tools/bin/../lib/gcc/arm-none-eabi/14.3.1/../../../../arm-none-eabi/lib/thumb/v7e-m+fp/hard/libc_nano.a(libc_a-strncmp.o)
                              ./Core/Src/main.o (strncmp)
/Applications/STM32CubeIDE.app/Contents/Eclipse/plugins/com.st.stm32cube.ide.mcu.externaltools.gnu-tools-for-stm32.14.3.rel1.macosaarch64_1.0.0.202602081740/tools/bin/../lib/gcc/arm-none-eabi/14.3.1/../../../../arm-none-eabi/lib/thumb/v7e-m+fp/hard/libc_nano.a(libc_a-errno.o)
                              ./Core/Src/syscalls.o (__errno)
/Applications/STM32CubeIDE.app/Contents/Eclipse/plugins/com.st.stm32cube.ide.mcu.externaltools.gnu-tools-for-stm32.14.3.rel1.macosaarch64_1.0.0.202602081740/tools/bin/../lib/gcc/arm-none-eabi/14.3.1/../../../../arm-none-eabi/lib/thumb/v7e-m+fp/hard/libc_nano.a(libc_a-init.o)
                              /Applications/STM32CubeIDE.app/Contents/Eclipse/plugins/com.st.stm32cube.ide.mcu.externaltools.gnu-tools-for-stm32.14.3.rel1.macosaarch64_1.0.0.202602081740/tools/bin/../lib/gcc/arm-none-eabi/14.3.1/../../../../arm-none-eabi/lib/thumb/v7e-m+fp/hard/crt0.o (__libc_init_array)
[...]
Memory Configuration

Name             Origin             Length             Attributes
CCMRAM           0x10000000         0x00010000         xrw
RAM              0x20000000         0x00020000         xrw
FLASH            0x08000000         0x00080000         xr
*default*        0x00000000         0xffffffff

Linker script and memory map

LOAD /Applications/STM32CubeIDE.app/Contents/Eclipse/plugins/com.st.stm32cube.ide.mcu.externaltools.gnu-tools-for-stm32.14.3.rel1.macosaarch64_1.0.0.202602081740/tools/bin/../lib/gcc/arm-none-eabi/14.3.1/thumb/v7e-m+fp/hard/crti.o
LOAD /Applications/STM32CubeIDE.app/Contents/Eclipse/plugins/com.st.stm32cube.ide.mcu.externaltools.gnu-tools-for-stm32.14.3.rel1.macosaarch64_1.0.0.202602081740/tools/bin/../lib/gcc/arm-none-eabi/14.3.1/thumb/v7e-m+fp/hard/crtbegin.o
LOAD /Applications/STM32CubeIDE.app/Contents/Eclipse/plugins/com.st.stm32cube.ide.mcu.externaltools.gnu-tools-for-stm32.14.3.rel1.macosaarch64_1.0.0.202602081740/tools/bin/../lib/gcc/arm-none-eabi/14.3.1/../../../../arm-none-eabi/lib/thumb/v7e-m+fp/hard/crt0.o
LOAD ./Core/Src/main.o
LOAD ./Core/Src/stm32f4xx_hal_msp.o
LOAD ./Core/Src/stm32f4xx_it.o
LOAD ./Core/Src/syscalls.o
LOAD ./Core/Src/sysmem.o
LOAD ./Core/Src/system_stm32f4xx.o
LOAD ./Core/Startup/startup_stm32f407vetx.o
LOAD ./Drivers/STM32F4xx_HAL_Driver/Src/stm32f4xx_hal.o
LOAD ./Drivers/STM32F4xx_HAL_Driver/Src/stm32f4xx_hal_cortex.o
LOAD ./Drivers/STM32F4xx_HAL_Driver/Src/stm32f4xx_hal_dma.o
LOAD ./Drivers/STM32F4xx_HAL_Driver/Src/stm32f4xx_hal_dma_ex.o
LOAD ./Drivers/STM32F4xx_HAL_Driver/Src/stm32f4xx_hal_exti.o
LOAD ./Drivers/STM32F4xx_HAL_Driver/Src/stm32f4xx_hal_flash.o
LOAD ./Drivers/STM32F4xx_HAL_Driver/Src/stm32f4xx_hal_flash_ex.o
LOAD ./Drivers/STM32F4xx_HAL_Driver/Src/stm32f4xx_hal_flash_ramfunc.o
LOAD ./Drivers/STM32F4xx_HAL_Driver/Src/stm32f4xx_hal_gpio.o
LOAD ./Drivers/STM32F4xx_HAL_Driver/Src/stm32f4xx_hal_i2c.o
LOAD ./Drivers/STM32F4xx_HAL_Driver/Src/stm32f4xx_hal_i2c_ex.o
LOAD ./Drivers/STM32F4xx_HAL_Driver/Src/stm32f4xx_hal_pwr.o
LOAD ./Drivers/STM32F4xx_HAL_Driver/Src/stm32f4xx_hal_pwr_ex.o
LOAD ./Drivers/STM32F4xx_HAL_Driver/Src/stm32f4xx_hal_rcc.o
LOAD ./Drivers/STM32F4xx_HAL_Driver/Src/stm32f4xx_hal_rcc_ex.o
LOAD ./Drivers/STM32F4xx_HAL_Driver/Src/stm32f4xx_hal_tim.o
LOAD ./Drivers/STM32F4xx_HAL_Driver/Src/stm32f4xx_hal_tim_ex.o
LOAD ./Drivers/STM32F4xx_HAL_Driver/Src/stm32f4xx_hal_uart.o
START GROUP
LOAD /Applications/STM32CubeIDE.app/Contents/Eclipse/plugins/com.st.stm32cube.ide.mcu.externaltools.gnu-tools-for-stm32.14.3.rel1.macosaarch64_1.0.0.202602081740/tools/bin/../lib/gcc/arm-none-eabi/14.3.1/../../../../arm-none-eabi/lib/thumb/v7e-m+fp/hard/libc_nano.a
LOAD /Applications/STM32CubeIDE.app/Contents/Eclipse/plugins/com.st.stm32cube.ide.mcu.externaltools.gnu-tools-for-stm32.14.3.rel1.macosaarch64_1.0.0.202602081740/tools/bin/../lib/gcc/arm-none-eabi/14.3.1/../../../../arm-none-eabi/lib/thumb/v7e-m+fp/hard/libm.a
END GROUP
START GROUP
LOAD /Applications/STM32CubeIDE.app/Contents/Eclipse/plugins/com.st.stm32cube.ide.mcu.externaltools.gnu-tools-for-stm32.14.3.rel1.macosaarch64_1.0.0.202602081740/tools/bin/../lib/gcc/arm-none-eabi/14.3.1/thumb/v7e-m+fp/hard/libgcc.a
LOAD /Applications/STM32CubeIDE.app/Contents/Eclipse/plugins/com.st.stm32cube.ide.mcu.externaltools.gnu-tools-for-stm32.14.3.rel1.macosaarch64_1.0.0.202602081740/tools/bin/../lib/gcc/arm-none-eabi/14.3.1/../../../../arm-none-eabi/lib/thumb/v7e-m+fp/hard/libc_nano.a
END GROUP
START GROUP
LOAD /Applications/STM32CubeIDE.app/Contents/Eclipse/plugins/com.st.stm32cube.ide.mcu.externaltools.gnu-tools-for-stm32.14.3.rel1.macosaarch64_1.0.0.202602081740/tools/bin/../lib/gcc/arm-none-eabi/14.3.1/thumb/v7e-m+fp/hard/libgcc.a
LOAD /Applications/STM32CubeIDE.app/Contents/Eclipse/plugins/com.st.stm32cube.ide.mcu.externaltools.gnu-tools-for-stm32.14.3.rel1.macosaarch64_1.0.0.202602081740/tools/bin/../lib/gcc/arm-none-eabi/14.3.1/../../../../arm-none-eabi/lib/thumb/v7e-m+fp/hard/libc_nano.a
LOAD /Applications/STM32CubeIDE.app/Contents/Eclipse/plugins/com.st.stm32cube.ide.mcu.externaltools.gnu-tools-for-stm32.14.3.rel1.macosaarch64_1.0.0.202602081740/tools/bin/../lib/gcc/arm-none-eabi/14.3.1/../../../../arm-none-eabi/lib/thumb/v7e-m+fp/hard/libnosys.a
END GROUP
START GROUP
LOAD /Applications/STM32CubeIDE.app/Contents/Eclipse/plugins/com.st.stm32cube.ide.mcu.externaltools.gnu-tools-for-stm32.14.3.rel1.macosaarch64_1.0.0.202602081740/tools/bin/../lib/gcc/arm-none-eabi/14.3.1/thumb/v7e-m+fp/hard/libgcc.a
LOAD /Applications/STM32CubeIDE.app/Contents/Eclipse/plugins/com.st.stm32cube.ide.mcu.externaltools.gnu-tools-for-stm32.14.3.rel1.macosaarch64_1.0.0.202602081740/tools/bin/../lib/gcc/arm-none-eabi/14.3.1/../../../../arm-none-eabi/lib/thumb/v7e-m+fp/hard/libc_nano.a
LOAD /Applications/STM32CubeIDE.app/Contents/Eclipse/plugins/com.st.stm32cube.ide.mcu.externaltools.gnu-tools-for-stm32.14.3.rel1.macosaarch64_1.0.0.202602081740/tools/bin/../lib/gcc/arm-none-eabi/14.3.1/../../../../arm-none-eabi/lib/thumb/v7e-m+fp/hard/libnosys.a
END GROUP
LOAD /Applications/STM32CubeIDE.app/Contents/Eclipse/plugins/com.st.stm32cube.ide.mcu.externaltools.gnu-tools-for-stm32.14.3.rel1.macosaarch64_1.0.0.202602081740/tools/bin/../lib/gcc/arm-none-eabi/14.3.1/thumb/v7e-m+fp/hard/crtend.o
LOAD /Applications/STM32CubeIDE.app/Contents/Eclipse/plugins/com.st.stm32cube.ide.mcu.externaltools.gnu-tools-for-stm32.14.3.rel1.macosaarch64_1.0.0.202602081740/tools/bin/../lib/gcc/arm-none-eabi/14.3.1/thumb/v7e-m+fp/hard/crtn.o
                0x20020000                        _estack = (ORIGIN (RAM) + LENGTH (RAM))
                0x00000200                        _Min_Heap_Size = 0x200
                0x00000400                        _Min_Stack_Size = 0x400

.isr_vector     0x08000000      0x188
                0x08000000                        . = ALIGN (0x4)
 *(.isr_vector)
 .isr_vector    0x08000000      0x188 ./Core/Startup/startup_stm32f407vetx.o
                0x08000000                g_pfnVectors
                0x08000188                        . = ALIGN (0x4)

.text           0x08000190     0x7514
                0x08000190                        . = ALIGN (0x4)
 *(.text)
 .text          0x08000190       0x40 /Applications/STM32CubeIDE.app/Contents/Eclipse/plugins/com.st.stm32cube.ide.mcu.externaltools.gnu-tools-for-stm32.14.3.rel1.macosaarch64_1.0.0.202602081740/tools/bin/../lib/gcc/arm-none-eabi/14.3.1/thumb/v7e-m+fp/hard/crtbegin.o
 .text          0x080001d0       0x14 /Applications/STM32CubeIDE.app/Contents/Eclipse/plugins/com.st.stm32cube.ide.mcu.externaltools.gnu-tools-for-stm32.14.3.rel1.macosaarch64_1.0.0.202602081740/tools/bin/../lib/gcc/arm-none-eabi/14.3.1/../../../../arm-none-eabi/lib/thumb/v7e-m+fp/hard/libc_nano.a(libc_a-strcmp.o)
                0x080001d0                strcmp
 *fill*         0x080001e4        0xc 
 .text          0x080001f0       0xa0 /Applications/STM32CubeIDE.app/Contents/Eclipse/plugins/com.st.stm32cube.ide.mcu.externaltools.gnu-tools-for-stm32.14.3.rel1.macosaarch64_1.0.0.202602081740/tools/bin/../lib/gcc/arm-none-eabi/14.3.1/../../../../arm-none-eabi/lib/thumb/v7e-m+fp/hard/libc_nano.a(libc_a-memchr.o)
                0x080001f0                memchr
 .text          0x08000290       0x30 /Applications/STM32CubeIDE.app/Contents/Eclipse/plugins/com.st.stm32cube.ide.mcu.externaltools.gnu-tools-for-stm32.14.3.rel1.macosaarch64_1.0.0.202602081740/tools/bin/../lib/gcc/arm-none-eabi/14.3.1/thumb/v7e-m+fp/hard/libgcc.a(_aeabi_uldivmod.o)
                0x08000290                __aeabi_uldivmod
 .text          0x080002c0      0x2f8 /Applications/STM32CubeIDE.app/Contents/Eclipse/plugins/com.st.stm32cube.ide.mcu.externaltools.gnu-tools-for-stm32.14.3.rel1.macosaarch64_1.0.0.202602081740/tools/bin/../lib/gcc/arm-none-eabi/14.3.1/thumb/v7e-m+fp/hard/libgcc.a(_udivmoddi4.o)
                0x080002c0                __udivmoddi4
 .text          0x080005b8        0x4 /Applications/STM32CubeIDE.app/Contents/Eclipse/plugins/com.st.stm32cube.ide.mcu.externaltools.gnu-tools-for-stm32.14.3.rel1.macosaarch64_1.0.0.202602081740/tools/bin/../lib/gcc/arm-none-eabi/14.3.1/thumb/v7e-m+fp/hard/libgcc.a(_dvmd_tls.o)
                0x080005b8                __aeabi_ldiv0
                0x080005b8                __aeabi_idiv0
 *(.text*)
 .text.main     0x080005bc      0x274 ./Core/Src/main.o
                0x080005bc                main
 .text.SystemClock_Config
                0x08000830       0xbc ./Core/Src/main.o
                0x08000830                SystemClock_Config
 .text.MX_TIM4_Init
                0x080008ec       0xc8 ./Core/Src/main.o
 .text.MX_TIM9_Init
                0x080009b4       0xa0 ./Core/Src/main.o
 .text.MX_TIM12_Init
                0x08000a54       0x8c ./Core/Src/main.o
 .text.MX_USART3_UART_Init
                0x08000ae0       0x54 ./Core/Src/main.o
 .text.MX_GPIO_Init
                0x08000b34       0xf0 ./Core/Src/main.o
 .text.HAL_UART_RxCpltCallback
                0x08000c24      0xaf8 ./Core/Src/main.o
                0x08000c24                HAL_UART_RxCpltCallback
 .text.MotorA_Stop
                0x0800171c       0x24 ./Core/Src/main.o
                0x0800171c                MotorA_Stop
 .text.MotorA_Brake
                0x08001740       0x28 ./Core/Src/main.o
                0x08001740                MotorA_Brake
 .text.MotorA_Forward
                0x08001768       0x28 ./Core/Src/main.o
                0x08001768                MotorA_Forward
 .text.MotorA_Backward
                0x08001790       0x28 ./Core/Src/main.o
                0x08001790                MotorA_Backward
 .text.MotorB_Stop
                0x080017b8       0x24 ./Core/Src/main.o
                0x080017b8                MotorB_Stop
 .text.MotorB_Brake
                0x080017dc       0x28 ./Core/Src/main.o
                0x080017dc                MotorB_Brake
 .text.MotorB_Forward
                0x08001804       0x28 ./Core/Src/main.o
                0x08001804                MotorB_Forward
 .text.MotorB_Backward
                0x0800182c       0x28 ./Core/Src/main.o
                0x0800182c                MotorB_Backward
 .text.Motors_Stop
                0x08001854       0x10 ./Core/Src/main.o
                0x08001854                Motors_Stop
 .text.Motors_Brake
                0x08001864       0x18 ./Core/Src/main.o
                0x08001864                Motors_Brake
 .text.Motors_Forward
                0x0800187c       0x24 ./Core/Src/main.o
                0x0800187c                Motors_Forward
 .text.Motors_Backward
                0x080018a0       0x24 ./Core/Src/main.o
                0x080018a0                Motors_Backward
 .text.Encoder_DistCounts
                0x080018c4       0x42 ./Core/Src/main.o
                0x080018c4                Encoder_DistCounts
 *fill*         0x08001906        0x2 
 .text.Drive_CmAt
                0x08001908       0xcc ./Core/Src/main.o
 .text.Drive_ForwardCm
                0x080019d4       0x30 ./Core/Src/main.o
                0x080019d4                Drive_ForwardCm
 .text.Drive_BackwardCm
                0x08001a04       0x30 ./Core/Src/main.o
                0x08001a04                Drive_BackwardCm
 .text.Drive_ForwardSlowCm
                0x08001a34       0x30 ./Core/Src/main.o
                0x08001a34                Drive_ForwardSlowCm
 .text.Drive_BackwardSlowCm
                0x08001a64       0x30 ./Core/Src/main.o
                0x08001a64                Drive_BackwardSlowCm
 .text.Pivot_Run
                0x08001a94      0x260 ./Core/Src/main.o
                0x08001a94                Pivot_Run
 .text.Arc_Run  0x08001cf4      0x2ac ./Core/Src/main.o
                0x08001cf4                Arc_Run
 .text.Steer_SetPulse
                0x08001fa0       0x48 ./Core/Src/main.o
                0x08001fa0                Steer_SetPulse
 .text.Steer_Center
                0x08001fe8       0x10 ./Core/Src/main.o
                0x08001fe8                Steer_Center
 .text.Steer_StepLeft
                0x08001ff8       0x18 ./Core/Src/main.o
                0x08001ff8                Steer_StepLeft
 .text.Steer_StepRight
                0x08002010       0x18 ./Core/Src/main.o
                0x08002010                Steer_StepRight
 .text.Steer_LockLeft
                0x08002028       0x10 ./Core/Src/main.o
                0x08002028                Steer_LockLeft
 .text.Steer_LockRight
                0x08002038       0x10 ./Core/Src/main.o
                0x08002038                Steer_LockRight
 .text.MX_I2C2_Init
                0x08002048       0x5c ./Core/Src/main.o
 .text.ICM20948_WhoAmI
                0x080020a4       0x84 ./Core/Src/main.o
                0x080020a4                ICM20948_WhoAmI
 .text.ICM20948_SelectBank
                0x08002128       0x48 ./Core/Src/main.o
 .text.ICM20948_WriteReg
                0x08002170       0x44 ./Core/Src/main.o
 .text.ICM20948_Init
                0x080021b4      0x118 ./Core/Src/main.o
                0x080021b4                ICM20948_Init
 .text.Imu_Report
                0x080022cc       0x70 ./Core/Src/main.o
                0x080022cc                Imu_Report
 .text.Gyro_Report
                0x0800233c      0x168 ./Core/Src/main.o
                0x0800233c                Gyro_Report
 .text.ICM20948_ReadGyroRaw
                0x080024a4       0xa0 ./Core/Src/main.o
                0x080024a4                ICM20948_ReadGyroRaw
 .text.ICM20948_ReadAccelRaw
                0x08002544       0xa0 ./Core/Src/main.o
                0x08002544                ICM20948_ReadAccelRaw
 .text.ICM20948_ReadGyroDps
                0x080025e4       0xa4 ./Core/Src/main.o
                0x080025e4                ICM20948_ReadGyroDps
 .text.MX_TIM2_Init
                0x08002688       0xa8 ./Core/Src/main.o
 .text.MX_TIM3_Init
                0x08002730       0xa8 ./Core/Src/main.o
 .text.EncoderA_GetCount
                0x080027d8       0x1c ./Core/Src/main.o
                0x080027d8                EncoderA_GetCount
 .text.EncoderB_GetCount
                0x080027f4       0x1c ./Core/Src/main.o
                0x080027f4                EncoderB_GetCount
 .text.Encoder_Reset
                0x08002810       0x28 ./Core/Src/main.o
                0x08002810                Encoder_Reset
 .text.Error_Handler
                0x08002838        0xc ./Core/Src/main.o
                0x08002838                Error_Handler
 .text.HAL_MspInit
                0x08002844       0x50 ./Core/Src/stm32f4xx_hal_msp.o
                0x08002844                HAL_MspInit
 .text.HAL_TIM_PWM_MspInit
                0x08002894       0x9c ./Core/Src/stm32f4xx_hal_msp.o
                0x08002894                HAL_TIM_PWM_MspInit
 .text.HAL_TIM_Encoder_MspInit
                0x08002930      0x128 ./Core/Src/stm32f4xx_hal_msp.o
                0x08002930                HAL_TIM_Encoder_MspInit
 .text.HAL_TIM_MspPostInit
                0x08002a58      0x114 ./Core/Src/stm32f4xx_hal_msp.o
                0x08002a58                HAL_TIM_MspPostInit
 .text.HAL_UART_MspInit
                0x08002b6c       0xa0 ./Core/Src/stm32f4xx_hal_msp.o
                0x08002b6c                HAL_UART_MspInit
 .text.HAL_I2C_MspInit
                0x08002c0c       0x90 ./Core/Src/stm32f4xx_hal_msp.o
                0x08002c0c                HAL_I2C_MspInit
 .text.NMI_Handler
                0x08002c9c        0x8 ./Core/Src/stm32f4xx_it.o
                0x08002c9c                NMI_Handler
 .text.HardFault_Handler
                0x08002ca4        0x8 ./Core/Src/stm32f4xx_it.o
                0x08002ca4                HardFault_Handler
 .text.MemManage_Handler
                0x08002cac        0x8 ./Core/Src/stm32f4xx_it.o
                0x08002cac                MemManage_Handler
 .text.BusFault_Handler
                0x08002cb4        0x8 ./Core/Src/stm32f4xx_it.o
                0x08002cb4                BusFault_Handler
 .text.UsageFault_Handler
                0x08002cbc        0x8 ./Core/Src/stm32f4xx_it.o
                0x08002cbc                UsageFault_Handler
 .text.SVC_Handler
                0x08002cc4        0xe ./Core/Src/stm32f4xx_it.o
                0x08002cc4                SVC_Handler
 .text.DebugMon_Handler
                0x08002cd2        0xe ./Core/Src/stm32f4xx_it.o
                0x08002cd2                DebugMon_Handler
 .text.PendSV_Handler
                0x08002ce0        0xe ./Core/Src/stm32f4xx_it.o
                0x08002ce0                PendSV_Handler
 .text.SysTick_Handler
                0x08002cee        0xc ./Core/Src/stm32f4xx_it.o
                0x08002cee                SysTick_Handler
 *fill*         0x08002cfa        0x2 
 .text.USART3_IRQHandler
                0x08002cfc       0x14 ./Core/Src/stm32f4xx_it.o
                0x08002cfc                USART3_IRQHandler
 .text._sbrk    0x08002d10       0x6c ./Core/Src/sysmem.o
                0x08002d10                _sbrk
 .text.SystemInit
                0x08002d7c       0x24 ./Core/Src/system_stm32f4xx.o
                0x08002d7c                SystemInit
 .text.Reset_Handler
                0x08002da0       0x50 ./Core/Startup/startup_stm32f407vetx.o
                0x08002da0                Reset_Handler
 .text.Default_Handler
                0x08002df0        0x2 ./Core/Startup/startup_stm32f407vetx.o
                0x08002df0                DMA1_Stream3_IRQHandler
                0x08002df0                HASH_RNG_IRQHandler
                0x08002df0                EXTI2_IRQHandler
                0x08002df0                TIM8_CC_IRQHandler
                0x08002df0                TIM1_CC_IRQHandler
                0x08002df0                DMA2_Stream5_IRQHandler
                0x08002df0                DMA1_Stream5_IRQHandler
                0x08002df0                PVD_IRQHandler
                0x08002df0                SDIO_IRQHandler
                0x08002df0                TAMP_STAMP_IRQHandler
                0x08002df0                CAN2_RX1_IRQHandler
                0x08002df0                EXTI3_IRQHandler
                0x08002df0                TIM8_TRG_COM_TIM14_IRQHandler
                0x08002df0                TIM1_UP_TIM10_IRQHandler
                0x08002df0                TIM8_UP_TIM13_IRQHandler
                0x08002df0                I2C3_ER_IRQHandler
                0x08002df0                EXTI0_IRQHandler
                0x08002df0                I2C2_EV_IRQHandler
                0x08002df0                DMA1_Stream2_IRQHandler
                0x08002df0                CAN1_RX0_IRQHandler
                0x08002df0                FPU_IRQHandler
                0x08002df0                OTG_HS_WKUP_IRQHandler
                0x08002df0                CAN2_SCE_IRQHandler
                0x08002df0                DMA2_Stream2_IRQHandler
                0x08002df0                SPI1_IRQHandler
                0x08002df0                TIM6_DAC_IRQHandler
                0x08002df0                TIM1_BRK_TIM9_IRQHandler
                0x08002df0                DCMI_IRQHandler
                0x08002df0                CAN2_RX0_IRQHandler
                0x08002df0                DMA2_Stream3_IRQHandler
                0x08002df0                USART6_IRQHandler
                0x08002df0                CAN1_RX1_IRQHandler
                0x08002df0                UART5_IRQHandler
                0x08002df0                DMA2_Stream0_IRQHandler
                0x08002df0                TIM4_IRQHandler
                0x08002df0                I2C1_EV_IRQHandler
                0x08002df0                DMA1_Stream6_IRQHandler
                0x08002df0                DMA1_Stream1_IRQHandler
                0x08002df0                UART4_IRQHandler
                0x08002df0                TIM3_IRQHandler
                0x08002df0                RCC_IRQHandler
                0x08002df0                TIM8_BRK_TIM12_IRQHandler
                0x08002df0                Default_Handler
                0x08002df0                EXTI15_10_IRQHandler
                0x08002df0                ADC_IRQHandler
                0x08002df0                DMA1_Stream7_IRQHandler
                0x08002df0                TIM7_IRQHandler
                0x08002df0                CAN2_TX_IRQHandler
                0x08002df0                TIM5_IRQHandler
                0x08002df0                DMA2_Stream7_IRQHandler
                0x08002df0                I2C3_EV_IRQHandler
                0x08002df0                EXTI9_5_IRQHandler
                0x08002df0                RTC_WKUP_IRQHandler
                0x08002df0                ETH_WKUP_IRQHandler
                0x08002df0                SPI2_IRQHandler
                0x08002df0                OTG_HS_EP1_IN_IRQHandler
                0x08002df0                DMA1_Stream0_IRQHandler
                0x08002df0                CAN1_TX_IRQHandler
                0x08002df0                EXTI4_IRQHandler
                0x08002df0                FSMC_IRQHandler
                0x08002df0                ETH_IRQHandler
                0x08002df0                OTG_HS_EP1_OUT_IRQHandler
                0x08002df0                WWDG_IRQHandler
                0x08002df0                TIM2_IRQHandler
                0x08002df0                OTG_FS_WKUP_IRQHandler
                0x08002df0                TIM1_TRG_COM_TIM11_IRQHandler
                0x08002df0                OTG_HS_IRQHandler
                0x08002df0                EXTI1_IRQHandler
                0x08002df0                USART2_IRQHandler
                0x08002df0                I2C2_ER_IRQHandler
                0x08002df0                DMA2_Stream1_IRQHandler
                0x08002df0                CAN1_SCE_IRQHandler
                0x08002df0                FLASH_IRQHandler
                0x08002df0                DMA2_Stream4_IRQHandler
                0x08002df0                USART1_IRQHandler
                0x08002df0                OTG_FS_IRQHandler
                0x08002df0                SPI3_IRQHandler
                0x08002df0                DMA1_Stream4_IRQHandler
                0x08002df0                I2C1_ER_IRQHandler
                0x08002df0                DMA2_Stream6_IRQHandler
                0x08002df0                RTC_Alarm_IRQHandler
 *fill*         0x08002df2        0x2 
 .text.HAL_Init
                0x08002df4       0x44 ./Drivers/STM32F4xx_HAL_Driver/Src/stm32f4xx_hal.o
                0x08002df4                HAL_Init
 .text.HAL_InitTick
                0x08002e38       0x60 ./Drivers/STM32F4xx_HAL_Driver/Src/stm32f4xx_hal.o
                0x08002e38                HAL_InitTick
 .text.HAL_IncTick
                0x08002e98       0x28 ./Drivers/STM32F4xx_HAL_Driver/Src/stm32f4xx_hal.o
                0x08002e98                HAL_IncTick
 .text.HAL_GetTick
                0x08002ec0       0x18 ./Drivers/STM32F4xx_HAL_Driver/Src/stm32f4xx_hal.o
                0x08002ec0                HAL_GetTick
 .text.HAL_Delay
                0x08002ed8       0x48 ./Drivers/STM32F4xx_HAL_Driver/Src/stm32f4xx_hal.o
                0x08002ed8                HAL_Delay
 .text.__NVIC_SetPriorityGrouping
                0x08002f20       0x48 ./Drivers/STM32F4xx_HAL_Driver/Src/stm32f4xx_hal_cortex.o
 .text.__NVIC_GetPriorityGrouping
                0x08002f68       0x1c ./Drivers/STM32F4xx_HAL_Driver/Src/stm32f4xx_hal_cortex.o
 .text.__NVIC_EnableIRQ
                0x08002f84       0x3c ./Drivers/STM32F4xx_HAL_Driver/Src/stm32f4xx_hal_cortex.o
 .text.__NVIC_SetPriority
                0x08002fc0       0x54 ./Drivers/STM32F4xx_HAL_Driver/Src/stm32f4xx_hal_cortex.o
 .text.NVIC_EncodePriority
                0x08003014       0x66 ./Drivers/STM32F4xx_HAL_Driver/Src/stm32f4xx_hal_cortex.o
 *fill*         0x0800307a        0x2 
 .text.SysTick_Config
                0x0800307c       0x44 ./Drivers/STM32F4xx_HAL_Driver/Src/stm32f4xx_hal_cortex.o
 .text.HAL_NVIC_SetPriorityGrouping
                0x080030c0       0x16 ./Drivers/STM32F4xx_HAL_Driver/Src/stm32f4xx_hal_cortex.o
                0x080030c0                HAL_NVIC_SetPriorityGrouping
 .text.HAL_NVIC_SetPriority
                0x080030d6       0x38 ./Drivers/STM32F4xx_HAL_Driver/Src/stm32f4xx_hal_cortex.o
                0x080030d6                HAL_NVIC_SetPriority
 .text.HAL_NVIC_EnableIRQ
                0x0800310e       0x1c ./Drivers/STM32F4xx_HAL_Driver/Src/stm32f4xx_hal_cortex.o
                0x0800310e                HAL_NVIC_EnableIRQ
 .text.HAL_SYSTICK_Config
                0x0800312a       0x18 ./Drivers/STM32F4xx_HAL_Driver/Src/stm32f4xx_hal_cortex.o
                0x0800312a                HAL_SYSTICK_Config
 .text.HAL_DMA_Abort
                0x08003142       0xe0 ./Drivers/STM32F4xx_HAL_Driver/Src/stm32f4xx_hal_dma.o
                0x08003142                HAL_DMA_Abort
 .text.HAL_DMA_Abort_IT
                0x08003222       0x44 ./Drivers/STM32F4xx_HAL_Driver/Src/stm32f4xx_hal_dma.o
                0x08003222                HAL_DMA_Abort_IT
 *fill*         0x08003266        0x2 
 .text.HAL_GPIO_Init
                0x08003268      0x338 ./Drivers/STM32F4xx_HAL_Driver/Src/stm32f4xx_hal_gpio.o
                0x08003268                HAL_GPIO_Init
 .text.HAL_GPIO_WritePin
                0x080035a0       0x32 ./Drivers/STM32F4xx_HAL_Driver/Src/stm32f4xx_hal_gpio.o
                0x080035a0                HAL_GPIO_WritePin
 .text.HAL_GPIO_TogglePin
                0x080035d2       0x34 ./Drivers/STM32F4xx_HAL_Driver/Src/stm32f4xx_hal_gpio.o
                0x080035d2                HAL_GPIO_TogglePin
 *fill*         0x08003606        0x2 
 .text.HAL_I2C_Init
                0x08003608      0x288 ./Drivers/STM32F4xx_HAL_Driver/Src/stm32f4xx_hal_i2c.o
                0x08003608                HAL_I2C_Init
 .text.HAL_I2C_Mem_Write
                0x08003890      0x1f4 ./Drivers/STM32F4xx_HAL_Driver/Src/stm32f4xx_hal_i2c.o
                0x08003890                HAL_I2C_Mem_Write
 .text.HAL_I2C_Mem_Read
                0x08003a84      0x464 ./Drivers/STM32F4xx_HAL_Driver/Src/stm32f4xx_hal_i2c.o
                0x08003a84                HAL_I2C_Mem_Read
 .text.I2C_RequestMemoryWrite
                0x08003ee8      0x12c ./Drivers/STM32F4xx_HAL_Driver/Src/stm32f4xx_hal_i2c.o
 .text.I2C_RequestMemoryRead
                0x08004014      0x1d0 ./Drivers/STM32F4xx_HAL_Driver/Src/stm32f4xx_hal_i2c.o
 .text.I2C_WaitOnFlagUntilTimeout
                0x080041e4       0xf4 ./Drivers/STM32F4xx_HAL_Driver/Src/stm32f4xx_hal_i2c.o
 .text.I2C_WaitOnMasterAddressFlagUntilTimeout
                0x080042d8      0x140 ./Drivers/STM32F4xx_HAL_Driver/Src/stm32f4xx_hal_i2c.o
 .text.I2C_WaitOnTXEFlagUntilTimeout
                0x08004418       0x90 ./Drivers/STM32F4xx_HAL_Driver/Src/stm32f4xx_hal_i2c.o
 .text.I2C_WaitOnBTFFlagUntilTimeout
                0x080044a8       0x90 ./Drivers/STM32F4xx_HAL_Driver/Src/stm32f4xx_hal_i2c.o
 .text.I2C_WaitOnRXNEFlagUntilTimeout
                0x08004538       0xba ./Drivers/STM32F4xx_HAL_Driver/Src/stm32f4xx_hal_i2c.o
 .text.I2C_IsAcknowledgeFailed
                0x080045f2       0x5e ./Drivers/STM32F4xx_HAL_Driver/Src/stm32f4xx_hal_i2c.o
 .text.HAL_RCC_OscConfig
                0x08004650      0x4f0 ./Drivers/STM32F4xx_HAL_Driver/Src/stm32f4xx_hal_rcc.o
                0x08004650                HAL_RCC_OscConfig
 .text.HAL_RCC_ClockConfig
                0x08004b40      0x1cc ./Drivers/STM32F4xx_HAL_Driver/Src/stm32f4xx_hal_rcc.o
                0x08004b40                HAL_RCC_ClockConfig
 .text.HAL_RCC_GetSysClockFreq
                0x08004d0c      0x188 ./Drivers/STM32F4xx_HAL_Driver/Src/stm32f4xx_hal_rcc.o
                0x08004d0c                HAL_RCC_GetSysClockFreq
 .text.HAL_RCC_GetHCLKFreq
                0x08004e94       0x18 ./Drivers/STM32F4xx_HAL_Driver/Src/stm32f4xx_hal_rcc.o
                0x08004e94                HAL_RCC_GetHCLKFreq
 .text.HAL_RCC_GetPCLK1Freq
                0x08004eac       0x28 ./Drivers/STM32F4xx_HAL_Driver/Src/stm32f4xx_hal_rcc.o
                0x08004eac                HAL_RCC_GetPCLK1Freq
 .text.HAL_RCC_GetPCLK2Freq
                0x08004ed4       0x28 ./Drivers/STM32F4xx_HAL_Driver/Src/stm32f4xx_hal_rcc.o
                0x08004ed4                HAL_RCC_GetPCLK2Freq
 .text.HAL_TIM_PWM_Init
                0x08004efc       0x9e ./Drivers/STM32F4xx_HAL_Driver/Src/stm32f4xx_hal_tim.o
                0x08004efc                HAL_TIM_PWM_Init
 *fill*         0x08004f9a        0x2 
 .text.HAL_TIM_PWM_Start
                0x08004f9c      0x190 ./Drivers/STM32F4xx_HAL_Driver/Src/stm32f4xx_hal_tim.o
                0x08004f9c                HAL_TIM_PWM_Start
 .text.HAL_TIM_Encoder_Init
                0x0800512c      0x14c ./Drivers/STM32F4xx_HAL_Driver/Src/stm32f4xx_hal_tim.o
                0x0800512c                HAL_TIM_Encoder_Init
 .text.HAL_TIM_Encoder_Start
                0x08005278      0x11c ./Drivers/STM32F4xx_HAL_Driver/Src/stm32f4xx_hal_tim.o
                0x08005278                HAL_TIM_Encoder_Start
 .text.HAL_TIM_PWM_ConfigChannel
                0x08005394      0x184 ./Drivers/STM32F4xx_HAL_Driver/Src/stm32f4xx_hal_tim.o
                0x08005394                HAL_TIM_PWM_ConfigChannel
 .text.TIM_Base_SetConfig
                0x08005518      0x14c ./Drivers/STM32F4xx_HAL_Driver/Src/stm32f4xx_hal_tim.o
                0x08005518                TIM_Base_SetConfig
 .text.TIM_OC1_SetConfig
                0x08005664       0xe0 ./Drivers/STM32F4xx_HAL_Driver/Src/stm32f4xx_hal_tim.o
 .text.TIM_OC2_SetConfig
                0x08005744       0xec ./Drivers/STM32F4xx_HAL_Driver/Src/stm32f4xx_hal_tim.o
                0x08005744                TIM_OC2_SetConfig
 .text.TIM_OC3_SetConfig
                0x08005830       0xe8 ./Drivers/STM32F4xx_HAL_Driver/Src/stm32f4xx_hal_tim.o
 .text.TIM_OC4_SetConfig
                0x08005918       0xac ./Drivers/STM32F4xx_HAL_Driver/Src/stm32f4xx_hal_tim.o
 .text.TIM_CCxChannelCmd
                0x080059c4       0x4a ./Drivers/STM32F4xx_HAL_Driver/Src/stm32f4xx_hal_tim.o
                0x080059c4                TIM_CCxChannelCmd
 *fill*         0x08005a0e        0x2 
 .text.HAL_TIMEx_MasterConfigSynchronization
                0x08005a10       0xf8 ./Drivers/STM32F4xx_HAL_Driver/Src/stm32f4xx_hal_tim_ex.o
                0x08005a10                HAL_TIMEx_MasterConfigSynchronization
 .text.HAL_UART_Init
                0x08005b08       0xa0 ./Drivers/STM32F4xx_HAL_Driver/Src/stm32f4xx_hal_uart.o
                0x08005b08                HAL_UART_Init
 .text.HAL_UART_Transmit
                0x08005ba8      0x116 ./Drivers/STM32F4xx_HAL_Driver/Src/stm32f4xx_hal_uart.o
                0x08005ba8                HAL_UART_Transmit
 .text.HAL_UART_Receive_IT
                0x08005cbe       0x4a ./Drivers/STM32F4xx_HAL_Driver/Src/stm32f4xx_hal_uart.o
                0x08005cbe                HAL_UART_Receive_IT
 .text.HAL_UART_IRQHandler
                0x08005d08      0x554 ./Drivers/STM32F4xx_HAL_Driver/Src/stm32f4xx_hal_uart.o
                0x08005d08                HAL_UART_IRQHandler
 .text.HAL_UART_TxCpltCallback
                0x0800625c       0x14 ./Drivers/STM32F4xx_HAL_Driver/Src/stm32f4xx_hal_uart.o
                0x0800625c                HAL_UART_TxCpltCallback
 .text.HAL_UART_ErrorCallback
                0x08006270       0x14 ./Drivers/STM32F4xx_HAL_Driver/Src/stm32f4xx_hal_uart.o
                0x08006270                HAL_UART_ErrorCallback
 .text.HAL_UARTEx_RxEventCallback
                0x08006284       0x18 ./Drivers/STM32F4xx_HAL_Driver/Src/stm32f4xx_hal_uart.o
                0x08006284                HAL_UARTEx_RxEventCallback
 .text.UART_WaitOnFlagUntilTimeout
                0x0800629c       0xb2 ./Drivers/STM32F4xx_HAL_Driver/Src/stm32f4xx_hal_uart.o
 .text.UART_Start_Receive_IT
                0x0800634e       0x74 ./Drivers/STM32F4xx_HAL_Driver/Src/stm32f4xx_hal_uart.o
                0x0800634e                UART_Start_Receive_IT
 .text.UART_EndRxTransfer
                0x080063c2       0xc6 ./Drivers/STM32F4xx_HAL_Driver/Src/stm32f4xx_hal_uart.o
 .text.UART_DMAAbortOnError
                0x08006488       0x22 ./Drivers/STM32F4xx_HAL_Driver/Src/stm32f4xx_hal_uart.o
 .text.UART_Transmit_IT
                0x080064aa       0xa0 ./Drivers/STM32F4xx_HAL_Driver/Src/stm32f4xx_hal_uart.o
 .text.UART_EndTransmit_IT
                0x0800654a       0x30 ./Drivers/STM32F4xx_HAL_Driver/Src/stm32f4xx_hal_uart.o
 .text.UART_Receive_IT
                0x0800657a      0x17c ./Drivers/STM32F4xx_HAL_Driver/Src/stm32f4xx_hal_uart.o
 *fill*         0x080066f6        0x2 
 .text.UART_SetConfig
                0x080066f8      0x4e8 ./Drivers/STM32F4xx_HAL_Driver/Src/stm32f4xx_hal_uart.o
 .text.atoi     0x08006be0        0x8 /Applications/STM32CubeIDE.app/Contents/Eclipse/plugins/com.st.stm32cube.ide.mcu.externaltools.gnu-tools-for-stm32.14.3.rel1.macosaarch64_1.0.0.202602081740/tools/bin/../lib/gcc/arm-none-eabi/14.3.1/../../../../arm-none-eabi/lib/thumb/v7e-m+fp/hard/libc_nano.a(libc_a-atoi.o)
                0x08006be0                atoi
 .text.snprintf
                0x08006be8       0x6c /Applications/STM32CubeIDE.app/Contents/Eclipse/plugins/com.st.stm32cube.ide.mcu.externaltools.gnu-tools-for-stm32.14.3.rel1.macosaarch64_1.0.0.202602081740/tools/bin/../lib/gcc/arm-none-eabi/14.3.1/../../../../arm-none-eabi/lib/thumb/v7e-m+fp/hard/libc_nano.a(libc_a-snprintf.o)
                0x08006be8                snprintf
                0x08006be8                sniprintf
 .text._strtol_l.isra.0
                0x08006c54       0xf4 /Applications/STM32CubeIDE.app/Contents/Eclipse/plugins/com.st.stm32cube.ide.mcu.externaltools.gnu-tools-for-stm32.14.3.rel1.macosaarch64_1.0.0.202602081740/tools/bin/../lib/gcc/arm-none-eabi/14.3.1/../../../../arm-none-eabi/lib/thumb/v7e-m+fp/hard/libc_nano.a(libc_a-strtol.o)
 .text.strtol   0x08006d48       0x14 /Applications/STM32CubeIDE.app/Contents/Eclipse/plugins/com.st.stm32cube.ide.mcu.externaltools.gnu-tools-for-stm32.14.3.rel1.macosaarch64_1.0.0.202602081740/tools/bin/../lib/gcc/arm-none-eabi/14.3.1/../../../../arm-none-eabi/lib/thumb/v7e-m+fp/hard/libc_nano.a(libc_a-strtol.o)
                0x08006d48                strtol
 .text.memset   0x08006d5c       0x10 /Applications/STM32CubeIDE.app/Contents/Eclipse/plugins/com.st.stm32cube.ide.mcu.externaltools.gnu-tools-for-stm32.14.3.rel1.macosaarch64_1.0.0.202602081740/tools/bin/../lib/gcc/arm-none-eabi/14.3.1/../../../../arm-none-eabi/lib/thumb/v7e-m+fp/hard/libc_nano.a(libc_a-memset.o)
                0x08006d5c                memset
 .text.strncmp  0x08006d6c       0x24 /Applications/STM32CubeIDE.app/Contents/Eclipse/plugins/com.st.stm32cube.ide.mcu.externaltools.gnu-tools-for-stm32.14.3.rel1.macosaarch64_1.0.0.202602081740/tools/bin/../lib/gcc/arm-none-eabi/14.3.1/../../../../arm-none-eabi/lib/thumb/v7e-m+fp/hard/libc_nano.a(libc_a-strncmp.o)
                0x08006d6c                strncmp
 .text.__errno  0x08006d90        0xc /Applications/STM32CubeIDE.app/Contents/Eclipse/plugins/com.st.stm32cube.ide.mcu.externaltools.gnu-tools-for-stm32.14.3.rel1.macosaarch64_1.0.0.202602081740/tools/bin/../lib/gcc/arm-none-eabi/14.3.1/../../../../arm-none-eabi/lib/thumb/v7e-m+fp/hard/libc_nano.a(libc_a-errno.o)
                0x08006d90                __errno
 .text.__libc_init_array
                0x08006d9c       0x48 /Applications/STM32CubeIDE.app/Contents/Eclipse/plugins/com.st.stm32cube.ide.mcu.externaltools.gnu-tools-for-stm32.14.3.rel1.macosaarch64_1.0.0.202602081740/tools/bin/../lib/gcc/arm-none-eabi/14.3.1/../../../../arm-none-eabi/lib/thumb/v7e-m+fp/hard/libc_nano.a(libc_a-init.o)
                0x08006d9c                __libc_init_array
 .text.__retarget_lock_acquire_recursive
                0x08006de4        0x2 /Applications/STM32CubeIDE.app/Contents/Eclipse/plugins/com.st.stm32cube.ide.mcu.externaltools.gnu-tools-for-stm32.14.3.rel1.macosaarch64_1.0.0.202602081740/tools/bin/../lib/gcc/arm-none-eabi/14.3.1/../../../../arm-none-eabi/lib/thumb/v7e-m+fp/hard/libc_nano.a(libc_a-lock.o)
                0x08006de4                __retarget_lock_acquire_recursive
 .text.__retarget_lock_release_recursive
                0x08006de6        0x2 /Applications/STM32CubeIDE.app/Contents/Eclipse/plugins/com.st.stm32cube.ide.mcu.externaltools.gnu-tools-for-stm32.14.3.rel1.macosaarch64_1.0.0.202602081740/tools/bin/../lib/gcc/arm-none-eabi/14.3.1/../../../../arm-none-eabi/lib/thumb/v7e-m+fp/hard/libc_nano.a(libc_a-lock.o)
                0x08006de6                __retarget_lock_release_recursive
 .text.__ssputs_r
                0x08006de8       0xc0 /Applications/STM32CubeIDE.app/Contents/Eclipse/plugins/com.st.stm32cube.ide.mcu.externaltools.gnu-tools-for-stm32.14.3.rel1.macosaarch64_1.0.0.202602081740/tools/bin/../lib/gcc/arm-none-eabi/14.3.1/../../../../arm-none-eabi/lib/thumb/v7e-m+fp/hard/libc_nano.a(libc_a-nano-svfprintf.o)
                0x08006de8                __ssputs_r
 .text._svfprintf_r
                0x08006ea8      0x1f0 /Applications/STM32CubeIDE.app/Contents/Eclipse/plugins/com.st.stm32cube.ide.mcu.externaltools.gnu-tools-for-stm32.14.3.rel1.macosaarch64_1.0.0.202602081740/tools/bin/../lib/gcc/arm-none-eabi/14.3.1/../../../../arm-none-eabi/lib/thumb/v7e-m+fp/hard/libc_nano.a(libc_a-nano-svfprintf.o)
                0x08006ea8                _svfprintf_r
                0x08006ea8                _svfiprintf_r
 .text.sbrk_aligned
                0x08007098       0x44 /Applications/STM32CubeIDE.app/Contents/Eclipse/plugins/com.st.stm32cube.ide.mcu.externaltools.gnu-tools-for-stm32.14.3.rel1.macosaarch64_1.0.0.202602081740/tools/bin/../lib/gcc/arm-none-eabi/14.3.1/../../../../arm-none-eabi/lib/thumb/v7e-m+fp/hard/libc_nano.a(libc_a-mallocr.o)
 .text._malloc_r
                0x080070dc      0x100 /Applications/STM32CubeIDE.app/Contents/Eclipse/plugins/com.st.stm32cube.ide.mcu.externaltools.gnu-tools-for-stm32.14.3.rel1.macosaarch64_1.0.0.202602081740/tools/bin/../lib/gcc/arm-none-eabi/14.3.1/../../../../arm-none-eabi/lib/thumb/v7e-m+fp/hard/libc_nano.a(libc_a-mallocr.o)
                0x080070dc                _malloc_r
 .text._printf_common
                0x080071dc       0xda /Applications/STM32CubeIDE.app/Contents/Eclipse/plugins/com.st.stm32cube.ide.mcu.externaltools.gnu-tools-for-stm32.14.3.rel1.macosaarch64_1.0.0.202602081740/tools/bin/../lib/gcc/arm-none-eabi/14.3.1/../../../../arm-none-eabi/lib/thumb/v7e-m+fp/hard/libc_nano.a(libc_a-nano-vfprintf_i.o)
                0x080071dc                _printf_common
 *fill*         0x080072b6        0x2 
 .text._printf_i
                0x080072b8      0x24c /Applications/STM32CubeIDE.app/Contents/Eclipse/plugins/com.st.stm32cube.ide.mcu.externaltools.gnu-tools-for-stm32.14.3.rel1.macosaarch64_1.0.0.202602081740/tools/bin/../lib/gcc/arm-none-eabi/14.3.1/../../../../arm-none-eabi/lib/thumb/v7e-m+fp/hard/libc_nano.a(libc_a-nano-vfprintf_i.o)
                0x080072b8                _printf_i
 .text.__malloc_lock
                0x08007504        0xc /Applications/STM32CubeIDE.app/Contents/Eclipse/plugins/com.st.stm32cube.ide.mcu.externaltools.gnu-tools-for-stm32.14.3.rel1.macosaarch64_1.0.0.202602081740/tools/bin/../lib/gcc/arm-none-eabi/14.3.1/../../../../arm-none-eabi/lib/thumb/v7e-m+fp/hard/libc_nano.a(libc_a-mlock.o)
                0x08007504                __malloc_lock
 .text.__malloc_unlock
                0x08007510        0xc /Applications/STM32CubeIDE.app/Contents/Eclipse/plugins/com.st.stm32cube.ide.mcu.externaltools.gnu-tools-for-stm32.14.3.rel1.macosaarch64_1.0.0.202602081740/tools/bin/../lib/gcc/arm-none-eabi/14.3.1/../../../../arm-none-eabi/lib/thumb/v7e-m+fp/hard/libc_nano.a(libc_a-mlock.o)
                0x08007510                __malloc_unlock
 .text._realloc_r
                0x0800751c       0x5c /Applications/STM32CubeIDE.app/Contents/Eclipse/plugins/com.st.stm32cube.ide.mcu.externaltools.gnu-tools-for-stm32.14.3.rel1.macosaarch64_1.0.0.202602081740/tools/bin/../lib/gcc/arm-none-eabi/14.3.1/../../../../arm-none-eabi/lib/thumb/v7e-m+fp/hard/libc_nano.a(libc_a-reallocr.o)
                0x0800751c                _realloc_r
 .text.memmove  0x08007578       0x32 /Applications/STM32CubeIDE.app/Contents/Eclipse/plugins/com.st.stm32cube.ide.mcu.externaltools.gnu-tools-for-stm32.14.3.rel1.macosaarch64_1.0.0.202602081740/tools/bin/../lib/gcc/arm-none-eabi/14.3.1/../../../../arm-none-eabi/lib/thumb/v7e-m+fp/hard/libc_nano.a(libc_a-memmove.o)
                0x08007578                memmove
 *fill*         0x080075aa        0x2 
 .text._sbrk_r  0x080075ac       0x20 /Applications/STM32CubeIDE.app/Contents/Eclipse/plugins/com.st.stm32cube.ide.mcu.externaltools.gnu-tools-for-stm32.14.3.rel1.macosaarch64_1.0.0.202602081740/tools/bin/../lib/gcc/arm-none-eabi/14.3.1/../../../../arm-none-eabi/lib/thumb/v7e-m+fp/hard/libc_nano.a(libc_a-sbrkr.o)
                0x080075ac                _sbrk_r
 .text.memcpy   0x080075cc       0x1c /Applications/STM32CubeIDE.app/Contents/Eclipse/plugins/com.st.stm32cube.ide.mcu.externaltools.gnu-tools-for-stm32.14.3.rel1.macosaarch64_1.0.0.202602081740/tools/bin/../lib/gcc/arm-none-eabi/14.3.1/../../../../arm-none-eabi/lib/thumb/v7e-m+fp/hard/libc_nano.a(libc_a-memcpy-stub.o)
                0x080075cc                memcpy
 .text._free_r  0x080075e8       0x94 /Applications/STM32CubeIDE.app/Contents/Eclipse/plugins/com.st.stm32cube.ide.mcu.externaltools.gnu-tools-for-stm32.14.3.rel1.macosaarch64_1.0.0.202602081740/tools/bin/../lib/gcc/arm-none-eabi/14.3.1/../../../../arm-none-eabi/lib/thumb/v7e-m+fp/hard/libc_nano.a(libc_a-freer.o)
                0x080075e8                _free_r
 .text._malloc_usable_size_r
                0x0800767c       0x10 /Applications/STM32CubeIDE.app/Contents/Eclipse/plugins/com.st.stm32cube.ide.mcu.externaltools.gnu-tools-for-stm32.14.3.rel1.macosaarch64_1.0.0.202602081740/tools/bin/../lib/gcc/arm-none-eabi/14.3.1/../../../../arm-none-eabi/lib/thumb/v7e-m+fp/hard/libc_nano.a(libc_a-msizer.o)
                0x0800767c                _malloc_usable_size_r
 *(.glue_7)
 .glue_7        0x0800768c        0x0 linker stubs
 *(.glue_7t)
 .glue_7t       0x0800768c        0x0 linker stubs
 *(.eh_frame)
 .eh_frame      0x0800768c        0x0 /Applications/STM32CubeIDE.app/Contents/Eclipse/plugins/com.st.stm32cube.ide.mcu.externaltools.gnu-tools-for-stm32.14.3.rel1.macosaarch64_1.0.0.202602081740/tools/bin/../lib/gcc/arm-none-eabi/14.3.1/thumb/v7e-m+fp/hard/crtbegin.o
 *(.init)
 .init          0x0800768c        0x4 /Applications/STM32CubeIDE.app/Contents/Eclipse/plugins/com.st.stm32cube.ide.mcu.externaltools.gnu-tools-for-stm32.14.3.rel1.macosaarch64_1.0.0.202602081740/tools/bin/../lib/gcc/arm-none-eabi/14.3.1/thumb/v7e-m+fp/hard/crti.o
                0x0800768c                _init
 .init          0x08007690        0x8 /Applications/STM32CubeIDE.app/Contents/Eclipse/plugins/com.st.stm32cube.ide.mcu.externaltools.gnu-tools-for-stm32.14.3.rel1.macosaarch64_1.0.0.202602081740/tools/bin/../lib/gcc/arm-none-eabi/14.3.1/thumb/v7e-m+fp/hard/crtn.o
 *(.fini)
 .fini          0x08007698        0x4 /Applications/STM32CubeIDE.app/Contents/Eclipse/plugins/com.st.stm32cube.ide.mcu.externaltools.gnu-tools-for-stm32.14.3.rel1.macosaarch64_1.0.0.202602081740/tools/bin/../lib/gcc/arm-none-eabi/14.3.1/thumb/v7e-m+fp/hard/crti.o
                0x08007698                _fini
 .fini          0x0800769c        0x8 /Applications/STM32CubeIDE.app/Contents/Eclipse/plugins/com.st.stm32cube.ide.mcu.externaltools.gnu-tools-for-stm32.14.3.rel1.macosaarch64_1.0.0.202602081740/tools/bin/../lib/gcc/arm-none-eabi/14.3.1/thumb/v7e-m+fp/hard/crtn.o
                0x080076a4                        . = ALIGN (0x4)
                0x080076a4                        _etext = .

.vfp11_veneer   0x080076a4        0x0
 .vfp11_veneer  0x080076a4        0x0 linker stubs

.v4_bx          0x080076a4        0x0
 .v4_bx         0x080076a4        0x0 linker stubs

.iplt           0x080076a4        0x0
 .iplt          0x080076a4        0x0 /Applications/STM32CubeIDE.app/Contents/Eclipse/plugins/com.st.stm32cube.ide.mcu.externaltools.gnu-tools-for-stm32.14.3.rel1.macosaarch64_1.0.0.202602081740/tools/bin/../lib/gcc/arm-none-eabi/14.3.1/thumb/v7e-m+fp/hard/crtbegin.o

.rodata         0x080076a4      0x238
                0x080076a4                        . = ALIGN (0x4)
 *(.rodata)
 .rodata        0x080076a4       0xeb ./Core/Src/main.o
 *(.rodata*)
 *fill*         0x0800778f        0x1 
 .rodata.AHBPrescTable
                0x08007790       0x10 ./Core/Src/system_stm32f4xx.o
                0x08007790                AHBPrescTable
 .rodata.APBPrescTable
                0x080077a0        0x8 ./Core/Src/system_stm32f4xx.o
                0x080077a0                APBPrescTable
 .rodata._ctype_
                0x080077a8      0x101 /Applications/STM32CubeIDE.app/Contents/Eclipse/plugins/com.st.stm32cube.ide.mcu.externaltools.gnu-tools-for-stm32.14.3.rel1.macosaarch64_1.0.0.202602081740/tools/bin/../lib/gcc/arm-none-eabi/14.3.1/../../../../arm-none-eabi/lib/thumb/v7e-m+fp/hard/libc_nano.a(libc_a-ctype_.o)
                0x080077a8                _ctype_
 .rodata._svfprintf_r.str1.1
                0x080078a9       0x33 /Applications/STM32CubeIDE.app/Contents/Eclipse/plugins/com.st.stm32cube.ide.mcu.externaltools.gnu-tools-for-stm32.14.3.rel1.macosaarch64_1.0.0.202602081740/tools/bin/../lib/gcc/arm-none-eabi/14.3.1/../../../../arm-none-eabi/lib/thumb/v7e-m+fp/hard/libc_nano.a(libc_a-nano-svfprintf.o)
                                 0x11 (size before relaxing)
 .rodata._printf_i.str1.1
                0x080078dc       0x22 /Applications/STM32CubeIDE.app/Contents/Eclipse/plugins/com.st.stm32cube.ide.mcu.externaltools.gnu-tools-for-stm32.14.3.rel1.macosaarch64_1.0.0.202602081740/tools/bin/../lib/gcc/arm-none-eabi/14.3.1/../../../../arm-none-eabi/lib/thumb/v7e-m+fp/hard/libc_nano.a(libc_a-nano-vfprintf_i.o)
                0x08007900                        . = ALIGN (0x4)

.ARM.extab      0x080078dc        0x0
                0x080078dc                        . = ALIGN (0x4)
 *(.ARM.extab* .gnu.linkonce.armextab.*)
                0x080078dc                        . = ALIGN (0x4)

.ARM            0x080078dc        0x8
                0x080078dc                        . = ALIGN (0x4)
                0x080078dc                        __exidx_start = .
 *(.ARM.exidx*)
 .ARM.exidx     0x080078dc        0x8 /Applications/STM32CubeIDE.app/Contents/Eclipse/plugins/com.st.stm32cube.ide.mcu.externaltools.gnu-tools-for-stm32.14.3.rel1.macosaarch64_1.0.0.202602081740/tools/bin/../lib/gcc/arm-none-eabi/14.3.1/../../../../arm-none-eabi/lib/thumb/v7e-m+fp/hard/libc_nano.a(libc_a-strcmp.o)
 .ARM.exidx     0x080078e4        0x0 /Applications/STM32CubeIDE.app/Contents/Eclipse/plugins/com.st.stm32cube.ide.mcu.externaltools.gnu-tools-for-stm32.14.3.rel1.macosaarch64_1.0.0.202602081740/tools/bin/../lib/gcc/arm-none-eabi/14.3.1/../../../../arm-none-eabi/lib/thumb/v7e-m+fp/hard/libc_nano.a(libc_a-memchr.o)
                                  0x8 (size before relaxing)
 .ARM.exidx     0x080078e4        0x0 /Applications/STM32CubeIDE.app/Contents/Eclipse/plugins/com.st.stm32cube.ide.mcu.externaltools.gnu-tools-for-stm32.14.3.rel1.macosaarch64_1.0.0.202602081740/tools/bin/../lib/gcc/arm-none-eabi/14.3.1/thumb/v7e-m+fp/hard/libgcc.a(_udivmoddi4.o)
                                  0x8 (size before relaxing)
                0x080078e4                        __exidx_end = .
                0x080078e4                        . = ALIGN (0x4)

.preinit_array  0x080078e4        0x0
                0x080078e4                        . = ALIGN (0x4)
                0x080078e4                        PROVIDE (__preinit_array_start = .)
 *(.preinit_array*)
                0x080078e4                        PROVIDE (__preinit_array_end = .)
                0x080078e4                        . = ALIGN (0x4)

.init_array     0x080078e4        0x4
                0x080078e4                        . = ALIGN (0x4)
                0x080078e4                        PROVIDE (__init_array_start = .)
 *(SORT_BY_NAME(.init_array.*))
 *(.init_array*)
 .init_array    0x080078e4        0x4 /Applications/STM32CubeIDE.app/Contents/Eclipse/plugins/com.st.stm32cube.ide.mcu.externaltools.gnu-tools-for-stm32.14.3.rel1.macosaarch64_1.0.0.202602081740/tools/bin/../lib/gcc/arm-none-eabi/14.3.1/thumb/v7e-m+fp/hard/crtbegin.o
                0x080078e8                        PROVIDE (__init_array_end = .)
                0x080078e8                        . = ALIGN (0x4)

.fini_array     0x080078e8        0x4
                0x080078e8                        . = ALIGN (0x4)
                [!provide]                        PROVIDE (__fini_array_start = .)
 *(SORT_BY_NAME(.fini_array.*))
 *(.fini_array*)
 .fini_array    0x080078e8        0x4 /Applications/STM32CubeIDE.app/Contents/Eclipse/plugins/com.st.stm32cube.ide.mcu.externaltools.gnu-tools-for-stm32.14.3.rel1.macosaarch64_1.0.0.202602081740/tools/bin/../lib/gcc/arm-none-eabi/14.3.1/thumb/v7e-m+fp/hard/crtbegin.o
                [!provide]                        PROVIDE (__fini_array_end = .)
                0x080078ec                        . = ALIGN (0x4)
                0x080078ec                        _sidata = LOADADDR (.data)

.rel.dyn        0x080078ec        0x0
 .rel.iplt      0x080078ec        0x0 /Applications/STM32CubeIDE.app/Contents/Eclipse/plugins/com.st.stm32cube.ide.mcu.externaltools.gnu-tools-for-stm32.14.3.rel1.macosaarch64_1.0.0.202602081740/tools/bin/../lib/gcc/arm-none-eabi/14.3.1/thumb/v7e-m+fp/hard/crtbegin.o

.data           0x20000000      0x1c8 load address 0x080078ec
                0x20000000                        . = ALIGN (0x4)
                0x20000000                        _sdata = .
 *(.data)
 *(.data*)
 .data.pong     0x20000000        0x7 ./Core/Src/main.o
                0x20000000                pong
 *fill*         0x20000007        0x1 
 .data.err_unknown
                0x20000008        0xe ./Core/Src/main.o
                0x20000008                err_unknown
 *fill*         0x20000016        0x2 
 .data.ack_f    0x20000018        0x8 ./Core/Src/main.o
                0x20000018                ack_f
 .data.ack_b    0x20000020        0x8 ./Core/Src/main.o
                0x20000020                ack_b
 .data.ack_s    0x20000028        0x8 ./Core/Src/main.o
                0x20000028                ack_s
 .data.err_range
                0x20000030        0xc ./Core/Src/main.o
                0x20000030                err_range
 .data.ack_fw   0x2000003c        0x9 ./Core/Src/main.o
                0x2000003c                ack_fw
 *fill*         0x20000045        0x3 
 .data.ack_bw   0x20000048        0x9 ./Core/Src/main.o
                0x20000048                ack_bw
 *fill*         0x20000051        0x3 
 .data.ack_fs   0x20000054        0x9 ./Core/Src/main.o
                0x20000054                ack_fs
 *fill*         0x2000005d        0x3 
 .data.ack_bs   0x20000060        0x9 ./Core/Src/main.o
                0x20000060                ack_bs
 *fill*         0x20000069        0x3 
 .data.ack_pl   0x2000006c        0x9 ./Core/Src/main.o
                0x2000006c                ack_pl
 *fill*         0x20000075        0x3 
 .data.ack_pr   0x20000078        0x9 ./Core/Src/main.o
                0x20000078                ack_pr
 *fill*         0x20000081        0x3 
 .data.ack_tl   0x20000084        0x9 ./Core/Src/main.o
                0x20000084                ack_tl
 *fill*         0x2000008d        0x3 
 .data.ack_tr   0x20000090        0x9 ./Core/Src/main.o
                0x20000090                ack_tr
 *fill*         0x20000099        0x3 
 .data.ack_bl   0x2000009c        0x9 ./Core/Src/main.o
                0x2000009c                ack_bl
 *fill*         0x200000a5        0x3 
 .data.ack_br   0x200000a8        0x9 ./Core/Src/main.o
                0x200000a8                ack_br
 *fill*         0x200000b1        0x3 
 .data.done_fw  0x200000b4        0xa ./Core/Src/main.o
                0x200000b4                done_fw
 *fill*         0x200000be        0x2 
 .data.done_bw  0x200000c0        0xa ./Core/Src/main.o
                0x200000c0                done_bw
 *fill*         0x200000ca        0x2 
 .data.done_fs  0x200000cc        0xa ./Core/Src/main.o
                0x200000cc                done_fs
 *fill*         0x200000d6        0x2 
 .data.done_bs  0x200000d8        0xa ./Core/Src/main.o
                0x200000d8                done_bs
 *fill*         0x200000e2        0x2 
 .data.done_pl  0x200000e4        0xa ./Core/Src/main.o
                0x200000e4                done_pl
 *fill*         0x200000ee        0x2 
 .data.done_pr  0x200000f0        0xa ./Core/Src/main.o
                0x200000f0                done_pr
 *fill*         0x200000fa        0x2 
 .data.done_tl  0x200000fc        0xa ./Core/Src/main.o
                0x200000fc                done_tl
 *fill*         0x20000106        0x2 
 .data.done_tr  0x20000108        0xa ./Core/Src/main.o
                0x20000108                done_tr
 *fill*         0x20000112        0x2 
 .data.done_bl  0x20000114        0xa ./Core/Src/main.o
                0x20000114                done_bl
 *fill*         0x2000011e        0x2 
 .data.done_br  0x20000120        0xa ./Core/Src/main.o
                0x20000120                done_br
 *fill*         0x2000012a        0x2 
 .data.servo_pulse_us
                0x2000012c        0x4 ./Core/Src/main.o
                0x2000012c                servo_pulse_us
 .data.ack_sc   0x20000130        0x9 ./Core/Src/main.o
                0x20000130                ack_sc
 *fill*         0x20000139        0x3 
 .data.ack_sl   0x2000013c        0x9 ./Core/Src/main.o
                0x2000013c                ack_sl
 *fill*         0x20000145        0x3 
 .data.ack_sr   0x20000148        0x9 ./Core/Src/main.o
                0x20000148                ack_sr
 *fill*         0x20000151        0x3 
 .data.ack_ll   0x20000154        0x9 ./Core/Src/main.o
                0x20000154                ack_ll
 *fill*         0x2000015d        0x3 
 .data.ack_rr   0x20000160        0x9 ./Core/Src/main.o
                0x20000160                ack_rr
 *fill*         0x20000169        0x3 
 .data.SystemCoreClock
                0x2000016c        0x4 ./Core/Src/system_stm32f4xx.o
                0x2000016c                SystemCoreClock
 .data.uwTickPrio
                0x20000170        0x4 ./Drivers/STM32F4xx_HAL_Driver/Src/stm32f4xx_hal.o
                0x20000170                uwTickPrio
 .data.uwTickFreq
                0x20000174        0x1 ./Drivers/STM32F4xx_HAL_Driver/Src/stm32f4xx_hal.o
                0x20000174                uwTickFreq
 *fill*         0x20000175        0x3 
 .data._impure_ptr
                0x20000178        0x4 /Applications/STM32CubeIDE.app/Contents/Eclipse/plugins/com.st.stm32cube.ide.mcu.externaltools.gnu-tools-for-stm32.14.3.rel1.macosaarch64_1.0.0.202602081740/tools/bin/../lib/gcc/arm-none-eabi/14.3.1/../../../../arm-none-eabi/lib/thumb/v7e-m+fp/hard/libc_nano.a(libc_a-impure.o)
                0x20000178                _impure_ptr
 .data._impure_data
                0x2000017c       0x4c /Applications/STM32CubeIDE.app/Contents/Eclipse/plugins/com.st.stm32cube.ide.mcu.externaltools.gnu-tools-for-stm32.14.3.rel1.macosaarch64_1.0.0.202602081740/tools/bin/../lib/gcc/arm-none-eabi/14.3.1/../../../../arm-none-eabi/lib/thumb/v7e-m+fp/hard/libc_nano.a(libc_a-impure.o)
                0x2000017c                _impure_data
 *(.RamFunc)
 *(.RamFunc*)
                0x200001c8                        . = ALIGN (0x4)
                0x200001c8                        _edata = .
                0x08007ab4                        _siccmram = LOADADDR (.ccmram)

.igot.plt       0x200001c8        0x0 load address 0x08007ab4
 .igot.plt      0x200001c8        0x0 /Applications/STM32CubeIDE.app/Contents/Eclipse/plugins/com.st.stm32cube.ide.mcu.externaltools.gnu-tools-for-stm32.14.3.rel1.macosaarch64_1.0.0.202602081740/tools/bin/../lib/gcc/arm-none-eabi/14.3.1/thumb/v7e-m+fp/hard/crtbegin.o

.ccmram         0x10000000        0x0 load address 0x08007ab4
                0x10000000                        . = ALIGN (0x4)
                0x10000000                        _sccmram = .
 *(.ccmram)
 *(.ccmram*)
                0x10000000                        . = ALIGN (0x4)
                0x10000000                        _eccmram = .
                0x10000000                        . = ALIGN (0x4)

.bss            0x200001c8      0x3ac
                0x200001c8                        _sbss = .
                0x200001c8                        __bss_start__ = _sbss
 *(.bss)
 .bss           0x200001c8       0x1c /Applications/STM32CubeIDE.app/Contents/Eclipse/plugins/com.st.stm32cube.ide.mcu.externaltools.gnu-tools-for-stm32.14.3.rel1.macosaarch64_1.0.0.202602081740/tools/bin/../lib/gcc/arm-none-eabi/14.3.1/thumb/v7e-m+fp/hard/crtbegin.o
 *(.bss*)
 .bss.htim2     0x200001e4       0x48 ./Core/Src/main.o
                0x200001e4                htim2
 .bss.htim3     0x2000022c       0x48 ./Core/Src/main.o
                0x2000022c                htim3
 .bss.htim4     0x20000274       0x48 ./Core/Src/main.o
                0x20000274                htim4
 .bss.htim9     0x200002bc       0x48 ./Core/Src/main.o
                0x200002bc                htim9
 .bss.htim12    0x20000304       0x48 ./Core/Src/main.o
                0x20000304                htim12
 .bss.hi2c2     0x2000034c       0x54 ./Core/Src/main.o
                0x2000034c                hi2c2
 .bss.huart3    0x200003a0       0x48 ./Core/Src/main.o
                0x200003a0                huart3
 .bss.rx_byte   0x200003e8        0x1 ./Core/Src/main.o
                0x200003e8                rx_byte
 *fill*         0x200003e9        0x3 
 .bss.rx_buf    0x200003ec       0x20 ./Core/Src/main.o
                0x200003ec                rx_buf
 .bss.rx_index  0x2000040c        0x1 ./Core/Src/main.o
                0x2000040c                rx_index
 .bss.pending_move
                0x2000040d        0x1 ./Core/Src/main.o
                0x2000040d                pending_move
 .bss.pending_arc
                0x2000040e        0x1 ./Core/Src/main.o
                0x2000040e                pending_arc
 *fill*         0x2000040f        0x1 
 .bss.pending_arc_deg
                0x20000410        0x2 ./Core/Src/main.o
                0x20000410                pending_arc_deg
 .bss.pending_fw_cm
                0x20000412        0x2 ./Core/Src/main.o
                0x20000412                pending_fw_cm
 .bss.pending_bw_cm
                0x20000414        0x2 ./Core/Src/main.o
                0x20000414                pending_bw_cm
 .bss.pending_fs_cm
                0x20000416        0x2 ./Core/Src/main.o
                0x20000416                pending_fs_cm
 .bss.pending_bs_cm
                0x20000418        0x2 ./Core/Src/main.o
                0x20000418                pending_bs_cm
 .bss.pending_pivot
                0x2000041a        0x1 ./Core/Src/main.o
                0x2000041a                pending_pivot
 *fill*         0x2000041b        0x1 
 .bss.pending_pivot_deg
                0x2000041c        0x2 ./Core/Src/main.o
                0x2000041c                pending_pivot_deg
 .bss.pending_imu
                0x2000041e        0x1 ./Core/Src/main.o
                0x2000041e                pending_imu
 .bss.pending_gyro
                0x2000041f        0x1 ./Core/Src/main.o
                0x2000041f                pending_gyro
 .bss.drive_abort
                0x20000420        0x1 ./Core/Src/main.o
                0x20000420                drive_abort
 .bss.icm_ready.0
                0x20000421        0x1 ./Core/Src/main.o
 *fill*         0x20000422        0x2 
 .bss.__sbrk_heap_end
                0x20000424        0x4 ./Core/Src/sysmem.o
 .bss.uwTick    0x20000428        0x4 ./Drivers/STM32F4xx_HAL_Driver/Src/stm32f4xx_hal.o
                0x20000428                uwTick
 .bss.__sf      0x2000042c      0x138 /Applications/STM32CubeIDE.app/Contents/Eclipse/plugins/com.st.stm32cube.ide.mcu.externaltools.gnu-tools-for-stm32.14.3.rel1.macosaarch64_1.0.0.202602081740/tools/bin/../lib/gcc/arm-none-eabi/14.3.1/../../../../arm-none-eabi/lib/thumb/v7e-m+fp/hard/libc_nano.a(libc_a-findfp.o)
                0x2000042c                __sf
 .bss.__lock___malloc_recursive_mutex
                0x20000564        0x1 /Applications/STM32CubeIDE.app/Contents/Eclipse/plugins/com.st.stm32cube.ide.mcu.externaltools.gnu-tools-for-stm32.14.3.rel1.macosaarch64_1.0.0.202602081740/tools/bin/../lib/gcc/arm-none-eabi/14.3.1/../../../../arm-none-eabi/lib/thumb/v7e-m+fp/hard/libc_nano.a(libc_a-lock.o)
                0x20000564                __lock___malloc_recursive_mutex
 *fill*         0x20000565        0x3 
 .bss.__malloc_sbrk_start
                0x20000568        0x4 /Applications/STM32CubeIDE.app/Contents/Eclipse/plugins/com.st.stm32cube.ide.mcu.externaltools.gnu-tools-for-stm32.14.3.rel1.macosaarch64_1.0.0.202602081740/tools/bin/../lib/gcc/arm-none-eabi/14.3.1/../../../../arm-none-eabi/lib/thumb/v7e-m+fp/hard/libc_nano.a(libc_a-mallocr.o)
                0x20000568                __malloc_sbrk_start
 .bss.__malloc_free_list
                0x2000056c        0x4 /Applications/STM32CubeIDE.app/Contents/Eclipse/plugins/com.st.stm32cube.ide.mcu.externaltools.gnu-tools-for-stm32.14.3.rel1.macosaarch64_1.0.0.202602081740/tools/bin/../lib/gcc/arm-none-eabi/14.3.1/../../../../arm-none-eabi/lib/thumb/v7e-m+fp/hard/libc_nano.a(libc_a-mallocr.o)
                0x2000056c                __malloc_free_list
 .bss.errno     0x20000570        0x4 /Applications/STM32CubeIDE.app/Contents/Eclipse/plugins/com.st.stm32cube.ide.mcu.externaltools.gnu-tools-for-stm32.14.3.rel1.macosaarch64_1.0.0.202602081740/tools/bin/../lib/gcc/arm-none-eabi/14.3.1/../../../../arm-none-eabi/lib/thumb/v7e-m+fp/hard/libc_nano.a(libc_a-reent.o)
                0x20000570                errno
 *(COMMON)
                0x20000574                        . = ALIGN (0x4)
                0x20000574                        _ebss = .
                0x20000574                        __bss_end__ = _ebss

._user_heap_stack
                0x20000574      0x604
                0x20000578                        . = ALIGN (0x8)
 *fill*         0x20000574        0x4 
                [!provide]                        PROVIDE (end = .)
                0x20000578                        PROVIDE (_end = .)
                0x20000778                        . = (. + _Min_Heap_Size)
 *fill*         0x20000578      0x200 
                0x20000b78                        . = (. + _Min_Stack_Size)
 *fill*         0x20000778      0x400 
                0x20000b78                        . = ALIGN (0x8)

/DISCARD/
 libc.a(*)
 libm.a(*)
 libgcc.a(*)

.ARM.attributes
                0x00000000       0x30
 *(.ARM.attributes)
 .ARM.attributes
                0x00000000       0x22 /Applications/STM32CubeIDE.app/Contents/Eclipse/plugins/com.st.stm32cube.ide.mcu.externaltools.gnu-tools-for-stm32.14.3.rel1.macosaarch64_1.0.0.202602081740/tools/bin/../lib/gcc/arm-none-eabi/14.3.1/thumb/v7e-m+fp/hard/crti.o
 .ARM.attributes
                0x00000022       0x34 /Applications/STM32CubeIDE.app/Contents/Eclipse/plugins/com.st.stm32cube.ide.mcu.externaltools.gnu-tools-for-stm32.14.3.rel1.macosaarch64_1.0.0.202602081740/tools/bin/../lib/gcc/arm-none-eabi/14.3.1/thumb/v7e-m+fp/hard/crtbegin.o
 .ARM.attributes
                0x00000056       0x34 ./Core/Src/main.o
 .ARM.attributes
                0x0000008a       0x34 ./Core/Src/stm32f4xx_hal_msp.o
 .ARM.attributes
                0x000000be       0x34 ./Core/Src/stm32f4xx_it.o
 .ARM.attributes
                0x000000f2       0x34 ./Core/Src/sysmem.o
 .ARM.attributes
                0x00000126       0x34 ./Core/Src/system_stm32f4xx.o
 .ARM.attributes
                0x0000015a       0x21 ./Core/Startup/startup_stm32f407vetx.o
 .ARM.attributes
                0x0000017b       0x34 ./Drivers/STM32F4xx_HAL_Driver/Src/stm32f4xx_hal.o
 .ARM.attributes
                0x000001af       0x34 ./Drivers/STM32F4xx_HAL_Driver/Src/stm32f4xx_hal_cortex.o
 .ARM.attributes
                0x000001e3       0x34 ./Drivers/STM32F4xx_HAL_Driver/Src/stm32f4xx_hal_dma.o
 .ARM.attributes
                0x00000217       0x34 ./Drivers/STM32F4xx_HAL_Driver/Src/stm32f4xx_hal_gpio.o
 .ARM.attributes
                0x0000024b       0x34 ./Drivers/STM32F4xx_HAL_Driver/Src/stm32f4xx_hal_i2c.o
 .ARM.attributes
                0x0000027f       0x34 ./Drivers/STM32F4xx_HAL_Driver/Src/stm32f4xx_hal_rcc.o
 .ARM.attributes
                0x000002b3       0x34 ./Drivers/STM32F4xx_HAL_Driver/Src/stm32f4xx_hal_tim.o
 .ARM.attributes
                0x000002e7       0x34 ./Drivers/STM32F4xx_HAL_Driver/Src/stm32f4xx_hal_tim_ex.o
 .ARM.attributes
                0x0000031b       0x34 ./Drivers/STM32F4xx_HAL_Driver/Src/stm32f4xx_hal_uart.o
 .ARM.attributes
                0x0000034f       0x34 /Applications/STM32CubeIDE.app/Contents/Eclipse/plugins/com.st.stm32cube.ide.mcu.externaltools.gnu-tools-for-stm32.14.3.rel1.macosaarch64_1.0.0.202602081740/tools/bin/../lib/gcc/arm-none-eabi/14.3.1/../../../../arm-none-eabi/lib/thumb/v7e-m+fp/hard/libc_nano.a(libc_a-atoi.o)
 .ARM.attributes
                0x00000383       0x34 /Applications/STM32CubeIDE.app/Contents/Eclipse/plugins/com.st.stm32cube.ide.mcu.externaltools.gnu-tools-for-stm32.14.3.rel1.macosaarch64_1.0.0.202602081740/tools/bin/../lib/gcc/arm-none-eabi/14.3.1/../../../../arm-none-eabi/lib/thumb/v7e-m+fp/hard/libc_nano.a(libc_a-snprintf.o)
 .ARM.attributes
                0x000003b7       0x34 /Applications/STM32CubeIDE.app/Contents/Eclipse/plugins/com.st.stm32cube.ide.mcu.externaltools.gnu-tools-for-stm32.14.3.rel1.macosaarch64_1.0.0.202602081740/tools/bin/../lib/gcc/arm-none-eabi/14.3.1/../../../../arm-none-eabi/lib/thumb/v7e-m+fp/hard/libc_nano.a(libc_a-findfp.o)
 .ARM.attributes
                0x000003eb       0x34 /Applications/STM32CubeIDE.app/Contents/Eclipse/plugins/com.st.stm32cube.ide.mcu.externaltools.gnu-tools-for-stm32.14.3.rel1.macosaarch64_1.0.0.202602081740/tools/bin/../lib/gcc/arm-none-eabi/14.3.1/../../../../arm-none-eabi/lib/thumb/v7e-m+fp/hard/libc_nano.a(libc_a-strtol.o)
 .ARM.attributes
                0x0000041f       0x34 /Applications/STM32CubeIDE.app/Contents/Eclipse/plugins/com.st.stm32cube.ide.mcu.externaltools.gnu-tools-for-stm32.14.3.rel1.macosaarch64_1.0.0.202602081740/tools/bin/../lib/gcc/arm-none-eabi/14.3.1/../../../../arm-none-eabi/lib/thumb/v7e-m+fp/hard/libc_nano.a(libc_a-memset.o)
 .ARM.attributes
                0x00000453       0x34 /Applications/STM32CubeIDE.app/Contents/Eclipse/plugins/com.st.stm32cube.ide.mcu.externaltools.gnu-tools-for-stm32.14.3.rel1.macosaarch64_1.0.0.202602081740/tools/bin/../lib/gcc/arm-none-eabi/14.3.1/../../../../arm-none-eabi/lib/thumb/v7e-m+fp/hard/libc_nano.a(libc_a-strncmp.o)
 .ARM.attributes
                0x00000487       0x34 /Applications/STM32CubeIDE.app/Contents/Eclipse/plugins/com.st.stm32cube.ide.mcu.externaltools.gnu-tools-for-stm32.14.3.rel1.macosaarch64_1.0.0.202602081740/tools/bin/../lib/gcc/arm-none-eabi/14.3.1/../../../../arm-none-eabi/lib/thumb/v7e-m+fp/hard/libc_nano.a(libc_a-errno.o)
 .ARM.attributes
                0x000004bb       0x34 /Applications/STM32CubeIDE.app/Contents/Eclipse/plugins/com.st.stm32cube.ide.mcu.externaltools.gnu-tools-for-stm32.14.3.rel1.macosaarch64_1.0.0.202602081740/tools/bin/../lib/gcc/arm-none-eabi/14.3.1/../../../../arm-none-eabi/lib/thumb/v7e-m+fp/hard/libc_nano.a(libc_a-init.o)
 .ARM.attributes
                0x000004ef       0x34 /Applications/STM32CubeIDE.app/Contents/Eclipse/plugins/com.st.stm32cube.ide.mcu.externaltools.gnu-tools-for-stm32.14.3.rel1.macosaarch64_1.0.0.202602081740/tools/bin/../lib/gcc/arm-none-eabi/14.3.1/../../../../arm-none-eabi/lib/thumb/v7e-m+fp/hard/libc_nano.a(libc_a-lock.o)
 .ARM.attributes
                0x00000523       0x34 /Applications/STM32CubeIDE.app/Contents/Eclipse/plugins/com.st.stm32cube.ide.mcu.externaltools.gnu-tools-for-stm32.14.3.rel1.macosaarch64_1.0.0.202602081740/tools/bin/../lib/gcc/arm-none-eabi/14.3.1/../../../../arm-none-eabi/lib/thumb/v7e-m+fp/hard/libc_nano.a(libc_a-impure.o)
 .ARM.attributes
                0x00000557       0x20 /Applications/STM32CubeIDE.app/Contents/Eclipse/plugins/com.st.stm32cube.ide.mcu.externaltools.gnu-tools-for-stm32.14.3.rel1.macosaarch64_1.0.0.202602081740/tools/bin/../lib/gcc/arm-none-eabi/14.3.1/../../../../arm-none-eabi/lib/thumb/v7e-m+fp/hard/libc_nano.a(libc_a-strcmp.o)
 .ARM.attributes
                0x00000577       0x34 /Applications/STM32CubeIDE.app/Contents/Eclipse/plugins/com.st.stm32cube.ide.mcu.externaltools.gnu-tools-for-stm32.14.3.rel1.macosaarch64_1.0.0.202602081740/tools/bin/../lib/gcc/arm-none-eabi/14.3.1/../../../../arm-none-eabi/lib/thumb/v7e-m+fp/hard/libc_nano.a(libc_a-ctype_.o)
 .ARM.attributes
                0x000005ab       0x34 /Applications/STM32CubeIDE.app/Contents/Eclipse/plugins/com.st.stm32cube.ide.mcu.externaltools.gnu-tools-for-stm32.14.3.rel1.macosaarch64_1.0.0.202602081740/tools/bin/../lib/gcc/arm-none-eabi/14.3.1/../../../../arm-none-eabi/lib/thumb/v7e-m+fp/hard/libc_nano.a(libc_a-nano-svfprintf.o)
 .ARM.attributes
                0x000005df       0x34 /Applications/STM32CubeIDE.app/Contents/Eclipse/plugins/com.st.stm32cube.ide.mcu.externaltools.gnu-tools-for-stm32.14.3.rel1.macosaarch64_1.0.0.202602081740/tools/bin/../lib/gcc/arm-none-eabi/14.3.1/../../../../arm-none-eabi/lib/thumb/v7e-m+fp/hard/libc_nano.a(libc_a-mallocr.o)
 .ARM.attributes
                0x00000613       0x34 /Applications/STM32CubeIDE.app/Contents/Eclipse/plugins/com.st.stm32cube.ide.mcu.externaltools.gnu-tools-for-stm32.14.3.rel1.macosaarch64_1.0.0.202602081740/tools/bin/../lib/gcc/arm-none-eabi/14.3.1/../../../../arm-none-eabi/lib/thumb/v7e-m+fp/hard/libc_nano.a(libc_a-nano-vfprintf_i.o)
 .ARM.attributes
                0x00000647       0x34 /Applications/STM32CubeIDE.app/Contents/Eclipse/plugins/com.st.stm32cube.ide.mcu.externaltools.gnu-tools-for-stm32.14.3.rel1.macosaarch64_1.0.0.202602081740/tools/bin/../lib/gcc/arm-none-eabi/14.3.1/../../../../arm-none-eabi/lib/thumb/v7e-m+fp/hard/libc_nano.a(libc_a-mlock.o)
 .ARM.attributes
                0x0000067b       0x34 /Applications/STM32CubeIDE.app/Contents/Eclipse/plugins/com.st.stm32cube.ide.mcu.externaltools.gnu-tools-for-stm32.14.3.rel1.macosaarch64_1.0.0.202602081740/tools/bin/../lib/gcc/arm-none-eabi/14.3.1/../../../../arm-none-eabi/lib/thumb/v7e-m+fp/hard/libc_nano.a(libc_a-reallocr.o)
 .ARM.attributes
                0x000006af       0x34 /Applications/STM32CubeIDE.app/Contents/Eclipse/plugins/com.st.stm32cube.ide.mcu.externaltools.gnu-tools-for-stm32.14.3.rel1.macosaarch64_1.0.0.202602081740/tools/bin/../lib/gcc/arm-none-eabi/14.3.1/../../../../arm-none-eabi/lib/thumb/v7e-m+fp/hard/libc_nano.a(libc_a-memmove.o)
 .ARM.attributes
                0x000006e3       0x34 /Applications/STM32CubeIDE.app/Contents/Eclipse/plugins/com.st.stm32cube.ide.mcu.externaltools.gnu-tools-for-stm32.14.3.rel1.macosaarch64_1.0.0.202602081740/tools/bin/../lib/gcc/arm-none-eabi/14.3.1/../../../../arm-none-eabi/lib/thumb/v7e-m+fp/hard/libc_nano.a(libc_a-sbrkr.o)
 .ARM.attributes
                0x00000717       0x34 /Applications/STM32CubeIDE.app/Contents/Eclipse/plugins/com.st.stm32cube.ide.mcu.externaltools.gnu-tools-for-stm32.14.3.rel1.macosaarch64_1.0.0.202602081740/tools/bin/../lib/gcc/arm-none-eabi/14.3.1/../../../../arm-none-eabi/lib/thumb/v7e-m+fp/hard/libc_nano.a(libc_a-reent.o)
 .ARM.attributes
                0x0000074b       0x1c /Applications/STM32CubeIDE.app/Contents/Eclipse/plugins/com.st.stm32cube.ide.mcu.externaltools.gnu-tools-for-stm32.14.3.rel1.macosaarch64_1.0.0.202602081740/tools/bin/../lib/gcc/arm-none-eabi/14.3.1/../../../../arm-none-eabi/lib/thumb/v7e-m+fp/hard/libc_nano.a(libc_a-memchr.o)
 .ARM.attributes
                0x00000767       0x34 /Applications/STM32CubeIDE.app/Contents/Eclipse/plugins/com.st.stm32cube.ide.mcu.externaltools.gnu-tools-for-stm32.14.3.rel1.macosaarch64_1.0.0.202602081740/tools/bin/../lib/gcc/arm-none-eabi/14.3.1/../../../../arm-none-eabi/lib/thumb/v7e-m+fp/hard/libc_nano.a(libc_a-memcpy-stub.o)
 .ARM.attributes
                0x0000079b       0x34 /Applications/STM32CubeIDE.app/Contents/Eclipse/plugins/com.st.stm32cube.ide.mcu.externaltools.gnu-tools-for-stm32.14.3.rel1.macosaarch64_1.0.0.202602081740/tools/bin/../lib/gcc/arm-none-eabi/14.3.1/../../../../arm-none-eabi/lib/thumb/v7e-m+fp/hard/libc_nano.a(libc_a-freer.o)
 .ARM.attributes
                0x000007cf       0x34 /Applications/STM32CubeIDE.app/Contents/Eclipse/plugins/com.st.stm32cube.ide.mcu.externaltools.gnu-tools-for-stm32.14.3.rel1.macosaarch64_1.0.0.202602081740/tools/bin/../lib/gcc/arm-none-eabi/14.3.1/../../../../arm-none-eabi/lib/thumb/v7e-m+fp/hard/libc_nano.a(libc_a-msizer.o)
 .ARM.attributes
                0x00000803       0x22 /Applications/STM32CubeIDE.app/Contents/Eclipse/plugins/com.st.stm32cube.ide.mcu.externaltools.gnu-tools-for-stm32.14.3.rel1.macosaarch64_1.0.0.202602081740/tools/bin/../lib/gcc/arm-none-eabi/14.3.1/thumb/v7e-m+fp/hard/libgcc.a(_aeabi_uldivmod.o)
 .ARM.attributes
                0x00000825       0x34 /Applications/STM32CubeIDE.app/Contents/Eclipse/plugins/com.st.stm32cube.ide.mcu.externaltools.gnu-tools-for-stm32.14.3.rel1.macosaarch64_1.0.0.202602081740/tools/bin/../lib/gcc/arm-none-eabi/14.3.1/thumb/v7e-m+fp/hard/libgcc.a(_udivmoddi4.o)
 .ARM.attributes
                0x00000859       0x22 /Applications/STM32CubeIDE.app/Contents/Eclipse/plugins/com.st.stm32cube.ide.mcu.externaltools.gnu-tools-for-stm32.14.3.rel1.macosaarch64_1.0.0.202602081740/tools/bin/../lib/gcc/arm-none-eabi/14.3.1/thumb/v7e-m+fp/hard/libgcc.a(_dvmd_tls.o)
 .ARM.attributes
                0x0000087b       0x22 /Applications/STM32CubeIDE.app/Contents/Eclipse/plugins/com.st.stm32cube.ide.mcu.externaltools.gnu-tools-for-stm32.14.3.rel1.macosaarch64_1.0.0.202602081740/tools/bin/../lib/gcc/arm-none-eabi/14.3.1/thumb/v7e-m+fp/hard/crtn.o
OUTPUT(MDPGrp11.elf elf32-littlearm)
LOAD linker stubs
LOAD /Applications/STM32CubeIDE.app/Contents/Eclipse/plugins/com.st.stm32cube.ide.mcu.externaltools.gnu-tools-for-stm32.14.3.rel1.macosaarch64_1.0.0.202602081740/tools/bin/../lib/gcc/arm-none-eabi/14.3.1/../../../../arm-none-eabi/lib/thumb/v7e-m+fp/hard/libc.a
LOAD /Applications/STM32CubeIDE.app/Contents/Eclipse/plugins/com.st.stm32cube.ide.mcu.externaltools.gnu-tools-for-stm32.14.3.rel1.macosaarch64_1.0.0.202602081740/tools/bin/../lib/gcc/arm-none-eabi/14.3.1/../../../../arm-none-eabi/lib/thumb/v7e-m+fp/hard/libm.a
LOAD /Applications/STM32CubeIDE.app/Contents/Eclipse/plugins/com.st.stm32cube.ide.mcu.externaltools.gnu-tools-for-stm32.14.3.rel1.macosaarch64_1.0.0.202602081740/tools/bin/../lib/gcc/arm-none-eabi/14.3.1/thumb/v7e-m+fp/hard/libgcc.a

.debug_info     0x00000000    0x107d2
 .debug_info    0x00000000     0x2613 ./Core/Src/main.o
 .debug_info    0x00002613     0x13c3 ./Core/Src/stm32f4xx_hal_msp.o
 .debug_info    0x000039d6      0x639 ./Core/Src/stm32f4xx_it.o
 .debug_info    0x0000400f      0x168 ./Core/Src/sysmem.o
 .debug_info    0x00004177      0x512 ./Core/Src/system_stm32f4xx.o
 .debug_info    0x00004689       0x30 ./Core/Startup/startup_stm32f407vetx.o
 .debug_info    0x000046b9      0x944 ./Drivers/STM32F4xx_HAL_Driver/Src/stm32f4xx_hal.o
 .debug_info    0x00004ffd      0xd8c ./Drivers/STM32F4xx_HAL_Driver/Src/stm32f4xx_hal_cortex.o
 .debug_info    0x00005d89      0x8e7 ./Drivers/STM32F4xx_HAL_Driver/Src/stm32f4xx_hal_dma.o
 .debug_info    0x00006670      0x6c3 ./Drivers/STM32F4xx_HAL_Driver/Src/stm32f4xx_hal_gpio.o
 .debug_info    0x00006d33     0x2415 ./Drivers/STM32F4xx_HAL_Driver/Src/stm32f4xx_hal_i2c.o
 .debug_info    0x00009148      0x8c3 ./Drivers/STM32F4xx_HAL_Driver/Src/stm32f4xx_hal_rcc.o
 .debug_info    0x00009a0b     0x299d ./Drivers/STM32F4xx_HAL_Driver/Src/stm32f4xx_hal_tim.o
 .debug_info    0x0000c3a8     0x14db ./Drivers/STM32F4xx_HAL_Driver/Src/stm32f4xx_hal_tim_ex.o
 .debug_info    0x0000d883     0x2f4f ./Drivers/STM32F4xx_HAL_Driver/Src/stm32f4xx_hal_uart.o

.debug_abbrev   0x00000000     0x1fae
 .debug_abbrev  0x00000000      0x32d ./Core/Src/main.o
 .debug_abbrev  0x0000032d      0x23c ./Core/Src/stm32f4xx_hal_msp.o
 .debug_abbrev  0x00000569      0x175 ./Core/Src/stm32f4xx_it.o
 .debug_abbrev  0x000006de       0xbc ./Core/Src/sysmem.o
 .debug_abbrev  0x0000079a      0x11a ./Core/Src/system_stm32f4xx.o
 .debug_abbrev  0x000008b4       0x24 ./Core/Startup/startup_stm32f407vetx.o
 .debug_abbrev  0x000008d8      0x214 ./Drivers/STM32F4xx_HAL_Driver/Src/stm32f4xx_hal.o
 .debug_abbrev  0x00000aec      0x31d ./Drivers/STM32F4xx_HAL_Driver/Src/stm32f4xx_hal_cortex.o
 .debug_abbrev  0x00000e09      0x264 ./Drivers/STM32F4xx_HAL_Driver/Src/stm32f4xx_hal_dma.o
 .debug_abbrev  0x0000106d      0x1d4 ./Drivers/STM32F4xx_HAL_Driver/Src/stm32f4xx_hal_gpio.o
 .debug_abbrev  0x00001241      0x2ad ./Drivers/STM32F4xx_HAL_Driver/Src/stm32f4xx_hal_i2c.o
 .debug_abbrev  0x000014ee      0x2b7 ./Drivers/STM32F4xx_HAL_Driver/Src/stm32f4xx_hal_rcc.o
 .debug_abbrev  0x000017a5      0x278 ./Drivers/STM32F4xx_HAL_Driver/Src/stm32f4xx_hal_tim.o
 .debug_abbrev  0x00001a1d      0x283 ./Drivers/STM32F4xx_HAL_Driver/Src/stm32f4xx_hal_tim_ex.o
 .debug_abbrev  0x00001ca0      0x30e ./Drivers/STM32F4xx_HAL_Driver/Src/stm32f4xx_hal_uart.o

.debug_aranges  0x00000000     0x1058
 .debug_aranges
                0x00000000      0x1a8 ./Core/Src/main.o
 .debug_aranges
                0x000001a8       0x60 ./Core/Src/stm32f4xx_hal_msp.o
 .debug_aranges
                0x00000208       0x68 ./Core/Src/stm32f4xx_it.o
 .debug_aranges
                0x00000270       0x20 ./Core/Src/sysmem.o
 .debug_aranges
                0x00000290       0x28 ./Core/Src/system_stm32f4xx.o
 .debug_aranges
                0x000002b8       0x28 ./Core/Startup/startup_stm32f407vetx.o
 .debug_aranges
                0x000002e0       0xf0 ./Drivers/STM32F4xx_HAL_Driver/Src/stm32f4xx_hal.o
 .debug_aranges
                0x000003d0      0x130 ./Drivers/STM32F4xx_HAL_Driver/Src/stm32f4xx_hal_cortex.o
 .debug_aranges
                0x00000500       0x90 ./Drivers/STM32F4xx_HAL_Driver/Src/stm32f4xx_hal_dma.o
 .debug_aranges
                0x00000590       0x58 ./Drivers/STM32F4xx_HAL_Driver/Src/stm32f4xx_hal_gpio.o
 .debug_aranges
                0x000005e8      0x2a8 ./Drivers/STM32F4xx_HAL_Driver/Src/stm32f4xx_hal_i2c.o
 .debug_aranges
                0x00000890       0x88 ./Drivers/STM32F4xx_HAL_Driver/Src/stm32f4xx_hal_rcc.o
 .debug_aranges
                0x00000918      0x3d0 ./Drivers/STM32F4xx_HAL_Driver/Src/stm32f4xx_hal_tim.o
 .debug_aranges
                0x00000ce8      0x168 ./Drivers/STM32F4xx_HAL_Driver/Src/stm32f4xx_hal_tim_ex.o
 .debug_aranges
                0x00000e50      0x208 ./Drivers/STM32F4xx_HAL_Driver/Src/stm32f4xx_hal_uart.o

.debug_rnglists
                0x00000000      0xd1b
 .debug_rnglists
                0x00000000      0x169 ./Core/Src/main.o
 .debug_rnglists
                0x00000169       0x48 ./Core/Src/stm32f4xx_hal_msp.o
 .debug_rnglists
                0x000001b1       0x49 ./Core/Src/stm32f4xx_it.o
 .debug_rnglists
                0x000001fa       0x13 ./Core/Src/sysmem.o
 .debug_rnglists
                0x0000020d       0x1a ./Core/Src/system_stm32f4xx.o
 .debug_rnglists
                0x00000227       0x19 ./Core/Startup/startup_stm32f407vetx.o
 .debug_rnglists
                0x00000240       0xaf ./Drivers/STM32F4xx_HAL_Driver/Src/stm32f4xx_hal.o
 .debug_rnglists
                0x000002ef       0xe0 ./Drivers/STM32F4xx_HAL_Driver/Src/stm32f4xx_hal_cortex.o
 .debug_rnglists
                0x000003cf       0x70 ./Drivers/STM32F4xx_HAL_Driver/Src/stm32f4xx_hal_dma.o
 .debug_rnglists
                0x0000043f       0x3f ./Drivers/STM32F4xx_HAL_Driver/Src/stm32f4xx_hal_gpio.o
 .debug_rnglists
                0x0000047e      0x23c ./Drivers/STM32F4xx_HAL_Driver/Src/stm32f4xx_hal_i2c.o
 .debug_rnglists
                0x000006ba       0x66 ./Drivers/STM32F4xx_HAL_Driver/Src/stm32f4xx_hal_rcc.o
 .debug_rnglists
                0x00000720      0x31a ./Drivers/STM32F4xx_HAL_Driver/Src/stm32f4xx_hal_tim.o
 .debug_rnglists
                0x00000a3a      0x125 ./Drivers/STM32F4xx_HAL_Driver/Src/stm32f4xx_hal_tim_ex.o
 .debug_rnglists
                0x00000b5f      0x1bc ./Drivers/STM32F4xx_HAL_Driver/Src/stm32f4xx_hal_uart.o

.debug_macro    0x00000000    0x219d6
 .debug_macro   0x00000000      0x4aa ./Core/Src/main.o
 .debug_macro   0x000004aa      0xad8 ./Core/Src/main.o
 .debug_macro   0x00000f82      0x2a1 ./Core/Src/main.o
 .debug_macro   0x00001223       0x2e ./Core/Src/main.o
 .debug_macro   0x00001251       0x2f ./Core/Src/main.o
 .debug_macro   0x00001280       0x22 ./Core/Src/main.o
 .debug_macro   0x000012a2       0x8e ./Core/Src/main.o
 .debug_macro   0x00001330       0x51 ./Core/Src/main.o
 .debug_macro   0x00001381      0x103 ./Core/Src/main.o
 .debug_macro   0x00001484       0x6a ./Core/Src/main.o
 .debug_macro   0x000014ee      0x1df ./Core/Src/main.o
 .debug_macro   0x000016cd       0x1c ./Core/Src/main.o
 .debug_macro   0x000016e9       0x22 ./Core/Src/main.o
 .debug_macro   0x0000170b       0xfb ./Core/Src/main.o
 .debug_macro   0x00001806     0x1011 ./Core/Src/main.o
 .debug_macro   0x00002817      0x11f ./Core/Src/main.o
 .debug_macro   0x00002936    0x15ea5 ./Core/Src/main.o
 .debug_macro   0x000187db       0x6d ./Core/Src/main.o
 .debug_macro   0x00018848     0x3693 ./Core/Src/main.o
 .debug_macro   0x0001bedb      0x190 ./Core/Src/main.o
 .debug_macro   0x0001c06b       0x5c ./Core/Src/main.o
 .debug_macro   0x0001c0c7      0x980 ./Core/Src/main.o
 .debug_macro   0x0001ca47      0x9e9 ./Core/Src/main.o
 .debug_macro   0x0001d430      0x115 ./Core/Src/main.o
 .debug_macro   0x0001d545      0x13e ./Core/Src/main.o
 .debug_macro   0x0001d683       0xa5 ./Core/Src/main.o
 .debug_macro   0x0001d728      0x174 ./Core/Src/main.o
 .debug_macro   0x0001d89c      0x287 ./Core/Src/main.o
 .debug_macro   0x0001db23       0x5f ./Core/Src/main.o
 .debug_macro   0x0001db82      0x236 ./Core/Src/main.o
 .debug_macro   0x0001ddb8      0x12c ./Core/Src/main.o
 .debug_macro   0x0001dee4      0x21e ./Core/Src/main.o
 .debug_macro   0x0001e102       0x2e ./Core/Src/main.o
 .debug_macro   0x0001e130      0x1b5 ./Core/Src/main.o
 .debug_macro   0x0001e2e5       0xd6 ./Core/Src/main.o
 .debug_macro   0x0001e3bb      0x127 ./Core/Src/main.o
 .debug_macro   0x0001e4e2       0x7e ./Core/Src/main.o
 .debug_macro   0x0001e560       0x89 ./Core/Src/main.o
 .debug_macro   0x0001e5e9      0x8ed ./Core/Src/main.o
 .debug_macro   0x0001eed6       0x4d ./Core/Src/main.o
 .debug_macro   0x0001ef23      0x2aa ./Core/Src/main.o
 .debug_macro   0x0001f1cd      0x12d ./Core/Src/main.o
 .debug_macro   0x0001f2fa       0x1c ./Core/Src/main.o
 .debug_macro   0x0001f316       0x61 ./Core/Src/main.o
 .debug_macro   0x0001f377       0x2a ./Core/Src/main.o
 .debug_macro   0x0001f3a1       0x43 ./Core/Src/main.o
 .debug_macro   0x0001f3e4       0x34 ./Core/Src/main.o
 .debug_macro   0x0001f418      0x364 ./Core/Src/main.o
 .debug_macro   0x0001f77c       0x16 ./Core/Src/main.o
 .debug_macro   0x0001f792       0x4a ./Core/Src/main.o
 .debug_macro   0x0001f7dc       0x34 ./Core/Src/main.o
 .debug_macro   0x0001f810       0x10 ./Core/Src/main.o
 .debug_macro   0x0001f820       0x58 ./Core/Src/main.o
 .debug_macro   0x0001f878       0x8e ./Core/Src/main.o
 .debug_macro   0x0001f906       0x1c ./Core/Src/main.o
 .debug_macro   0x0001f922      0x17e ./Core/Src/main.o
 .debug_macro   0x0001faa0       0x10 ./Core/Src/main.o
 .debug_macro   0x0001fab0       0x3c ./Core/Src/main.o
 .debug_macro   0x0001faec       0x20 ./Core/Src/main.o
 .debug_macro   0x0001fb0c       0x1c ./Core/Src/main.o
 .debug_macro   0x0001fb28       0x10 ./Core/Src/main.o
 .debug_macro   0x0001fb38       0x1c ./Core/Src/main.o
 .debug_macro   0x0001fb54       0x16 ./Core/Src/main.o
 .debug_macro   0x0001fb6a      0x146 ./Core/Src/main.o
 .debug_macro   0x0001fcb0       0x16 ./Core/Src/main.o
 .debug_macro   0x0001fcc6       0x16 ./Core/Src/main.o
 .debug_macro   0x0001fcdc       0x29 ./Core/Src/main.o
 .debug_macro   0x0001fd05      0x19b ./Core/Src/main.o
 .debug_macro   0x0001fea0      0x1f7 ./Core/Src/stm32f4xx_hal_msp.o
 .debug_macro   0x00020097      0x201 ./Core/Src/stm32f4xx_it.o
 .debug_macro   0x00020298      0x112 ./Core/Src/sysmem.o
 .debug_macro   0x000203aa      0x23c ./Core/Src/sysmem.o
 .debug_macro   0x000205e6      0x1e8 ./Core/Src/system_stm32f4xx.o
 .debug_macro   0x000207ce      0x248 ./Drivers/STM32F4xx_HAL_Driver/Src/stm32f4xx_hal.o
 .debug_macro   0x00020a16      0x1e8 ./Drivers/STM32F4xx_HAL_Driver/Src/stm32f4xx_hal_cortex.o
 .debug_macro   0x00020bfe      0x1ee ./Drivers/STM32F4xx_HAL_Driver/Src/stm32f4xx_hal_dma.o
 .debug_macro   0x00020dec      0x1ee ./Drivers/STM32F4xx_HAL_Driver/Src/stm32f4xx_hal_gpio.o
 .debug_macro   0x00020fda      0x236 ./Drivers/STM32F4xx_HAL_Driver/Src/stm32f4xx_hal_i2c.o
 .debug_macro   0x00021210      0x20c ./Drivers/STM32F4xx_HAL_Driver/Src/stm32f4xx_hal_rcc.o
 .debug_macro   0x0002141c      0x1e9 ./Drivers/STM32F4xx_HAL_Driver/Src/stm32f4xx_hal_tim.o
 .debug_macro   0x00021605      0x1e8 ./Drivers/STM32F4xx_HAL_Driver/Src/stm32f4xx_hal_tim_ex.o
 .debug_macro   0x000217ed      0x1e9 ./Drivers/STM32F4xx_HAL_Driver/Src/stm32f4xx_hal_uart.o

.debug_line     0x00000000    0x1293f
 .debug_line    0x00000000     0x19f6 ./Core/Src/main.o
 .debug_line    0x000019f6      0x905 ./Core/Src/stm32f4xx_hal_msp.o
 .debug_line    0x000022fb      0x7e7 ./Core/Src/stm32f4xx_it.o
 .debug_line    0x00002ae2      0x53a ./Core/Src/sysmem.o
 .debug_line    0x0000301c      0x796 ./Core/Src/system_stm32f4xx.o
 .debug_line    0x000037b2       0x7a ./Core/Startup/startup_stm32f407vetx.o
 .debug_line    0x0000382c      0xa15 ./Drivers/STM32F4xx_HAL_Driver/Src/stm32f4xx_hal.o
 .debug_line    0x00004241      0xce2 ./Drivers/STM32F4xx_HAL_Driver/Src/stm32f4xx_hal_cortex.o
 .debug_line    0x00004f23      0xf7e ./Drivers/STM32F4xx_HAL_Driver/Src/stm32f4xx_hal_dma.o
 .debug_line    0x00005ea1      0xb67 ./Drivers/STM32F4xx_HAL_Driver/Src/stm32f4xx_hal_gpio.o
 .debug_line    0x00006a08     0x3abf ./Drivers/STM32F4xx_HAL_Driver/Src/stm32f4xx_hal_i2c.o
 .debug_line    0x0000a4c7      0xe1f ./Drivers/STM32F4xx_HAL_Driver/Src/stm32f4xx_hal_rcc.o
 .debug_line    0x0000b2e6     0x378d ./Drivers/STM32F4xx_HAL_Driver/Src/stm32f4xx_hal_tim.o
 .debug_line    0x0000ea73     0x1972 ./Drivers/STM32F4xx_HAL_Driver/Src/stm32f4xx_hal_tim_ex.o
 .debug_line    0x000103e5     0x255a ./Drivers/STM32F4xx_HAL_Driver/Src/stm32f4xx_hal_uart.o

.debug_str      0x00000000    0xceee2
 .debug_str     0x00000000    0xceee2 ./Core/Src/main.o
                              0xcb393 (size before relaxing)
 .debug_str     0x000ceee2    0xc6905 ./Core/Src/stm32f4xx_hal_msp.o
 .debug_str     0x000ceee2    0xc5d0a ./Core/Src/stm32f4xx_it.o
 .debug_str     0x000ceee2     0x76fb ./Core/Src/sysmem.o
 .debug_str     0x000ceee2    0xc592e ./Core/Src/system_stm32f4xx.o
 .debug_str     0x000ceee2       0x73 ./Core/Startup/startup_stm32f407vetx.o
 .debug_str     0x000ceee2    0xc64b2 ./Drivers/STM32F4xx_HAL_Driver/Src/stm32f4xx_hal.o
 .debug_str     0x000ceee2    0xc622e ./Drivers/STM32F4xx_HAL_Driver/Src/stm32f4xx_hal_cortex.o
 .debug_str     0x000ceee2    0xc5d48 ./Drivers/STM32F4xx_HAL_Driver/Src/stm32f4xx_hal_dma.o
 .debug_str     0x000ceee2    0xc5aa9 ./Drivers/STM32F4xx_HAL_Driver/Src/stm32f4xx_hal_gpio.o
 .debug_str     0x000ceee2    0xc694c ./Drivers/STM32F4xx_HAL_Driver/Src/stm32f4xx_hal_i2c.o
 .debug_str     0x000ceee2    0xc5d62 ./Drivers/STM32F4xx_HAL_Driver/Src/stm32f4xx_hal_rcc.o
 .debug_str     0x000ceee2    0xc6cb8 ./Drivers/STM32F4xx_HAL_Driver/Src/stm32f4xx_hal_tim.o
 .debug_str     0x000ceee2    0xc64c4 ./Drivers/STM32F4xx_HAL_Driver/Src/stm32f4xx_hal_tim_ex.o
 .debug_str     0x000ceee2    0xc6343 ./Drivers/STM32F4xx_HAL_Driver/Src/stm32f4xx_hal_uart.o

.comment        0x00000000       0x43
 .comment       0x00000000       0x43 ./Core/Src/main.o
                                 0x44 (size before relaxing)
 .comment       0x00000043       0x44 ./Core/Src/stm32f4xx_hal_msp.o
 .comment       0x00000043       0x44 ./Core/Src/stm32f4xx_it.o
 .comment       0x00000043       0x44 ./Core/Src/sysmem.o
 .comment       0x00000043       0x44 ./Core/Src/system_stm32f4xx.o
 .comment       0x00000043       0x44 ./Drivers/STM32F4xx_HAL_Driver/Src/stm32f4xx_hal.o
 .comment       0x00000043       0x44 ./Drivers/STM32F4xx_HAL_Driver/Src/stm32f4xx_hal_cortex.o
 .comment       0x00000043       0x44 ./Drivers/STM32F4xx_HAL_Driver/Src/stm32f4xx_hal_dma.o
 .comment       0x00000043       0x44 ./Drivers/STM32F4xx_HAL_Driver/Src/stm32f4xx_hal_gpio.o
 .comment       0x00000043       0x44 ./Drivers/STM32F4xx_HAL_Driver/Src/stm32f4xx_hal_i2c.o
 .comment       0x00000043       0x44 ./Drivers/STM32F4xx_HAL_Driver/Src/stm32f4xx_hal_rcc.o
 .comment       0x00000043       0x44 ./Drivers/STM32F4xx_HAL_Driver/Src/stm32f4xx_hal_tim.o
 .comment       0x00000043       0x44 ./Drivers/STM32F4xx_HAL_Driver/Src/stm32f4xx_hal_tim_ex.o
 .comment       0x00000043       0x44 ./Drivers/STM32F4xx_HAL_Driver/Src/stm32f4xx_hal_uart.o

.debug_frame    0x00000000     0x4990
 .debug_frame   0x00000000      0x6ac ./Core/Src/main.o
 .debug_frame   0x000006ac      0x154 ./Core/Src/stm32f4xx_hal_msp.o
 .debug_frame   0x00000800      0x114 ./Core/Src/stm32f4xx_it.o
 .debug_frame   0x00000914       0x34 ./Core/Src/sysmem.o
 .debug_frame   0x00000948       0x50 ./Core/Src/system_stm32f4xx.o
 .debug_frame   0x00000998      0x31c ./Drivers/STM32F4xx_HAL_Driver/Src/stm32f4xx_hal.o
 .debug_frame   0x00000cb4      0x4b8 ./Drivers/STM32F4xx_HAL_Driver/Src/stm32f4xx_hal_cortex.o
 .debug_frame   0x0000116c      0x230 ./Drivers/STM32F4xx_HAL_Driver/Src/stm32f4xx_hal_dma.o
 .debug_frame   0x0000139c      0x130 ./Drivers/STM32F4xx_HAL_Driver/Src/stm32f4xx_hal_gpio.o
 .debug_frame   0x000014cc      0xbf4 ./Drivers/STM32F4xx_HAL_Driver/Src/stm32f4xx_hal_i2c.o
 .debug_frame   0x000020c0      0x1d8 ./Drivers/STM32F4xx_HAL_Driver/Src/stm32f4xx_hal_rcc.o
 .debug_frame   0x00002298     0x10f0 ./Drivers/STM32F4xx_HAL_Driver/Src/stm32f4xx_hal_tim.o
 .debug_frame   0x00003388      0x600 ./Drivers/STM32F4xx_HAL_Driver/Src/stm32f4xx_hal_tim_ex.o
 .debug_frame   0x00003988      0x8ec ./Drivers/STM32F4xx_HAL_Driver/Src/stm32f4xx_hal_uart.o
 .debug_frame   0x00004274       0x30 /Applications/STM32CubeIDE.app/Contents/Eclipse/plugins/com.st.stm32cube.ide.mcu.externaltools.gnu-tools-for-stm32.14.3.rel1.macosaarch64_1.0.0.202602081740/tools/bin/../lib/gcc/arm-none-eabi/14.3.1/../../../../arm-none-eabi/lib/thumb/v7e-m+fp/hard/libc_nano.a(libc_a-atoi.o)
 .debug_frame   0x000042a4       0x7c /Applications/STM32CubeIDE.app/Contents/Eclipse/plugins/com.st.stm32cube.ide.mcu.externaltools.gnu-tools-for-stm32.14.3.rel1.macosaarch64_1.0.0.202602081740/tools/bin/../lib/gcc/arm-none-eabi/14.3.1/../../../../arm-none-eabi/lib/thumb/v7e-m+fp/hard/libc_nano.a(libc_a-snprintf.o)
 .debug_frame   0x00004320      0x144 /Applications/STM32CubeIDE.app/Contents/Eclipse/plugins/com.st.stm32cube.ide.mcu.externaltools.gnu-tools-for-stm32.14.3.rel1.macosaarch64_1.0.0.202602081740/tools/bin/../lib/gcc/arm-none-eabi/14.3.1/../../../../arm-none-eabi/lib/thumb/v7e-m+fp/hard/libc_nano.a(libc_a-findfp.o)
 .debug_frame   0x00004464       0x64 /Applications/STM32CubeIDE.app/Contents/Eclipse/plugins/com.st.stm32cube.ide.mcu.externaltools.gnu-tools-for-stm32.14.3.rel1.macosaarch64_1.0.0.202602081740/tools/bin/../lib/gcc/arm-none-eabi/14.3.1/../../../../arm-none-eabi/lib/thumb/v7e-m+fp/hard/libc_nano.a(libc_a-strtol.o)
 .debug_frame   0x000044c8       0x20 /Applications/STM32CubeIDE.app/Contents/Eclipse/plugins/com.st.stm32cube.ide.mcu.externaltools.gnu-tools-for-stm32.14.3.rel1.macosaarch64_1.0.0.202602081740/tools/bin/../lib/gcc/arm-none-eabi/14.3.1/../../../../arm-none-eabi/lib/thumb/v7e-m+fp/hard/libc_nano.a(libc_a-memset.o)
 .debug_frame   0x000044e8       0x28 /Applications/STM32CubeIDE.app/Contents/Eclipse/plugins/com.st.stm32cube.ide.mcu.externaltools.gnu-tools-for-stm32.14.3.rel1.macosaarch64_1.0.0.202602081740/tools/bin/../lib/gcc/arm-none-eabi/14.3.1/../../../../arm-none-eabi/lib/thumb/v7e-m+fp/hard/libc_nano.a(libc_a-strncmp.o)
 .debug_frame   0x00004510       0x20 /Applications/STM32CubeIDE.app/Contents/Eclipse/plugins/com.st.stm32cube.ide.mcu.externaltools.gnu-tools-for-stm32.14.3.rel1.macosaarch64_1.0.0.202602081740/tools/bin/../lib/gcc/arm-none-eabi/14.3.1/../../../../arm-none-eabi/lib/thumb/v7e-m+fp/hard/libc_nano.a(libc_a-errno.o)
 .debug_frame   0x00004530       0x2c /Applications/STM32CubeIDE.app/Contents/Eclipse/plugins/com.st.stm32cube.ide.mcu.externaltools.gnu-tools-for-stm32.14.3.rel1.macosaarch64_1.0.0.202602081740/tools/bin/../lib/gcc/arm-none-eabi/14.3.1/../../../../arm-none-eabi/lib/thumb/v7e-m+fp/hard/libc_nano.a(libc_a-init.o)
 .debug_frame   0x0000455c       0xb0 /Applications/STM32CubeIDE.app/Contents/Eclipse/plugins/com.st.stm32cube.ide.mcu.externaltools.gnu-tools-for-stm32.14.3.rel1.macosaarch64_1.0.0.202602081740/tools/bin/../lib/gcc/arm-none-eabi/14.3.1/../../../../arm-none-eabi/lib/thumb/v7e-m+fp/hard/libc_nano.a(libc_a-lock.o)
 .debug_frame   0x0000460c       0x20 /Applications/STM32CubeIDE.app/Contents/Eclipse/plugins/com.st.stm32cube.ide.mcu.externaltools.gnu-tools-for-stm32.14.3.rel1.macosaarch64_1.0.0.202602081740/tools/bin/../lib/gcc/arm-none-eabi/14.3.1/../../../../arm-none-eabi/lib/thumb/v7e-m+fp/hard/libc_nano.a(libc_a-strcmp.o)
 .debug_frame   0x0000462c       0x90 /Applications/STM32CubeIDE.app/Contents/Eclipse/plugins/com.st.stm32cube.ide.mcu.externaltools.gnu-tools-for-stm32.14.3.rel1.macosaarch64_1.0.0.202602081740/tools/bin/../lib/gcc/arm-none-eabi/14.3.1/../../../../arm-none-eabi/lib/thumb/v7e-m+fp/hard/libc_nano.a(libc_a-nano-svfprintf.o)
 .debug_frame   0x000046bc       0x50 /Applications/STM32CubeIDE.app/Contents/Eclipse/plugins/com.st.stm32cube.ide.mcu.externaltools.gnu-tools-for-stm32.14.3.rel1.macosaarch64_1.0.0.202602081740/tools/bin/../lib/gcc/arm-none-eabi/14.3.1/../../../../arm-none-eabi/lib/thumb/v7e-m+fp/hard/libc_nano.a(libc_a-mallocr.o)