Archive member included to satisfy reference by file (symbol)

/Applications/STM32CubeIDE.app/Contents/Eclipse/plugins/com.st.stm32cube.ide.mcu.externaltools.gnu-tools-for-stm32.14.3.rel1.macosaarch64_1.0.0.202602081740/tools/bin/../lib/gcc/arm-none-eabi/14.3.1/../../../../arm-none-eabi/lib/thumb/v7e-m+fp/hard/libc_nano.a(libc_a-atoi.o)
                              ./Core/Src/main.o (atoi)
/Applications/STM32CubeIDE.app/Contents/Eclipse/plugins/com.st.stm32cube.ide.mcu.externaltools.gnu-tools-for-stm32.14.3.rel1.macosaarch64_1.0.0.202602081740/tools/bin/../lib/gcc/arm-none-eabi/14.3.1/../../../../arm-none-eabi/lib/thumb/v7e-m+fp/hard/libc_nano.a(libc_a-exit.o)
                              /Applications/STM32CubeIDE.app/Contents/Eclipse/plugins/com.st.stm32cube.ide.mcu.externaltools.gnu-tools-for-stm32.14.3.rel1.macosaarch64_1.0.0.202602081740/tools/bin/../lib/gcc/arm-none-eabi/14.3.1/../../../../arm-none-eabi/lib/thumb/v7e-m+fp/hard/crt0.o (exit)
/Applications/STM32CubeIDE.app/Contents/Eclipse/plugins/com.st.stm32cube.ide.mcu.externaltools.gnu-tools-for-stm32.14.3.rel1.macosaarch64_1.0.0.202602081740/tools/bin/../lib/gcc/arm-none-eabi/14.3.1/../../../../arm-none-eabi/lib/thumb/v7e-m+fp/hard/libc_nano.a(libc_a-snprintf.o)
                              ./Core/Src/main.o (snprintf)
/Applications/STM32CubeIDE.app/Contents/Eclipse/plugins/com.st.stm32cube.ide.mcu.externaltools.gnu-tools-for-stm32.14.3.rel1.macosaarch64_1.0.0.202602081740/tools/bin/../lib/gcc/arm-none-eabi/14.3.1/../../../../arm-none-eabi/lib/thumb/v7e-m+fp/hard/libc_nano.a(libc_a-findfp.o)
                              /Applications/STM32CubeIDE.app/Contents/Eclipse/plugins/com.st.stm32cube.ide.mcu.externaltools.gnu-tools-for-stm32.14.3.rel1.macosaarch64_1.0.0.202602081740/tools/bin/../lib/gcc/arm-none-eabi/14.3.1/../../../../arm-none-eabi/lib/thumb/v7e-m+fp/hard/libc_nano.a(libc_a-exit.o) (__stdio_exit_handler)
/Applications/STM32CubeIDE.app/Contents/Eclipse/plugins/com.st.stm32cube.ide.mcu.externaltools.gnu-tools-for-stm32.14.3.rel1.macosaarch64_1.0.0.202602081740/tools/bin/../lib/gcc/arm-none-eabi/14.3.1/../../../../arm-none-eabi/lib/thumb/v7e-m+fp/hard/libc_nano.a(libc_a-strtol.o)
                              /Applications/STM32CubeIDE.app/Contents/Eclipse/plugins/com.st.stm32cube.ide.mcu.externaltools.gnu-tools-for-stm32.14.3.rel1.macosaarch64_1.0.0.202602081740/tools/bin/../lib/gcc/arm-none-eabi/14.3.1/../../../../arm-none-eabi/lib/thumb/v7e-m+fp/hard/libc_nano.a(libc_a-atoi.o) (_strtol_r)
/Applications/STM32CubeIDE.app/Contents/Eclipse/plugins/com.st.stm32cube.ide.mcu.externaltools.gnu-tools-for-stm32.14.3.rel1.macosaarch64_1.0.0.202602081740/tools/bin/../lib/gcc/arm-none-eabi/14.3.1/../../../../arm-none-eabi/lib/thumb/v7e-m+fp/hard/libc_nano.a(libc_a-fwalk.o)
                              /Applications/STM32CubeIDE.app/Contents/Eclipse/plugins/com.st.stm32cube.ide.mcu.externaltools.gnu-tools-for-stm32.14.3.rel1.macosaarch64_1.0.0.202602081740/tools/bin/../lib/gcc/arm-none-eabi/14.3.1/../../../../arm-none-eabi/lib/thumb/v7e-m+fp/hard/libc_nano.a(libc_a-findfp.o) (_fwalk_sglue)
/Applications/STM32CubeIDE.app/Contents/Eclipse/plugins/com.st.stm32cube.ide.mcu.externaltools.gnu-tools-for-stm32.14.3.rel1.macosaarch64_1.0.0.202602081740/tools/bin/../lib/gcc/arm-none-eabi/14.3.1/../../../../arm-none-eabi/lib/thumb/v7e-m+fp/hard/libc_nano.a(libc_a-memset.o)
                              /Applications/STM32CubeIDE.app/Contents/Eclipse/plugins/com.st.stm32cube.ide.mcu.externaltools.gnu-tools-for-stm32.14.3.rel1.macosaarch64_1.0.0.202602081740/tools/bin/../lib/gcc/arm-none-eabi/14.3.1/../../../../arm-none-eabi/lib/thumb/v7e-m+fp/hard/crt0.o (memset)
/Applications/STM32CubeIDE.app/Contents/Eclipse/plugins/com.st.stm32cube.ide.mcu.externaltools.gnu-tools-for-stm32.14.3.rel1.macosaarch64_1.0.0.202602081740/tools/bin/../lib/gcc/arm-none-eabi/14.3.1/../../../../arm-none-eabi/lib/thumb/v7e-m+fp/hard/libc_nano.a(libc_a-strncmp.o)
                              ./Core/Src/main.o (strncmp)
/Applications/STM32CubeIDE.app/Contents/Eclipse/plugins/com.st.stm32cube.ide.mcu.externaltools.gnu-tools-for-stm32.14.3.rel1.macosaarch64_1.0.0.202602081740/tools/bin/../lib/gcc/arm-none-eabi/14.3.1/../../../../arm-none-eabi/lib/thumb/v7e-m+fp/hard/libc_nano.a(libc_a-errno.o)
                              ./Core/Src/syscalls.o (__errno)
/Applications/STM32CubeIDE.app/Contents/Eclipse/plugins/com.st.stm32cube.ide.mcu.externaltools.gnu-tools-for-stm32.14.3.rel1.macosaarch64_1.0.0.202602081740/tools/bin/../lib/gcc/arm-none-eabi/14.3.1/../../../../arm-none-eabi/lib/thumb/v7e-m+fp/hard/libc_nano.a(libc_a-init.o)
                              /Applications/STM32CubeIDE.app/Contents/Eclipse/plugins/com.st.stm32cube.ide.mcu.externaltools.gnu-tools-for-stm32.14.3.rel1.macosaarch64_1.0.0.202602081740/tools/bin/../lib/gcc/arm-none-eabi/14.3.1/../../../../arm-none-eabi/lib/thumb/v7e-m+fp/hard/crt0.o (__libc_init_array)
[...]
Memory Configuration

Name             Origin             Length             Attributes
CCMRAM           0x10000000         0x00010000         xrw
RAM              0x20000000         0x00020000         xrw
FLASH            0x08000000         0x00080000         xr
*default*        0x00000000         0xffffffff

Linker script and memory map

LOAD /Applications/STM32CubeIDE.app/Contents/Eclipse/plugins/com.st.stm32cube.ide.mcu.externaltools.gnu-tools-for-stm32.14.3.rel1.macosaarch64_1.0.0.202602081740/tools/bin/../lib/gcc/arm-none-eabi/14.3.1/thumb/v7e-m+fp/hard/crti.o
LOAD /Applications/STM32CubeIDE.app/Contents/Eclipse/plugins/com.st.stm32cube.ide.mcu.externaltools.gnu-tools-for-stm32.14.3.rel1.macosaarch64_1.0.0.202602081740/tools/bin/../lib/gcc/arm-none-eabi/14.3.1/thumb/v7e-m+fp/hard/crtbegin.o
LOAD /Applications/STM32CubeIDE.app/Contents/Eclipse/plugins/com.st.stm32cube.ide.mcu.externaltools.gnu-tools-for-stm32.14.3.rel1.macosaarch64_1.0.0.202602081740/tools/bin/../lib/gcc/arm-none-eabi/14.3.1/../../../../arm-none-eabi/lib/thumb/v7e-m+fp/hard/crt0.o
LOAD ./Core/Src/main.o
LOAD ./Core/Src/stm32f4xx_hal_msp.o
LOAD ./Core/Src/stm32f4xx_it.o
LOAD ./Core/Src/syscalls.o
LOAD ./Core/Src/sysmem.o
LOAD ./Core/Src/system_stm32f4xx.o
LOAD ./Core/Startup/startup_stm32f407vetx.o
LOAD ./Drivers/STM32F4xx_HAL_Driver/Src/stm32f4xx_hal.o
LOAD ./Drivers/STM32F4xx_HAL_Driver/Src/stm32f4xx_hal_cortex.o
LOAD ./Drivers/STM32F4xx_HAL_Driver/Src/stm32f4xx_hal_dma.o
LOAD ./Drivers/STM32F4xx_HAL_Driver/Src/stm32f4xx_hal_dma_ex.o
LOAD ./Drivers/STM32F4xx_HAL_Driver/Src/stm32f4xx_hal_exti.o
LOAD ./Drivers/STM32F4xx_HAL_Driver/Src/stm32f4xx_hal_flash.o
LOAD ./Drivers/STM32F4xx_HAL_Driver/Src/stm32f4xx_hal_flash_ex.o
LOAD ./Drivers/STM32F4xx_HAL_Driver/Src/stm32f4xx_hal_flash_ramfunc.o
LOAD ./Drivers/STM32F4xx_HAL_Driver/Src/stm32f4xx_hal_gpio.o
LOAD ./Drivers/STM32F4xx_HAL_Driver/Src/stm32f4xx_hal_i2c.o
LOAD ./Drivers/STM32F4xx_HAL_Driver/Src/stm32f4xx_hal_i2c_ex.o
LOAD ./Drivers/STM32F4xx_HAL_Driver/Src/stm32f4xx_hal_pwr.o
LOAD ./Drivers/STM32F4xx_HAL_Driver/Src/stm32f4xx_hal_pwr_ex.o
LOAD ./Drivers/STM32F4xx_HAL_Driver/Src/stm32f4xx_hal_rcc.o
LOAD ./Drivers/STM32F4xx_HAL_Driver/Src/stm32f4xx_hal_rcc_ex.o
LOAD ./Drivers/STM32F4xx_HAL_Driver/Src/stm32f4xx_hal_tim.o
LOAD ./Drivers/STM32F4xx_HAL_Driver/Src/stm32f4xx_hal_tim_ex.o
LOAD ./Drivers/STM32F4xx_HAL_Driver/Src/stm32f4xx_hal_uart.o
START GROUP
LOAD /Applications/STM32CubeIDE.app/Contents/Eclipse/plugins/com.st.stm32cube.ide.mcu.externaltools.gnu-tools-for-stm32.14.3.rel1.macosaarch64_1.0.0.202602081740/tools/bin/../lib/gcc/arm-none-eabi/14.3.1/../../../../arm-none-eabi/lib/thumb/v7e-m+fp/hard/libc_nano.a
LOAD /Applications/STM32CubeIDE.app/Contents/Eclipse/plugins/com.st.stm32cube.ide.mcu.externaltools.gnu-tools-for-stm32.14.3.rel1.macosaarch64_1.0.0.202602081740/tools/bin/../lib/gcc/arm-none-eabi/14.3.1/../../../../arm-none-eabi/lib/thumb/v7e-m+fp/hard/libm.a
END GROUP
START GROUP
LOAD /Applications/STM32CubeIDE.app/Contents/Eclipse/plugins/com.st.stm32cube.ide.mcu.externaltools.gnu-tools-for-stm32.14.3.rel1.macosaarch64_1.0.0.202602081740/tools/bin/../lib/gcc/arm-none-eabi/14.3.1/thumb/v7e-m+fp/hard/libgcc.a
LOAD /Applications/STM32CubeIDE.app/Contents/Eclipse/plugins/com.st.stm32cube.ide.mcu.externaltools.gnu-tools-for-stm32.14.3.rel1.macosaarch64_1.0.0.202602081740/tools/bin/../lib/gcc/arm-none-eabi/14.3.1/../../../../arm-none-eabi/lib/thumb/v7e-m+fp/hard/libc_nano.a
END GROUP
START GROUP
LOAD /Applications/STM32CubeIDE.app/Contents/Eclipse/plugins/com.st.stm32cube.ide.mcu.externaltools.gnu-tools-for-stm32.14.3.rel1.macosaarch64_1.0.0.202602081740/tools/bin/../lib/gcc/arm-none-eabi/14.3.1/thumb/v7e-m+fp/hard/libgcc.a
LOAD /Applications/STM32CubeIDE.app/Contents/Eclipse/plugins/com.st.stm32cube.ide.mcu.externaltools.gnu-tools-for-stm32.14.3.rel1.macosaarch64_1.0.0.202602081740/tools/bin/../lib/gcc/arm-none-eabi/14.3.1/../../../../arm-none-eabi/lib/thumb/v7e-m+fp/hard/libc_nano.a
LOAD /Applications/STM32CubeIDE.app/Contents/Eclipse/plugins/com.st.stm32cube.ide.mcu.externaltools.gnu-tools-for-stm32.14.3.rel1.macosaarch64_1.0.0.202602081740/tools/bin/../lib/gcc/arm-none-eabi/14.3.1/../../../../arm-none-eabi/lib/thumb/v7e-m+fp/hard/libnosys.a
END GROUP
START GROUP
LOAD /Applications/STM32CubeIDE.app/Contents/Eclipse/plugins/com.st.stm32cube.ide.mcu.externaltools.gnu-tools-for-stm32.14.3.rel1.macosaarch64_1.0.0.202602081740/tools/bin/../lib/gcc/arm-none-eabi/14.3.1/thumb/v7e-m+fp/hard/libgcc.a
LOAD /Applications/STM32CubeIDE.app/Contents/Eclipse/plugins/com.st.stm32cube.ide.mcu.externaltools.gnu-tools-for-stm32.14.3.rel1.macosaarch64_1.0.0.202602081740/tools/bin/../lib/gcc/arm-none-eabi/14.3.1/../../../../arm-none-eabi/lib/thumb/v7e-m+fp/hard/libc_nano.a
LOAD /Applications/STM32CubeIDE.app/Contents/Eclipse/plugins/com.st.stm32cube.ide.mcu.externaltools.gnu-tools-for-stm32.14.3.rel1.macosaarch64_1.0.0.202602081740/tools/bin/../lib/gcc/arm-none-eabi/14.3.1/../../../../arm-none-eabi/lib/thumb/v7e-m+fp/hard/libnosys.a
END GROUP
LOAD /Applications/STM32CubeIDE.app/Contents/Eclipse/plugins/com.st.stm32cube.ide.mcu.externaltools.gnu-tools-for-stm32.14.3.rel1.macosaarch64_1.0.0.202602081740/tools/bin/../lib/gcc/arm-none-eabi/14.3.1/thumb/v7e-m+fp/hard/crtend.o
LOAD /Applications/STM32CubeIDE.app/Contents/Eclipse/plugins/com.st.stm32cube.ide.mcu.externaltools.gnu-tools-for-stm32.14.3.rel1.macosaarch64_1.0.0.202602081740/tools/bin/../lib/gcc/arm-none-eabi/14.3.1/thumb/v7e-m+fp/hard/crtn.o
                0x20020000                        _estack = (ORIGIN (RAM) + LENGTH (RAM))
                0x00000200                        _Min_Heap_Size = 0x200
                0x00000400                        _Min_Stack_Size = 0x400

.isr_vector     0x08000000      0x188
                0x08000000                        . = ALIGN (0x4)
 *(.isr_vector)
 .isr_vector    0x08000000      0x188 ./Core/Startup/startup_stm32f407vetx.o
                0x08000000                g_pfnVectors
                0x08000188                        . = ALIGN (0x4)

.text           0x08000190     0x772c
                0x08000190                        . = ALIGN (0x4)
 *(.text)
 .text          0x08000190       0x40 /Applications/STM32CubeIDE.app/Contents/Eclipse/plugins/com.st.stm32cube.ide.mcu.externaltools.gnu-tools-for-stm32.14.3.rel1.macosaarch64_1.0.0.202602081740/tools/bin/../lib/gcc/arm-none-eabi/14.3.1/thumb/v7e-m+fp/hard/crtbegin.o
 .text          0x080001d0       0x14 /Applications/STM32CubeIDE.app/Contents/Eclipse/plugins/com.st.stm32cube.ide.mcu.externaltools.gnu-tools-for-stm32.14.3.rel1.macosaarch64_1.0.0.202602081740/tools/bin/../lib/gcc/arm-none-eabi/14.3.1/../../../../arm-none-eabi/lib/thumb/v7e-m+fp/hard/libc_nano.a(libc_a-strcmp.o)
                0x080001d0                strcmp
 *fill*         0x080001e4        0xc 
 .text          0x080001f0       0xa0 /Applications/STM32CubeIDE.app/Contents/Eclipse/plugins/com.st.stm32cube.ide.mcu.externaltools.gnu-tools-for-stm32.14.3.rel1.macosaarch64_1.0.0.202602081740/tools/bin/../lib/gcc/arm-none-eabi/14.3.1/../../../../arm-none-eabi/lib/thumb/v7e-m+fp/hard/libc_nano.a(libc_a-memchr.o)
                0x080001f0                memchr
 .text          0x08000290       0x30 /Applications/STM32CubeIDE.app/Contents/Eclipse/plugins/com.st.stm32cube.ide.mcu.externaltools.gnu-tools-for-stm32.14.3.rel1.macosaarch64_1.0.0.202602081740/tools/bin/../lib/gcc/arm-none-eabi/14.3.1/thumb/v7e-m+fp/hard/libgcc.a(_aeabi_uldivmod.o)
                0x08000290                __aeabi_uldivmod
 .text          0x080002c0      0x2f8 /Applications/STM32CubeIDE.app/Contents/Eclipse/plugins/com.st.stm32cube.ide.mcu.externaltools.gnu-tools-for-stm32.14.3.rel1.macosaarch64_1.0.0.202602081740/tools/bin/../lib/gcc/arm-none-eabi/14.3.1/thumb/v7e-m+fp/hard/libgcc.a(_udivmoddi4.o)
                0x080002c0                __udivmoddi4
 .text          0x080005b8        0x4 /Applications/STM32CubeIDE.app/Contents/Eclipse/plugins/com.st.stm32cube.ide.mcu.externaltools.gnu-tools-for-stm32.14.3.rel1.macosaarch64_1.0.0.202602081740/tools/bin/../lib/gcc/arm-none-eabi/14.3.1/thumb/v7e-m+fp/hard/libgcc.a(_dvmd_tls.o)
                0x080005b8                __aeabi_ldiv0
                0x080005b8                __aeabi_idiv0
 *(.text*)
 .text.main     0x080005bc      0x274 ./Core/Src/main.o
                0x080005bc                main
 .text.SystemClock_Config
                0x08000830       0xbc ./Core/Src/main.o
                0x08000830                SystemClock_Config
 .text.MX_TIM4_Init
                0x080008ec       0xc8 ./Core/Src/main.o
 .text.MX_TIM9_Init
                0x080009b4       0xa0 ./Core/Src/main.o
 .text.MX_TIM12_Init
                0x08000a54       0x8c ./Core/Src/main.o
 .text.MX_USART3_UART_Init
                0x08000ae0       0x54 ./Core/Src/main.o
 .text.MX_GPIO_Init
                0x08000b34       0xf0 ./Core/Src/main.o
 .text.HAL_UART_RxCpltCallback
                0x08000c24      0xc54 ./Core/Src/main.o
                0x08000c24                HAL_UART_RxCpltCallback
 .text.MotorA_Stop
                0x08001878       0x24 ./Core/Src/main.o
                0x08001878                MotorA_Stop
 .text.MotorA_Brake
                0x0800189c       0x28 ./Core/Src/main.o
                0x0800189c                MotorA_Brake
 .text.MotorA_Forward
                0x080018c4       0x28 ./Core/Src/main.o
                0x080018c4                MotorA_Forward
 .text.MotorA_Backward
                0x080018ec       0x28 ./Core/Src/main.o
                0x080018ec                MotorA_Backward
 .text.MotorB_Stop
                0x08001914       0x24 ./Core/Src/main.o
                0x08001914                MotorB_Stop
 .text.MotorB_Brake
                0x08001938       0x28 ./Core/Src/main.o
                0x08001938                MotorB_Brake
 .text.MotorB_Forward
                0x08001960       0x28 ./Core/Src/main.o
                0x08001960                MotorB_Forward
 .text.MotorB_Backward
                0x08001988       0x28 ./Core/Src/main.o
                0x08001988                MotorB_Backward
 .text.Motors_Stop
                0x080019b0       0x10 ./Core/Src/main.o
                0x080019b0                Motors_Stop
 .text.Motors_Brake
                0x080019c0       0x18 ./Core/Src/main.o
                0x080019c0                Motors_Brake
 .text.Motors_Forward
                0x080019d8       0x50 ./Core/Src/main.o
                0x080019d8                Motors_Forward
 .text.Motors_Backward
                0x08001a28       0x50 ./Core/Src/main.o
                0x08001a28                Motors_Backward
 .text.Encoder_DistCounts
                0x08001a78       0x42 ./Core/Src/main.o
                0x08001a78                Encoder_DistCounts
 *fill*         0x08001aba        0x2 
 .text.Drive_CmAt
                0x08001abc      0x120 ./Core/Src/main.o
 .text.Drive_ForwardCm
                0x08001bdc       0x34 ./Core/Src/main.o
                0x08001bdc                Drive_ForwardCm
 .text.Drive_BackwardCm
                0x08001c10       0x34 ./Core/Src/main.o
                0x08001c10                Drive_BackwardCm
 .text.Drive_ForwardSlowCm
                0x08001c44       0x34 ./Core/Src/main.o
                0x08001c44                Drive_ForwardSlowCm
 .text.Drive_BackwardSlowCm
                0x08001c78       0x34 ./Core/Src/main.o
                0x08001c78                Drive_BackwardSlowCm
 .text.Pivot_Run
                0x08001cac      0x260 ./Core/Src/main.o
                0x08001cac                Pivot_Run
 .text.Arc_Run  0x08001f0c      0x2ac ./Core/Src/main.o
                0x08001f0c                Arc_Run
 .text.Steer_SetPulse
                0x080021b8       0x48 ./Core/Src/main.o
                0x080021b8                Steer_SetPulse
 .text.Steer_Center
                0x08002200       0x10 ./Core/Src/main.o
                0x08002200                Steer_Center
 .text.Steer_StepLeft
                0x08002210       0x18 ./Core/Src/main.o
                0x08002210                Steer_StepLeft
 .text.Steer_StepRight
                0x08002228       0x18 ./Core/Src/main.o
                0x08002228                Steer_StepRight
 .text.Steer_LockLeft
                0x08002240       0x10 ./Core/Src/main.o
                0x08002240                Steer_LockLeft
 .text.Steer_LockRight
                0x08002250       0x10 ./Core/Src/main.o
                0x08002250                Steer_LockRight
 .text.MX_I2C2_Init
                0x08002260       0x5c ./Core/Src/main.o
 .text.ICM20948_WhoAmI
                0x080022bc       0x84 ./Core/Src/main.o
                0x080022bc                ICM20948_WhoAmI
 .text.ICM20948_SelectBank
                0x08002340       0x48 ./Core/Src/main.o
 .text.ICM20948_WriteReg
                0x08002388       0x44 ./Core/Src/main.o
 .text.ICM20948_Init
                0x080023cc      0x118 ./Core/Src/main.o
                0x080023cc                ICM20948_Init
 .text.Imu_Report
                0x080024e4       0x70 ./Core/Src/main.o
                0x080024e4                Imu_Report
 .text.Gyro_Report
                0x08002554      0x168 ./Core/Src/main.o
                0x08002554                Gyro_Report
 .text.ICM20948_ReadGyroRaw
                0x080026bc       0xa0 ./Core/Src/main.o
                0x080026bc                ICM20948_ReadGyroRaw
 .text.ICM20948_ReadAccelRaw
                0x0800275c       0xa0 ./Core/Src/main.o
                0x0800275c                ICM20948_ReadAccelRaw
 .text.ICM20948_ReadGyroDps
                0x080027fc       0xa4 ./Core/Src/main.o
                0x080027fc                ICM20948_ReadGyroDps
 .text.MX_TIM2_Init
                0x080028a0       0xa8 ./Core/Src/main.o
 .text.MX_TIM3_Init
                0x08002948       0xa8 ./Core/Src/main.o
 .text.EncoderA_GetCount
                0x080029f0       0x1c ./Core/Src/main.o
                0x080029f0                EncoderA_GetCount
 .text.EncoderB_GetCount
                0x08002a0c       0x1c ./Core/Src/main.o
                0x08002a0c                EncoderB_GetCount
 .text.Encoder_Reset
                0x08002a28       0x28 ./Core/Src/main.o
                0x08002a28                Encoder_Reset
 .text.Error_Handler
                0x08002a50        0xc ./Core/Src/main.o
                0x08002a50                Error_Handler
 .text.HAL_MspInit
                0x08002a5c       0x50 ./Core/Src/stm32f4xx_hal_msp.o
                0x08002a5c                HAL_MspInit
 .text.HAL_TIM_PWM_MspInit
                0x08002aac       0x9c ./Core/Src/stm32f4xx_hal_msp.o
                0x08002aac                HAL_TIM_PWM_MspInit
 .text.HAL_TIM_Encoder_MspInit
                0x08002b48      0x128 ./Core/Src/stm32f4xx_hal_msp.o
                0x08002b48                HAL_TIM_Encoder_MspInit
 .text.HAL_TIM_MspPostInit
                0x08002c70      0x114 ./Core/Src/stm32f4xx_hal_msp.o
                0x08002c70                HAL_TIM_MspPostInit
 .text.HAL_UART_MspInit
                0x08002d84       0xa0 ./Core/Src/stm32f4xx_hal_msp.o
                0x08002d84                HAL_UART_MspInit
 .text.HAL_I2C_MspInit
                0x08002e24       0x90 ./Core/Src/stm32f4xx_hal_msp.o
                0x08002e24                HAL_I2C_MspInit
 .text.NMI_Handler
                0x08002eb4        0x8 ./Core/Src/stm32f4xx_it.o
                0x08002eb4                NMI_Handler
 .text.HardFault_Handler
                0x08002ebc        0x8 ./Core/Src/stm32f4xx_it.o
                0x08002ebc                HardFault_Handler
 .text.MemManage_Handler
                0x08002ec4        0x8 ./Core/Src/stm32f4xx_it.o
                0x08002ec4                MemManage_Handler
 .text.BusFault_Handler
                0x08002ecc        0x8 ./Core/Src/stm32f4xx_it.o
                0x08002ecc                BusFault_Handler
 .text.UsageFault_Handler
                0x08002ed4        0x8 ./Core/Src/stm32f4xx_it.o
                0x08002ed4                UsageFault_Handler
 .text.SVC_Handler
                0x08002edc        0xe ./Core/Src/stm32f4xx_it.o
                0x08002edc                SVC_Handler
 .text.DebugMon_Handler
                0x08002eea        0xe ./Core/Src/stm32f4xx_it.o
                0x08002eea                DebugMon_Handler
 .text.PendSV_Handler
                0x08002ef8        0xe ./Core/Src/stm32f4xx_it.o
                0x08002ef8                PendSV_Handler
 .text.SysTick_Handler
                0x08002f06        0xc ./Core/Src/stm32f4xx_it.o
                0x08002f06                SysTick_Handler
 *fill*         0x08002f12        0x2 
 .text.USART3_IRQHandler
                0x08002f14       0x14 ./Core/Src/stm32f4xx_it.o
                0x08002f14                USART3_IRQHandler
 .text._sbrk    0x08002f28       0x6c ./Core/Src/sysmem.o
                0x08002f28                _sbrk
 .text.SystemInit
                0x08002f94       0x24 ./Core/Src/system_stm32f4xx.o
                0x08002f94                SystemInit
 .text.Reset_Handler
                0x08002fb8       0x50 ./Core/Startup/startup_stm32f407vetx.o
                0x08002fb8                Reset_Handler
 .text.Default_Handler
                0x08003008        0x2 ./Core/Startup/startup_stm32f407vetx.o
                0x08003008                DMA1_Stream3_IRQHandler
                0x08003008                HASH_RNG_IRQHandler
                0x08003008                EXTI2_IRQHandler
                0x08003008                TIM8_CC_IRQHandler
                0x08003008                TIM1_CC_IRQHandler
                0x08003008                DMA2_Stream5_IRQHandler
                0x08003008                DMA1_Stream5_IRQHandler
                0x08003008                PVD_IRQHandler
                0x08003008                SDIO_IRQHandler
                0x08003008                TAMP_STAMP_IRQHandler
                0x08003008                CAN2_RX1_IRQHandler
                0x08003008                EXTI3_IRQHandler
                0x08003008                TIM8_TRG_COM_TIM14_IRQHandler
                0x08003008                TIM1_UP_TIM10_IRQHandler
                0x08003008                TIM8_UP_TIM13_IRQHandler
                0x08003008                I2C3_ER_IRQHandler
                0x08003008                EXTI0_IRQHandler
                0x08003008                I2C2_EV_IRQHandler
                0x08003008                DMA1_Stream2_IRQHandler
                0x08003008                CAN1_RX0_IRQHandler
                0x08003008                FPU_IRQHandler
                0x08003008                OTG_HS_WKUP_IRQHandler
                0x08003008                CAN2_SCE_IRQHandler
                0x08003008                DMA2_Stream2_IRQHandler
                0x08003008                SPI1_IRQHandler
                0x08003008                TIM6_DAC_IRQHandler
                0x08003008                TIM1_BRK_TIM9_IRQHandler
                0x08003008                DCMI_IRQHandler
                0x08003008                CAN2_RX0_IRQHandler
                0x08003008                DMA2_Stream3_IRQHandler
                0x08003008                USART6_IRQHandler
                0x08003008                CAN1_RX1_IRQHandler
                0x08003008                UART5_IRQHandler
                0x08003008                DMA2_Stream0_IRQHandler
                0x08003008                TIM4_IRQHandler
                0x08003008                I2C1_EV_IRQHandler
                0x08003008                DMA1_Stream6_IRQHandler
                0x08003008                DMA1_Stream1_IRQHandler
                0x08003008                UART4_IRQHandler
                0x08003008                TIM3_IRQHandler
                0x08003008                RCC_IRQHandler
                0x08003008                TIM8_BRK_TIM12_IRQHandler
                0x08003008                Default_Handler
                0x08003008                EXTI15_10_IRQHandler
                0x08003008                ADC_IRQHandler
                0x08003008                DMA1_Stream7_IRQHandler
                0x08003008                TIM7_IRQHandler
                0x08003008                CAN2_TX_IRQHandler
                0x08003008                TIM5_IRQHandler
                0x08003008                DMA2_Stream7_IRQHandler
                0x08003008                I2C3_EV_IRQHandler
                0x08003008                EXTI9_5_IRQHandler
                0x08003008                RTC_WKUP_IRQHandler
                0x08003008                ETH_WKUP_IRQHandler
                0x08003008                SPI2_IRQHandler
                0x08003008                OTG_HS_EP1_IN_IRQHandler
                0x08003008                DMA1_Stream0_IRQHandler
                0x08003008                CAN1_TX_IRQHandler
                0x08003008                EXTI4_IRQHandler
                0x08003008                FSMC_IRQHandler
                0x08003008                ETH_IRQHandler
                0x08003008                OTG_HS_EP1_OUT_IRQHandler
                0x08003008                WWDG_IRQHandler
                0x08003008                TIM2_IRQHandler
                0x08003008                OTG_FS_WKUP_IRQHandler
                0x08003008                TIM1_TRG_COM_TIM11_IRQHandler
                0x08003008                OTG_HS_IRQHandler
                0x08003008                EXTI1_IRQHandler
                0x08003008                USART2_IRQHandler
                0x08003008                I2C2_ER_IRQHandler
                0x08003008                DMA2_Stream1_IRQHandler
                0x08003008                CAN1_SCE_IRQHandler
                0x08003008                FLASH_IRQHandler
                0x08003008                DMA2_Stream4_IRQHandler
                0x08003008                USART1_IRQHandler
                0x08003008                OTG_FS_IRQHandler
                0x08003008                SPI3_IRQHandler
                0x08003008                DMA1_Stream4_IRQHandler
                0x08003008                I2C1_ER_IRQHandler
                0x08003008                DMA2_Stream6_IRQHandler
                0x08003008                RTC_Alarm_IRQHandler
 *fill*         0x0800300a        0x2 
 .text.HAL_Init
                0x0800300c       0x44 ./Drivers/STM32F4xx_HAL_Driver/Src/stm32f4xx_hal.o
                0x0800300c                HAL_Init
 .text.HAL_InitTick
                0x08003050       0x60 ./Drivers/STM32F4xx_HAL_Driver/Src/stm32f4xx_hal.o
                0x08003050                HAL_InitTick
 .text.HAL_IncTick
                0x080030b0       0x28 ./Drivers/STM32F4xx_HAL_Driver/Src/stm32f4xx_hal.o
                0x080030b0                HAL_IncTick
 .text.HAL_GetTick
                0x080030d8       0x18 ./Drivers/STM32F4xx_HAL_Driver/Src/stm32f4xx_hal.o
                0x080030d8                HAL_GetTick
 .text.HAL_Delay
                0x080030f0       0x48 ./Drivers/STM32F4xx_HAL_Driver/Src/stm32f4xx_hal.o
                0x080030f0                HAL_Delay
 .text.__NVIC_SetPriorityGrouping
                0x08003138       0x48 ./Drivers/STM32F4xx_HAL_Driver/Src/stm32f4xx_hal_cortex.o
 .text.__NVIC_GetPriorityGrouping
                0x08003180       0x1c ./Drivers/STM32F4xx_HAL_Driver/Src/stm32f4xx_hal_cortex.o
 .text.__NVIC_EnableIRQ
                0x0800319c       0x3c ./Drivers/STM32F4xx_HAL_Driver/Src/stm32f4xx_hal_cortex.o
 .text.__NVIC_SetPriority
                0x080031d8       0x54 ./Drivers/STM32F4xx_HAL_Driver/Src/stm32f4xx_hal_cortex.o
 .text.NVIC_EncodePriority
                0x0800322c       0x66 ./Drivers/STM32F4xx_HAL_Driver/Src/stm32f4xx_hal_cortex.o
 *fill*         0x08003292        0x2 
 .text.SysTick_Config
                0x08003294       0x44 ./Drivers/STM32F4xx_HAL_Driver/Src/stm32f4xx_hal_cortex.o
 .text.HAL_NVIC_SetPriorityGrouping
                0x080032d8       0x16 ./Drivers/STM32F4xx_HAL_Driver/Src/stm32f4xx_hal_cortex.o
                0x080032d8                HAL_NVIC_SetPriorityGrouping
 .text.HAL_NVIC_SetPriority
                0x080032ee       0x38 ./Drivers/STM32F4xx_HAL_Driver/Src/stm32f4xx_hal_cortex.o
                0x080032ee                HAL_NVIC_SetPriority
 .text.HAL_NVIC_EnableIRQ
                0x08003326       0x1c ./Drivers/STM32F4xx_HAL_Driver/Src/stm32f4xx_hal_cortex.o
                0x08003326                HAL_NVIC_EnableIRQ
 .text.HAL_SYSTICK_Config
                0x08003342       0x18 ./Drivers/STM32F4xx_HAL_Driver/Src/stm32f4xx_hal_cortex.o
                0x08003342                HAL_SYSTICK_Config
 .text.HAL_DMA_Abort
                0x0800335a       0xe0 ./Drivers/STM32F4xx_HAL_Driver/Src/stm32f4xx_hal_dma.o
                0x0800335a                HAL_DMA_Abort
 .text.HAL_DMA_Abort_IT
                0x0800343a       0x44 ./Drivers/STM32F4xx_HAL_Driver/Src/stm32f4xx_hal_dma.o
                0x0800343a                HAL_DMA_Abort_IT
 *fill*         0x0800347e        0x2 
 .text.HAL_GPIO_Init
                0x08003480      0x338 ./Drivers/STM32F4xx_HAL_Driver/Src/stm32f4xx_hal_gpio.o
                0x08003480                HAL_GPIO_Init
 .text.HAL_GPIO_WritePin
                0x080037b8       0x32 ./Drivers/STM32F4xx_HAL_Driver/Src/stm32f4xx_hal_gpio.o
                0x080037b8                HAL_GPIO_WritePin
 .text.HAL_GPIO_TogglePin
                0x080037ea       0x34 ./Drivers/STM32F4xx_HAL_Driver/Src/stm32f4xx_hal_gpio.o
                0x080037ea                HAL_GPIO_TogglePin
 *fill*         0x0800381e        0x2 
 .text.HAL_I2C_Init
                0x08003820      0x288 ./Drivers/STM32F4xx_HAL_Driver/Src/stm32f4xx_hal_i2c.o
                0x08003820                HAL_I2C_Init
 .text.HAL_I2C_Mem_Write
                0x08003aa8      0x1f4 ./Drivers/STM32F4xx_HAL_Driver/Src/stm32f4xx_hal_i2c.o
                0x08003aa8                HAL_I2C_Mem_Write
 .text.HAL_I2C_Mem_Read
                0x08003c9c      0x464 ./Drivers/STM32F4xx_HAL_Driver/Src/stm32f4xx_hal_i2c.o
                0x08003c9c                HAL_I2C_Mem_Read
 .text.I2C_RequestMemoryWrite
                0x08004100      0x12c ./Drivers/STM32F4xx_HAL_Driver/Src/stm32f4xx_hal_i2c.o
 .text.I2C_RequestMemoryRead
                0x0800422c      0x1d0 ./Drivers/STM32F4xx_HAL_Driver/Src/stm32f4xx_hal_i2c.o
 .text.I2C_WaitOnFlagUntilTimeout
                0x080043fc       0xf4 ./Drivers/STM32F4xx_HAL_Driver/Src/stm32f4xx_hal_i2c.o
 .text.I2C_WaitOnMasterAddressFlagUntilTimeout
                0x080044f0      0x140 ./Drivers/STM32F4xx_HAL_Driver/Src/stm32f4xx_hal_i2c.o
 .text.I2C_WaitOnTXEFlagUntilTimeout
                0x08004630       0x90 ./Drivers/STM32F4xx_HAL_Driver/Src/stm32f4xx_hal_i2c.o
 .text.I2C_WaitOnBTFFlagUntilTimeout
                0x080046c0       0x90 ./Drivers/STM32F4xx_HAL_Driver/Src/stm32f4xx_hal_i2c.o
 .text.I2C_WaitOnRXNEFlagUntilTimeout
                0x08004750       0xba ./Drivers/STM32F4xx_HAL_Driver/Src/stm32f4xx_hal_i2c.o
 .text.I2C_IsAcknowledgeFailed
                0x0800480a       0x5e ./Drivers/STM32F4xx_HAL_Driver/Src/stm32f4xx_hal_i2c.o
 .text.HAL_RCC_OscConfig
                0x08004868      0x4f0 ./Drivers/STM32F4xx_HAL_Driver/Src/stm32f4xx_hal_rcc.o
                0x08004868                HAL_RCC_OscConfig
 .text.HAL_RCC_ClockConfig
                0x08004d58      0x1cc ./Drivers/STM32F4xx_HAL_Driver/Src/stm32f4xx_hal_rcc.o
                0x08004d58                HAL_RCC_ClockConfig
 .text.HAL_RCC_GetSysClockFreq
                0x08004f24      0x188 ./Drivers/STM32F4xx_HAL_Driver/Src/stm32f4xx_hal_rcc.o
                0x08004f24                HAL_RCC_GetSysClockFreq
 .text.HAL_RCC_GetHCLKFreq
                0x080050ac       0x18 ./Drivers/STM32F4xx_HAL_Driver/Src/stm32f4xx_hal_rcc.o
                0x080050ac                HAL_RCC_GetHCLKFreq
 .text.HAL_RCC_GetPCLK1Freq
                0x080050c4       0x28 ./Drivers/STM32F4xx_HAL_Driver/Src/stm32f4xx_hal_rcc.o
                0x080050c4                HAL_RCC_GetPCLK1Freq
 .text.HAL_RCC_GetPCLK2Freq
                0x080050ec       0x28 ./Drivers/STM32F4xx_HAL_Driver/Src/stm32f4xx_hal_rcc.o
                0x080050ec                HAL_RCC_GetPCLK2Freq
 .text.HAL_TIM_PWM_Init
                0x08005114       0x9e ./Drivers/STM32F4xx_HAL_Driver/Src/stm32f4xx_hal_tim.o
                0x08005114                HAL_TIM_PWM_Init
 *fill*         0x080051b2        0x2 
 .text.HAL_TIM_PWM_Start
                0x080051b4      0x190 ./Drivers/STM32F4xx_HAL_Driver/Src/stm32f4xx_hal_tim.o
                0x080051b4                HAL_TIM_PWM_Start
 .text.HAL_TIM_Encoder_Init
                0x08005344      0x14c ./Drivers/STM32F4xx_HAL_Driver/Src/stm32f4xx_hal_tim.o
                0x08005344                HAL_TIM_Encoder_Init
 .text.HAL_TIM_Encoder_Start
                0x08005490      0x11c ./Drivers/STM32F4xx_HAL_Driver/Src/stm32f4xx_hal_tim.o
                0x08005490                HAL_TIM_Encoder_Start
 .text.HAL_TIM_PWM_ConfigChannel
                0x080055ac      0x184 ./Drivers/STM32F4xx_HAL_Driver/Src/stm32f4xx_hal_tim.o
                0x080055ac                HAL_TIM_PWM_ConfigChannel
 .text.TIM_Base_SetConfig
                0x08005730      0x14c ./Drivers/STM32F4xx_HAL_Driver/Src/stm32f4xx_hal_tim.o
                0x08005730                TIM_Base_SetConfig
 .text.TIM_OC1_SetConfig
                0x0800587c       0xe0 ./Drivers/STM32F4xx_HAL_Driver/Src/stm32f4xx_hal_tim.o
 .text.TIM_OC2_SetConfig
                0x0800595c       0xec ./Drivers/STM32F4xx_HAL_Driver/Src/stm32f4xx_hal_tim.o
                0x0800595c                TIM_OC2_SetConfig
 .text.TIM_OC3_SetConfig
                0x08005a48       0xe8 ./Drivers/STM32F4xx_HAL_Driver/Src/stm32f4xx_hal_tim.o
 .text.TIM_OC4_SetConfig
                0x08005b30       0xac ./Drivers/STM32F4xx_HAL_Driver/Src/stm32f4xx_hal_tim.o
 .text.TIM_CCxChannelCmd
                0x08005bdc       0x4a ./Drivers/STM32F4xx_HAL_Driver/Src/stm32f4xx_hal_tim.o
                0x08005bdc                TIM_CCxChannelCmd
 *fill*         0x08005c26        0x2 
 .text.HAL_TIMEx_MasterConfigSynchronization
                0x08005c28       0xf8 ./Drivers/STM32F4xx_HAL_Driver/Src/stm32f4xx_hal_tim_ex.o
                0x08005c28                HAL_TIMEx_MasterConfigSynchronization
 .text.HAL_UART_Init
                0x08005d20       0xa0 ./Drivers/STM32F4xx_HAL_Driver/Src/stm32f4xx_hal_uart.o
                0x08005d20                HAL_UART_Init
 .text.HAL_UART_Transmit
                0x08005dc0      0x116 ./Drivers/STM32F4xx_HAL_Driver/Src/stm32f4xx_hal_uart.o
                0x08005dc0                HAL_UART_Transmit
 .text.HAL_UART_Receive_IT
                0x08005ed6       0x4a ./Drivers/STM32F4xx_HAL_Driver/Src/stm32f4xx_hal_uart.o
                0x08005ed6                HAL_UART_Receive_IT
 .text.HAL_UART_IRQHandler
                0x08005f20      0x554 ./Drivers/STM32F4xx_HAL_Driver/Src/stm32f4xx_hal_uart.o
                0x08005f20                HAL_UART_IRQHandler
 .text.HAL_UART_TxCpltCallback
                0x08006474       0x14 ./Drivers/STM32F4xx_HAL_Driver/Src/stm32f4xx_hal_uart.o
                0x08006474                HAL_UART_TxCpltCallback
 .text.HAL_UART_ErrorCallback
                0x08006488       0x14 ./Drivers/STM32F4xx_HAL_Driver/Src/stm32f4xx_hal_uart.o
                0x08006488                HAL_UART_ErrorCallback
 .text.HAL_UARTEx_RxEventCallback
                0x0800649c       0x18 ./Drivers/STM32F4xx_HAL_Driver/Src/stm32f4xx_hal_uart.o
                0x0800649c                HAL_UARTEx_RxEventCallback
 .text.UART_WaitOnFlagUntilTimeout
                0x080064b4       0xb2 ./Drivers/STM32F4xx_HAL_Driver/Src/stm32f4xx_hal_uart.o
 .text.UART_Start_Receive_IT
                0x08006566       0x74 ./Drivers/STM32F4xx_HAL_Driver/Src/stm32f4xx_hal_uart.o
                0x08006566                UART_Start_Receive_IT
 .text.UART_EndRxTransfer
                0x080065da       0xc6 ./Drivers/STM32F4xx_HAL_Driver/Src/stm32f4xx_hal_uart.o
 .text.UART_DMAAbortOnError
                0x080066a0       0x22 ./Drivers/STM32F4xx_HAL_Driver/Src/stm32f4xx_hal_uart.o
 .text.UART_Transmit_IT
                0x080066c2       0xa0 ./Drivers/STM32F4xx_HAL_Driver/Src/stm32f4xx_hal_uart.o
 .text.UART_EndTransmit_IT
                0x08006762       0x30 ./Drivers/STM32F4xx_HAL_Driver/Src/stm32f4xx_hal_uart.o
 .text.UART_Receive_IT
                0x08006792      0x17c ./Drivers/STM32F4xx_HAL_Driver/Src/stm32f4xx_hal_uart.o
 *fill*         0x0800690e        0x2 
 .text.UART_SetConfig
                0x08006910      0x4e8 ./Drivers/STM32F4xx_HAL_Driver/Src/stm32f4xx_hal_uart.o
 .text.atoi     0x08006df8        0x8 /Applications/STM32CubeIDE.app/Contents/Eclipse/plugins/com.st.stm32cube.ide.mcu.externaltools.gnu-tools-for-stm32.14.3.rel1.macosaarch64_1.0.0.202602081740/tools/bin/../lib/gcc/arm-none-eabi/14.3.1/../../../../arm-none-eabi/lib/thumb/v7e-m+fp/hard/libc_nano.a(libc_a-atoi.o)
                0x08006df8                atoi
 .text.snprintf
                0x08006e00       0x6c /Applications/STM32CubeIDE.app/Contents/Eclipse/plugins/com.st.stm32cube.ide.mcu.externaltools.gnu-tools-for-stm32.14.3.rel1.macosaarch64_1.0.0.202602081740/tools/bin/../lib/gcc/arm-none-eabi/14.3.1/../../../../arm-none-eabi/lib/thumb/v7e-m+fp/hard/libc_nano.a(libc_a-snprintf.o)
                0x08006e00                snprintf
                0x08006e00                sniprintf
 .text._strtol_l.isra.0
                0x08006e6c       0xf4 /Applications/STM32CubeIDE.app/Contents/Eclipse/plugins/com.st.stm32cube.ide.mcu.externaltools.gnu-tools-for-stm32.14.3.rel1.macosaarch64_1.0.0.202602081740/tools/bin/../lib/gcc/arm-none-eabi/14.3.1/../../../../arm-none-eabi/lib/thumb/v7e-m+fp/hard/libc_nano.a(libc_a-strtol.o)
 .text.strtol   0x08006f60       0x14 /Applications/STM32CubeIDE.app/Contents/Eclipse/plugins/com.st.stm32cube.ide.mcu.externaltools.gnu-tools-for-stm32.14.3.rel1.macosaarch64_1.0.0.202602081740/tools/bin/../lib/gcc/arm-none-eabi/14.3.1/../../../../arm-none-eabi/lib/thumb/v7e-m+fp/hard/libc_nano.a(libc_a-strtol.o)
                0x08006f60                strtol
 .text.memset   0x08006f74       0x10 /Applications/STM32CubeIDE.app/Contents/Eclipse/plugins/com.st.stm32cube.ide.mcu.externaltools.gnu-tools-for-stm32.14.3.rel1.macosaarch64_1.0.0.202602081740/tools/bin/../lib/gcc/arm-none-eabi/14.3.1/../../../../arm-none-eabi/lib/thumb/v7e-m+fp/hard/libc_nano.a(libc_a-memset.o)
                0x08006f74                memset
 .text.strncmp  0x08006f84       0x24 /Applications/STM32CubeIDE.app/Contents/Eclipse/plugins/com.st.stm32cube.ide.mcu.externaltools.gnu-tools-for-stm32.14.3.rel1.macosaarch64_1.0.0.202602081740/tools/bin/../lib/gcc/arm-none-eabi/14.3.1/../../../../arm-none-eabi/lib/thumb/v7e-m+fp/hard/libc_nano.a(libc_a-strncmp.o)
                0x08006f84                strncmp
 .text.__errno  0x08006fa8        0xc /Applications/STM32CubeIDE.app/Contents/Eclipse/plugins/com.st.stm32cube.ide.mcu.externaltools.gnu-tools-for-stm32.14.3.rel1.macosaarch64_1.0.0.202602081740/tools/bin/../lib/gcc/arm-none-eabi/14.3.1/../../../../arm-none-eabi/lib/thumb/v7e-m+fp/hard/libc_nano.a(libc_a-errno.o)
                0x08006fa8                __errno
 .text.__libc_init_array
                0x08006fb4       0x48 /Applications/STM32CubeIDE.app/Contents/Eclipse/plugins/com.st.stm32cube.ide.mcu.externaltools.gnu-tools-for-stm32.14.3.rel1.macosaarch64_1.0.0.202602081740/tools/bin/../lib/gcc/arm-none-eabi/14.3.1/../../../../arm-none-eabi/lib/thumb/v7e-m+fp/hard/libc_nano.a(libc_a-init.o)
                0x08006fb4                __libc_init_array
 .text.__retarget_lock_acquire_recursive
                0x08006ffc        0x2 /Applications/STM32CubeIDE.app/Contents/Eclipse/plugins/com.st.stm32cube.ide.mcu.externaltools.gnu-tools-for-stm32.14.3.rel1.macosaarch64_1.0.0.202602081740/tools/bin/../lib/gcc/arm-none-eabi/14.3.1/../../../../arm-none-eabi/lib/thumb/v7e-m+fp/hard/libc_nano.a(libc_a-lock.o)
                0x08006ffc                __retarget_lock_acquire_recursive
 .text.__retarget_lock_release_recursive
                0x08006ffe        0x2 /Applications/STM32CubeIDE.app/Contents/Eclipse/plugins/com.st.stm32cube.ide.mcu.externaltools.gnu-tools-for-stm32.14.3.rel1.macosaarch64_1.0.0.202602081740/tools/bin/../lib/gcc/arm-none-eabi/14.3.1/../../../../arm-none-eabi/lib/thumb/v7e-m+fp/hard/libc_nano.a(libc_a-lock.o)
                0x08006ffe                __retarget_lock_release_recursive
 .text.__ssputs_r
                0x08007000       0xc0 /Applications/STM32CubeIDE.app/Contents/Eclipse/plugins/com.st.stm32cube.ide.mcu.externaltools.gnu-tools-for-stm32.14.3.rel1.macosaarch64_1.0.0.202602081740/tools/bin/../lib/gcc/arm-none-eabi/14.3.1/../../../../arm-none-eabi/lib/thumb/v7e-m+fp/hard/libc_nano.a(libc_a-nano-svfprintf.o)
                0x08007000                __ssputs_r
 .text._svfprintf_r
                0x080070c0      0x1f0 /Applications/STM32CubeIDE.app/Contents/Eclipse/plugins/com.st.stm32cube.ide.mcu.externaltools.gnu-tools-for-stm32.14.3.rel1.macosaarch64_1.0.0.202602081740/tools/bin/../lib/gcc/arm-none-eabi/14.3.1/../../../../arm-none-eabi/lib/thumb/v7e-m+fp/hard/libc_nano.a(libc_a-nano-svfprintf.o)
                0x080070c0                _svfprintf_r
                0x080070c0                _svfiprintf_r
 .text.sbrk_aligned
                0x080072b0       0x44 /Applications/STM32CubeIDE.app/Contents/Eclipse/plugins/com.st.stm32cube.ide.mcu.externaltools.gnu-tools-for-stm32.14.3.rel1.macosaarch64_1.0.0.202602081740/tools/bin/../lib/gcc/arm-none-eabi/14.3.1/../../../../arm-none-eabi/lib/thumb/v7e-m+fp/hard/libc_nano.a(libc_a-mallocr.o)
 .text._malloc_r
                0x080072f4      0x100 /Applications/STM32CubeIDE.app/Contents/Eclipse/plugins/com.st.stm32cube.ide.mcu.externaltools.gnu-tools-for-stm32.14.3.rel1.macosaarch64_1.0.0.202602081740/tools/bin/../lib/gcc/arm-none-eabi/14.3.1/../../../../arm-none-eabi/lib/thumb/v7e-m+fp/hard/libc_nano.a(libc_a-mallocr.o)
                0x080072f4                _malloc_r
 .text._printf_common
                0x080073f4       0xda /Applications/STM32CubeIDE.app/Contents/Eclipse/plugins/com.st.stm32cube.ide.mcu.externaltools.gnu-tools-for-stm32.14.3.rel1.macosaarch64_1.0.0.202602081740/tools/bin/../lib/gcc/arm-none-eabi/14.3.1/../../../../arm-none-eabi/lib/thumb/v7e-m+fp/hard/libc_nano.a(libc_a-nano-vfprintf_i.o)
                0x080073f4                _printf_common
 *fill*         0x080074ce        0x2 
 .text._printf_i
                0x080074d0      0x24c /Applications/STM32CubeIDE.app/Contents/Eclipse/plugins/com.st.stm32cube.ide.mcu.externaltools.gnu-tools-for-stm32.14.3.rel1.macosaarch64_1.0.0.202602081740/tools/bin/../lib/gcc/arm-none-eabi/14.3.1/../../../../arm-none-eabi/lib/thumb/v7e-m+fp/hard/libc_nano.a(libc_a-nano-vfprintf_i.o)
                0x080074d0                _printf_i
 .text.__malloc_lock
                0x0800771c        0xc /Applications/STM32CubeIDE.app/Contents/Eclipse/plugins/com.st.stm32cube.ide.mcu.externaltools.gnu-tools-for-stm32.14.3.rel1.macosaarch64_1.0.0.202602081740/tools/bin/../lib/gcc/arm-none-eabi/14.3.1/../../../../arm-none-eabi/lib/thumb/v7e-m+fp/hard/libc_nano.a(libc_a-mlock.o)
                0x0800771c                __malloc_lock
 .text.__malloc_unlock
                0x08007728        0xc /Applications/STM32CubeIDE.app/Contents/Eclipse/plugins/com.st.stm32cube.ide.mcu.externaltools.gnu-tools-for-stm32.14.3.rel1.macosaarch64_1.0.0.202602081740/tools/bin/../lib/gcc/arm-none-eabi/14.3.1/../../../../arm-none-eabi/lib/thumb/v7e-m+fp/hard/libc_nano.a(libc_a-mlock.o)
                0x08007728                __malloc_unlock
 .text._realloc_r
                0x08007734       0x5c /Applications/STM32CubeIDE.app/Contents/Eclipse/plugins/com.st.stm32cube.ide.mcu.externaltools.gnu-tools-for-stm32.14.3.rel1.macosaarch64_1.0.0.202602081740/tools/bin/../lib/gcc/arm-none-eabi/14.3.1/../../../../arm-none-eabi/lib/thumb/v7e-m+fp/hard/libc_nano.a(libc_a-reallocr.o)
                0x08007734                _realloc_r
 .text.memmove  0x08007790       0x32 /Applications/STM32CubeIDE.app/Contents/Eclipse/plugins/com.st.stm32cube.ide.mcu.externaltools.gnu-tools-for-stm32.14.3.rel1.macosaarch64_1.0.0.202602081740/tools/bin/../lib/gcc/arm-none-eabi/14.3.1/../../../../arm-none-eabi/lib/thumb/v7e-m+fp/hard/libc_nano.a(libc_a-memmove.o)
                0x08007790                memmove
 *fill*         0x080077c2        0x2 
 .text._sbrk_r  0x080077c4       0x20 /Applications/STM32CubeIDE.app/Contents/Eclipse/plugins/com.st.stm32cube.ide.mcu.externaltools.gnu-tools-for-stm32.14.3.rel1.macosaarch64_1.0.0.202602081740/tools/bin/../lib/gcc/arm-none-eabi/14.3.1/../../../../arm-none-eabi/lib/thumb/v7e-m+fp/hard/libc_nano.a(libc_a-sbrkr.o)
                0x080077c4                _sbrk_r
 .text.memcpy   0x080077e4       0x1c /Applications/STM32CubeIDE.app/Contents/Eclipse/plugins/com.st.stm32cube.ide.mcu.externaltools.gnu-tools-for-stm32.14.3.rel1.macosaarch64_1.0.0.202602081740/tools/bin/../lib/gcc/arm-none-eabi/14.3.1/../../../../arm-none-eabi/lib/thumb/v7e-m+fp/hard/libc_nano.a(libc_a-memcpy-stub.o)
                0x080077e4                memcpy
 .text._free_r  0x08007800       0x94 /Applications/STM32CubeIDE.app/Contents/Eclipse/plugins/com.st.stm32cube.ide.mcu.externaltools.gnu-tools-for-stm32.14.3.rel1.macosaarch64_1.0.0.202602081740/tools/bin/../lib/gcc/arm-none-eabi/14.3.1/../../../../arm-none-eabi/lib/thumb/v7e-m+fp/hard/libc_nano.a(libc_a-freer.o)
                0x08007800                _free_r
 .text._malloc_usable_size_r
                0x08007894       0x10 /Applications/STM32CubeIDE.app/Contents/Eclipse/plugins/com.st.stm32cube.ide.mcu.externaltools.gnu-tools-for-stm32.14.3.rel1.macosaarch64_1.0.0.202602081740/tools/bin/../lib/gcc/arm-none-eabi/14.3.1/../../../../arm-none-eabi/lib/thumb/v7e-m+fp/hard/libc_nano.a(libc_a-msizer.o)
                0x08007894                _malloc_usable_size_r
 *(.glue_7)
 .glue_7        0x080078a4        0x0 linker stubs
 *(.glue_7t)
 .glue_7t       0x080078a4        0x0 linker stubs
 *(.eh_frame)
 .eh_frame      0x080078a4        0x0 /Applications/STM32CubeIDE.app/Contents/Eclipse/plugins/com.st.stm32cube.ide.mcu.externaltools.gnu-tools-for-stm32.14.3.rel1.macosaarch64_1.0.0.202602081740/tools/bin/../lib/gcc/arm-none-eabi/14.3.1/thumb/v7e-m+fp/hard/crtbegin.o
 *(.init)
 .init          0x080078a4        0x4 /Applications/STM32CubeIDE.app/Contents/Eclipse/plugins/com.st.stm32cube.ide.mcu.externaltools.gnu-tools-for-stm32.14.3.rel1.macosaarch64_1.0.0.202602081740/tools/bin/../lib/gcc/arm-none-eabi/14.3.1/thumb/v7e-m+fp/hard/crti.o
                0x080078a4                _init
 .init          0x080078a8        0x8 /Applications/STM32CubeIDE.app/Contents/Eclipse/plugins/com.st.stm32cube.ide.mcu.externaltools.gnu-tools-for-stm32.14.3.rel1.macosaarch64_1.0.0.202602081740/tools/bin/../lib/gcc/arm-none-eabi/14.3.1/thumb/v7e-m+fp/hard/crtn.o
 *(.fini)
 .fini          0x080078b0        0x4 /Applications/STM32CubeIDE.app/Contents/Eclipse/plugins/com.st.stm32cube.ide.mcu.externaltools.gnu-tools-for-stm32.14.3.rel1.macosaarch64_1.0.0.202602081740/tools/bin/../lib/gcc/arm-none-eabi/14.3.1/thumb/v7e-m+fp/hard/crti.o
                0x080078b0                _fini
 .fini          0x080078b4        0x8 /Applications/STM32CubeIDE.app/Contents/Eclipse/plugins/com.st.stm32cube.ide.mcu.externaltools.gnu-tools-for-stm32.14.3.rel1.macosaarch64_1.0.0.202602081740/tools/bin/../lib/gcc/arm-none-eabi/14.3.1/thumb/v7e-m+fp/hard/crtn.o
                0x080078bc                        . = ALIGN (0x4)
                0x080078bc                        _etext = .

.vfp11_veneer   0x080078bc        0x0
 .vfp11_veneer  0x080078bc        0x0 linker stubs

.v4_bx          0x080078bc        0x0
 .v4_bx         0x080078bc        0x0 linker stubs

.iplt           0x080078bc        0x0
 .iplt          0x080078bc        0x0 /Applications/STM32CubeIDE.app/Contents/Eclipse/plugins/com.st.stm32cube.ide.mcu.externaltools.gnu-tools-for-stm32.14.3.rel1.macosaarch64_1.0.0.202602081740/tools/bin/../lib/gcc/arm-none-eabi/14.3.1/thumb/v7e-m+fp/hard/crtbegin.o

.rodata         0x080078bc      0x288
                0x080078bc                        . = ALIGN (0x4)
 *(.rodata)
 .rodata        0x080078bc      0x13b ./Core/Src/main.o
 *(.rodata*)
 *fill*         0x080079f7        0x1 
 .rodata.AHBPrescTable
                0x080079f8       0x10 ./Core/Src/system_stm32f4xx.o
                0x080079f8                AHBPrescTable
 .rodata.APBPrescTable
                0x08007a08        0x8 ./Core/Src/system_stm32f4xx.o
                0x08007a08                APBPrescTable
 .rodata._ctype_
                0x08007a10      0x101 /Applications/STM32CubeIDE.app/Contents/Eclipse/plugins/com.st.stm32cube.ide.mcu.externaltools.gnu-tools-for-stm32.14.3.rel1.macosaarch64_1.0.0.202602081740/tools/bin/../lib/gcc/arm-none-eabi/14.3.1/../../../../arm-none-eabi/lib/thumb/v7e-m+fp/hard/libc_nano.a(libc_a-ctype_.o)
                0x08007a10                _ctype_
 .rodata._svfprintf_r.str1.1
                0x08007b11       0x33 /Applications/STM32CubeIDE.app/Contents/Eclipse/plugins/com.st.stm32cube.ide.mcu.externaltools.gnu-tools-for-stm32.14.3.rel1.macosaarch64_1.0.0.202602081740/tools/bin/../lib/gcc/arm-none-eabi/14.3.1/../../../../arm-none-eabi/lib/thumb/v7e-m+fp/hard/libc_nano.a(libc_a-nano-svfprintf.o)
                                 0x11 (size before relaxing)
 .rodata._printf_i.str1.1
                0x08007b44       0x22 /Applications/STM32CubeIDE.app/Contents/Eclipse/plugins/com.st.stm32cube.ide.mcu.externaltools.gnu-tools-for-stm32.14.3.rel1.macosaarch64_1.0.0.202602081740/tools/bin/../lib/gcc/arm-none-eabi/14.3.1/../../../../arm-none-eabi/lib/thumb/v7e-m+fp/hard/libc_nano.a(libc_a-nano-vfprintf_i.o)
                0x08007b68                        . = ALIGN (0x4)

.ARM.extab      0x08007b44        0x0
                0x08007b44                        . = ALIGN (0x4)
 *(.ARM.extab* .gnu.linkonce.armextab.*)
                0x08007b44                        . = ALIGN (0x4)

.ARM            0x08007b44        0x8
                0x08007b44                        . = ALIGN (0x4)
                0x08007b44                        __exidx_start = .
 *(.ARM.exidx*)
 .ARM.exidx     0x08007b44        0x8 /Applications/STM32CubeIDE.app/Contents/Eclipse/plugins/com.st.stm32cube.ide.mcu.externaltools.gnu-tools-for-stm32.14.3.rel1.macosaarch64_1.0.0.202602081740/tools/bin/../lib/gcc/arm-none-eabi/14.3.1/../../../../arm-none-eabi/lib/thumb/v7e-m+fp/hard/libc_nano.a(libc_a-strcmp.o)
 .ARM.exidx     0x08007b4c        0x0 /Applications/STM32CubeIDE.app/Contents/Eclipse/plugins/com.st.stm32cube.ide.mcu.externaltools.gnu-tools-for-stm32.14.3.rel1.macosaarch64_1.0.0.202602081740/tools/bin/../lib/gcc/arm-none-eabi/14.3.1/../../../../arm-none-eabi/lib/thumb/v7e-m+fp/hard/libc_nano.a(libc_a-memchr.o)
                                  0x8 (size before relaxing)
 .ARM.exidx     0x08007b4c        0x0 /Applications/STM32CubeIDE.app/Contents/Eclipse/plugins/com.st.stm32cube.ide.mcu.externaltools.gnu-tools-for-stm32.14.3.rel1.macosaarch64_1.0.0.202602081740/tools/bin/../lib/gcc/arm-none-eabi/14.3.1/thumb/v7e-m+fp/hard/libgcc.a(_udivmoddi4.o)
                                  0x8 (size before relaxing)
                0x08007b4c                        __exidx_end = .
                0x08007b4c                        . = ALIGN (0x4)

.preinit_array  0x08007b4c        0x0
                0x08007b4c                        . = ALIGN (0x4)
                0x08007b4c                        PROVIDE (__preinit_array_start = .)
 *(.preinit_array*)
                0x08007b4c                        PROVIDE (__preinit_array_end = .)
                0x08007b4c                        . = ALIGN (0x4)

.init_array     0x08007b4c        0x4
                0x08007b4c                        . = ALIGN (0x4)
                0x08007b4c                        PROVIDE (__init_array_start = .)
 *(SORT_BY_NAME(.init_array.*))
 *(.init_array*)
 .init_array    0x08007b4c        0x4 /Applications/STM32CubeIDE.app/Contents/Eclipse/plugins/com.st.stm32cube.ide.mcu.externaltools.gnu-tools-for-stm32.14.3.rel1.macosaarch64_1.0.0.202602081740/tools/bin/../lib/gcc/arm-none-eabi/14.3.1/thumb/v7e-m+fp/hard/crtbegin.o
                0x08007b50                        PROVIDE (__init_array_end = .)
                0x08007b50                        . = ALIGN (0x4)

.fini_array     0x08007b50        0x4
                0x08007b50                        . = ALIGN (0x4)
                [!provide]                        PROVIDE (__fini_array_start = .)
 *(SORT_BY_NAME(.fini_array.*))
 *(.fini_array*)
 .fini_array    0x08007b50        0x4 /Applications/STM32CubeIDE.app/Contents/Eclipse/plugins/com.st.stm32cube.ide.mcu.externaltools.gnu-tools-for-stm32.14.3.rel1.macosaarch64_1.0.0.202602081740/tools/bin/../lib/gcc/arm-none-eabi/14.3.1/thumb/v7e-m+fp/hard/crtbegin.o
                [!provide]                        PROVIDE (__fini_array_end = .)
                0x08007b54                        . = ALIGN (0x4)
                0x08007b54                        _sidata = LOADADDR (.data)

.rel.dyn        0x08007b54        0x0
 .rel.iplt      0x08007b54        0x0 /Applications/STM32CubeIDE.app/Contents/Eclipse/plugins/com.st.stm32cube.ide.mcu.externaltools.gnu-tools-for-stm32.14.3.rel1.macosaarch64_1.0.0.202602081740/tools/bin/../lib/gcc/arm-none-eabi/14.3.1/thumb/v7e-m+fp/hard/crtbegin.o

.data           0x20000000      0x1b0 load address 0x08007b54
                0x20000000                        . = ALIGN (0x4)
                0x20000000                        _sdata = .
 *(.data)
 *(.data*)
 .data.pong     0x20000000        0x7 ./Core/Src/main.o
                0x20000000                pong
 *fill*         0x20000007        0x1 
 .data.err_unknown
                0x20000008        0xe ./Core/Src/main.o
                0x20000008                err_unknown
 *fill*         0x20000016        0x2 
 .data.ack_f    0x20000018        0x8 ./Core/Src/main.o
                0x20000018                ack_f
 .data.ack_b    0x20000020        0x8 ./Core/Src/main.o
                0x20000020                ack_b
 .data.ack_s    0x20000028        0x8 ./Core/Src/main.o
                0x20000028                ack_s
 .data.err_range
                0x20000030        0xc ./Core/Src/main.o
                0x20000030                err_range
 .data.err_busy
                0x2000003c        0xb ./Core/Src/main.o
                0x2000003c                err_busy
 *fill*         0x20000047        0x1 
 .data.ack_fw   0x20000048        0x9 ./Core/Src/main.o
                0x20000048                ack_fw
 *fill*         0x20000051        0x3 
 .data.ack_bw   0x20000054        0x9 ./Core/Src/main.o
                0x20000054                ack_bw
 *fill*         0x2000005d        0x3 
 .data.ack_fs   0x20000060        0x9 ./Core/Src/main.o
                0x20000060                ack_fs
 *fill*         0x20000069        0x3 
 .data.ack_bs   0x2000006c        0x9 ./Core/Src/main.o
                0x2000006c                ack_bs
 *fill*         0x20000075        0x3 
 .data.ack_pl   0x20000078        0x9 ./Core/Src/main.o
                0x20000078                ack_pl
 *fill*         0x20000081        0x3 
 .data.ack_pr   0x20000084        0x9 ./Core/Src/main.o
                0x20000084                ack_pr
 *fill*         0x2000008d        0x3 
 .data.ack_tl   0x20000090        0x9 ./Core/Src/main.o
                0x20000090                ack_tl
 *fill*         0x20000099        0x3 
 .data.ack_tr   0x2000009c        0x9 ./Core/Src/main.o
                0x2000009c                ack_tr
 *fill*         0x200000a5        0x3 
 .data.ack_bl   0x200000a8        0x9 ./Core/Src/main.o
                0x200000a8                ack_bl
 *fill*         0x200000b1        0x3 
 .data.ack_br   0x200000b4        0x9 ./Core/Src/main.o
                0x200000b4                ack_br
 *fill*         0x200000bd        0x3 
 .data.done_fw  0x200000c0        0xa ./Core/Src/main.o
                0x200000c0                done_fw
 *fill*         0x200000ca        0x2 
 .data.done_bw  0x200000cc        0xa ./Core/Src/main.o
                0x200000cc                done_bw
 *fill*         0x200000d6        0x2 
 .data.done_fs  0x200000d8        0xa ./Core/Src/main.o
                0x200000d8                done_fs
 *fill*         0x200000e2        0x2 
 .data.done_bs  0x200000e4        0xa ./Core/Src/main.o
                0x200000e4                done_bs
 *fill*         0x200000ee        0x2 
 .data.done_pl  0x200000f0        0xa ./Core/Src/main.o
                0x200000f0                done_pl
 *fill*         0x200000fa        0x2 
 .data.done_pr  0x200000fc        0xa ./Core/Src/main.o
                0x200000fc                done_pr
 *fill*         0x20000106        0x2 
 .data.done_tl  0x20000108        0xa ./Core/Src/main.o
                0x20000108                done_tl
 *fill*         0x20000112        0x2 
 .data.done_tr  0x20000114        0xa ./Core/Src/main.o
                0x20000114                done_tr
 *fill*         0x2000011e        0x2 
 .data.done_bl  0x20000120        0xa ./Core/Src/main.o
                0x20000120                done_bl
 *fill*         0x2000012a        0x2 
 .data.done_br  0x2000012c        0xa ./Core/Src/main.o
                0x2000012c                done_br
 *fill*         0x20000136        0x2 
 .data.done_f   0x20000138        0x9 ./Core/Src/main.o
                0x20000138                done_f
 *fill*         0x20000141        0x3 
 .data.done_b   0x20000144        0x9 ./Core/Src/main.o
                0x20000144                done_b
 *fill*         0x2000014d        0x3 
 .data.servo_pulse_us
                0x20000150        0x4 ./Core/Src/main.o
                0x20000150                servo_pulse_us
 .data.SystemCoreClock
                0x20000154        0x4 ./Core/Src/system_stm32f4xx.o
                0x20000154                SystemCoreClock
 .data.uwTickPrio
                0x20000158        0x4 ./Drivers/STM32F4xx_HAL_Driver/Src/stm32f4xx_hal.o
                0x20000158                uwTickPrio
 .data.uwTickFreq
                0x2000015c        0x1 ./Drivers/STM32F4xx_HAL_Driver/Src/stm32f4xx_hal.o
                0x2000015c                uwTickFreq
 *fill*         0x2000015d        0x3 
 .data._impure_ptr
                0x20000160        0x4 /Applications/STM32CubeIDE.app/Contents/Eclipse/plugins/com.st.stm32cube.ide.mcu.externaltools.gnu-tools-for-stm32.14.3.rel1.macosaarch64_1.0.0.202602081740/tools/bin/../lib/gcc/arm-none-eabi/14.3.1/../../../../arm-none-eabi/lib/thumb/v7e-m+fp/hard/libc_nano.a(libc_a-impure.o)
                0x20000160                _impure_ptr
 .data._impure_data
                0x20000164       0x4c /Applications/STM32CubeIDE.app/Contents/Eclipse/plugins/com.st.stm32cube.ide.mcu.externaltools.gnu-tools-for-stm32.14.3.rel1.macosaarch64_1.0.0.202602081740/tools/bin/../lib/gcc/arm-none-eabi/14.3.1/../../../../arm-none-eabi/lib/thumb/v7e-m+fp/hard/libc_nano.a(libc_a-impure.o)
                0x20000164                _impure_data
 *(.RamFunc)
 *(.RamFunc*)
                0x200001b0                        . = ALIGN (0x4)
                0x200001b0                        _edata = .
                0x08007d04                        _siccmram = LOADADDR (.ccmram)

.igot.plt       0x200001b0        0x0 load address 0x08007d04
 .igot.plt      0x200001b0        0x0 /Applications/STM32CubeIDE.app/Contents/Eclipse/plugins/com.st.stm32cube.ide.mcu.externaltools.gnu-tools-for-stm32.14.3.rel1.macosaarch64_1.0.0.202602081740/tools/bin/../lib/gcc/arm-none-eabi/14.3.1/thumb/v7e-m+fp/hard/crtbegin.o

.ccmram         0x10000000        0x0 load address 0x08007d04
                0x10000000                        . = ALIGN (0x4)
                0x10000000                        _sccmram = .
 *(.ccmram)
 *(.ccmram*)
                0x10000000                        . = ALIGN (0x4)
                0x10000000                        _eccmram = .
                0x10000000                        . = ALIGN (0x4)

.bss            0x200001b0      0x3ac
                0x200001b0                        _sbss = .
                0x200001b0                        __bss_start__ = _sbss
 *(.bss)
 .bss           0x200001b0       0x1c /Applications/STM32CubeIDE.app/Contents/Eclipse/plugins/com.st.stm32cube.ide.mcu.externaltools.gnu-tools-for-stm32.14.3.rel1.macosaarch64_1.0.0.202602081740/tools/bin/../lib/gcc/arm-none-eabi/14.3.1/thumb/v7e-m+fp/hard/crtbegin.o
 *(.bss*)
 .bss.htim2     0x200001cc       0x48 ./Core/Src/main.o
                0x200001cc                htim2
 .bss.htim3     0x20000214       0x48 ./Core/Src/main.o
                0x20000214                htim3
 .bss.htim4     0x2000025c       0x48 ./Core/Src/main.o
                0x2000025c                htim4
 .bss.htim9     0x200002a4       0x48 ./Core/Src/main.o
                0x200002a4                htim9
 .bss.htim12    0x200002ec       0x48 ./Core/Src/main.o
                0x200002ec                htim12
 .bss.hi2c2     0x20000334       0x54 ./Core/Src/main.o
                0x20000334                hi2c2
 .bss.huart3    0x20000388       0x48 ./Core/Src/main.o
                0x20000388                huart3
 .bss.rx_byte   0x200003d0        0x1 ./Core/Src/main.o
                0x200003d0                rx_byte
 *fill*         0x200003d1        0x3 
 .bss.rx_buf    0x200003d4       0x20 ./Core/Src/main.o
                0x200003d4                rx_buf
 .bss.rx_index  0x200003f4        0x1 ./Core/Src/main.o
                0x200003f4                rx_index
 .bss.pending_move
                0x200003f5        0x1 ./Core/Src/main.o
                0x200003f5                pending_move
 .bss.pending_arc
                0x200003f6        0x1 ./Core/Src/main.o
                0x200003f6                pending_arc
 *fill*         0x200003f7        0x1 
 .bss.pending_arc_deg
                0x200003f8        0x2 ./Core/Src/main.o
                0x200003f8                pending_arc_deg
 .bss.pending_fw_cm
                0x200003fa        0x2 ./Core/Src/main.o
                0x200003fa                pending_fw_cm
 .bss.pending_bw_cm
                0x200003fc        0x2 ./Core/Src/main.o
                0x200003fc                pending_bw_cm
 .bss.pending_fs_cm
                0x200003fe        0x2 ./Core/Src/main.o
                0x200003fe                pending_fs_cm
 .bss.pending_bs_cm
                0x20000400        0x2 ./Core/Src/main.o
                0x20000400                pending_bs_cm
 .bss.pending_pivot
                0x20000402        0x1 ./Core/Src/main.o
                0x20000402                pending_pivot
 *fill*         0x20000403        0x1 
 .bss.pending_pivot_deg
                0x20000404        0x2 ./Core/Src/main.o
                0x20000404                pending_pivot_deg
 .bss.pending_imu
                0x20000406        0x1 ./Core/Src/main.o
                0x20000406                pending_imu
 .bss.pending_gyro
                0x20000407        0x1 ./Core/Src/main.o
                0x20000407                pending_gyro
 .bss.drive_abort
                0x20000408        0x1 ./Core/Src/main.o
                0x20000408                drive_abort
 .bss.icm_ready.0
                0x20000409        0x1 ./Core/Src/main.o
 *fill*         0x2000040a        0x2 
 .bss.__sbrk_heap_end
                0x2000040c        0x4 ./Core/Src/sysmem.o
 .bss.uwTick    0x20000410        0x4 ./Drivers/STM32F4xx_HAL_Driver/Src/stm32f4xx_hal.o
                0x20000410                uwTick
 .bss.__sf      0x20000414      0x138 /Applications/STM32CubeIDE.app/Contents/Eclipse/plugins/com.st.stm32cube.ide.mcu.externaltools.gnu-tools-for-stm32.14.3.rel1.macosaarch64_1.0.0.202602081740/tools/bin/../lib/gcc/arm-none-eabi/14.3.1/../../../../arm-none-eabi/lib/thumb/v7e-m+fp/hard/libc_nano.a(libc_a-findfp.o)
                0x20000414                __sf
 .bss.__lock___malloc_recursive_mutex
                0x2000054c        0x1 /Applications/STM32CubeIDE.app/Contents/Eclipse/plugins/com.st.stm32cube.ide.mcu.externaltools.gnu-tools-for-stm32.14.3.rel1.macosaarch64_1.0.0.202602081740/tools/bin/../lib/gcc/arm-none-eabi/14.3.1/../../../../arm-none-eabi/lib/thumb/v7e-m+fp/hard/libc_nano.a(libc_a-lock.o)
                0x2000054c                __lock___malloc_recursive_mutex
 *fill*         0x2000054d        0x3 
 .bss.__malloc_sbrk_start
                0x20000550        0x4 /Applications/STM32CubeIDE.app/Contents/Eclipse/plugins/com.st.stm32cube.ide.mcu.externaltools.gnu-tools-for-stm32.14.3.rel1.macosaarch64_1.0.0.202602081740/tools/bin/../lib/gcc/arm-none-eabi/14.3.1/../../../../arm-none-eabi/lib/thumb/v7e-m+fp/hard/libc_nano.a(libc_a-mallocr.o)
                0x20000550                __malloc_sbrk_start
 .bss.__malloc_free_list
                0x20000554        0x4 /Applications/STM32CubeIDE.app/Contents/Eclipse/plugins/com.st.stm32cube.ide.mcu.externaltools.gnu-tools-for-stm32.14.3.rel1.macosaarch64_1.0.0.202602081740/tools/bin/../lib/gcc/arm-none-eabi/14.3.1/../../../../arm-none-eabi/lib/thumb/v7e-m+fp/hard/libc_nano.a(libc_a-mallocr.o)
                0x20000554                __malloc_free_list
 .bss.errno     0x20000558        0x4 /Applications/STM32CubeIDE.app/Contents/Eclipse/plugins/com.st.stm32cube.ide.mcu.externaltools.gnu-tools-for-stm32.14.3.rel1.macosaarch64_1.0.0.202602081740/tools/bin/../lib/gcc/arm-none-eabi/14.3.1/../../../../arm-none-eabi/lib/thumb/v7e-m+fp/hard/libc_nano.a(libc_a-reent.o)
                0x20000558                errno
 *(COMMON)
                0x2000055c                        . = ALIGN (0x4)
                0x2000055c                        _ebss = .
                0x2000055c                        __bss_end__ = _ebss

._user_heap_stack
                0x2000055c      0x604
                0x20000560                        . = ALIGN (0x8)
 *fill*         0x2000055c        0x4 
                [!provide]                        PROVIDE (end = .)
                0x20000560                        PROVIDE (_end = .)
                0x20000760                        . = (. + _Min_Heap_Size)
 *fill*         0x20000560      0x200 
                0x20000b60                        . = (. + _Min_Stack_Size)
 *fill*         0x20000760      0x400 
                0x20000b60                        . = ALIGN (0x8)

/DISCARD/
 libc.a(*)
 libm.a(*)
 libgcc.a(*)

.ARM.attributes
                0x00000000       0x30
 *(.ARM.attributes)
 .ARM.attributes
                0x00000000       0x22 /Applications/STM32CubeIDE.app/Contents/Eclipse/plugins/com.st.stm32cube.ide.mcu.externaltools.gnu-tools-for-stm32.14.3.rel1.macosaarch64_1.0.0.202602081740/tools/bin/../lib/gcc/arm-none-eabi/14.3.1/thumb/v7e-m+fp/hard/crti.o
 .ARM.attributes
                0x00000022       0x34 /Applications/STM32CubeIDE.app/Contents/Eclipse/plugins/com.st.stm32cube.ide.mcu.externaltools.gnu-tools-for-stm32.14.3.rel1.macosaarch64_1.0.0.202602081740/tools/bin/../lib/gcc/arm-none-eabi/14.3.1/thumb/v7e-m+fp/hard/crtbegin.o
 .ARM.attributes
                0x00000056       0x34 ./Core/Src/main.o
 .ARM.attributes
                0x0000008a       0x34 ./Core/Src/stm32f4xx_hal_msp.o
 .ARM.attributes
                0x000000be       0x34 ./Core/Src/stm32f4xx_it.o
 .ARM.attributes
                0x000000f2       0x34 ./Core/Src/sysmem.o
 .ARM.attributes
                0x00000126       0x34 ./Core/Src/system_stm32f4xx.o
 .ARM.attributes
                0x0000015a       0x21 ./Core/Startup/startup_stm32f407vetx.o
 .ARM.attributes
                0x0000017b       0x34 ./Drivers/STM32F4xx_HAL_Driver/Src/stm32f4xx_hal.o
 .ARM.attributes
                0x000001af       0x34 ./Drivers/STM32F4xx_HAL_Driver/Src/stm32f4xx_hal_cortex.o
 .ARM.attributes
                0x000001e3       0x34 ./Drivers/STM32F4xx_HAL_Driver/Src/stm32f4xx_hal_dma.o
 .ARM.attributes
                0x00000217       0x34 ./Drivers/STM32F4xx_HAL_Driver/Src/stm32f4xx_hal_gpio.o
 .ARM.attributes
                0x0000024b       0x34 ./Drivers/STM32F4xx_HAL_Driver/Src/stm32f4xx_hal_i2c.o
 .ARM.attributes
                0x0000027f       0x34 ./Drivers/STM32F4xx_HAL_Driver/Src/stm32f4xx_hal_rcc.o
 .ARM.attributes
                0x000002b3       0x34 ./Drivers/STM32F4xx_HAL_Driver/Src/stm32f4xx_hal_tim.o
 .ARM.attributes
                0x000002e7       0x34 ./Drivers/STM32F4xx_HAL_Driver/Src/stm32f4xx_hal_tim_ex.o
 .ARM.attributes
                0x0000031b       0x34 ./Drivers/STM32F4xx_HAL_Driver/Src/stm32f4xx_hal_uart.o
 .ARM.attributes
                0x0000034f       0x34 /Applications/STM32CubeIDE.app/Contents/Eclipse/plugins/com.st.stm32cube.ide.mcu.externaltools.gnu-tools-for-stm32.14.3.rel1.macosaarch64_1.0.0.202602081740/tools/bin/../lib/gcc/arm-none-eabi/14.3.1/../../../../arm-none-eabi/lib/thumb/v7e-m+fp/hard/libc_nano.a(libc_a-atoi.o)
 .ARM.attributes
                0x00000383       0x34 /Applications/STM32CubeIDE.app/Contents/Eclipse/plugins/com.st.stm32cube.ide.mcu.externaltools.gnu-tools-for-stm32.14.3.rel1.macosaarch64_1.0.0.202602081740/tools/bin/../lib/gcc/arm-none-eabi/14.3.1/../../../../arm-none-eabi/lib/thumb/v7e-m+fp/hard/libc_nano.a(libc_a-snprintf.o)
 .ARM.attributes
                0x000003b7       0x34 /Applications/STM32CubeIDE.app/Contents/Eclipse/plugins/com.st.stm32cube.ide.mcu.externaltools.gnu-tools-for-stm32.14.3.rel1.macosaarch64_1.0.0.202602081740/tools/bin/../lib/gcc/arm-none-eabi/14.3.1/../../../../arm-none-eabi/lib/thumb/v7e-m+fp/hard/libc_nano.a(libc_a-findfp.o)
 .ARM.attributes
                0x000003eb       0x34 /Applications/STM32CubeIDE.app/Contents/Eclipse/plugins/com.st.stm32cube.ide.mcu.externaltools.gnu-tools-for-stm32.14.3.rel1.macosaarch64_1.0.0.202602081740/tools/bin/../lib/gcc/arm-none-eabi/14.3.1/../../../../arm-none-eabi/lib/thumb/v7e-m+fp/hard/libc_nano.a(libc_a-strtol.o)
 .ARM.attributes
                0x0000041f       0x34 /Applications/STM32CubeIDE.app/Contents/Eclipse/plugins/com.st.stm32cube.ide.mcu.externaltools.gnu-tools-for-stm32.14.3.rel1.macosaarch64_1.0.0.202602081740/tools/bin/../lib/gcc/arm-none-eabi/14.3.1/../../../../arm-none-eabi/lib/thumb/v7e-m+fp/hard/libc_nano.a(libc_a-memset.o)
 .ARM.attributes
                0x00000453       0x34 /Applications/STM32CubeIDE.app/Contents/Eclipse/plugins/com.st.stm32cube.ide.mcu.externaltools.gnu-tools-for-stm32.14.3.rel1.macosaarch64_1.0.0.202602081740/tools/bin/../lib/gcc/arm-none-eabi/14.3.1/../../../../arm-none-eabi/lib/thumb/v7e-m+fp/hard/libc_nano.a(libc_a-strncmp.o)
 .ARM.attributes
                0x00000487       0x34 /Applications/STM32CubeIDE.app/Contents/Eclipse/plugins/com.st.stm32cube.ide.mcu.externaltools.gnu-tools-for-stm32.14.3.rel1.macosaarch64_1.0.0.202602081740/tools/bin/../lib/gcc/arm-none-eabi/14.3.1/../../../../arm-none-eabi/lib/thumb/v7e-m+fp/hard/libc_nano.a(libc_a-errno.o)
 .ARM.attributes
                0x000004bb       0x34 /Applications/STM32CubeIDE.app/Contents/Eclipse/plugins/com.st.stm32cube.ide.mcu.externaltools.gnu-tools-for-stm32.14.3.rel1.macosaarch64_1.0.0.202602081740/tools/bin/../lib/gcc/arm-none-eabi/14.3.1/../../../../arm-none-eabi/lib/thumb/v7e-m+fp/hard/libc_nano.a(libc_a-init.o)
 .ARM.attributes
                0x000004ef       0x34 /Applications/STM32CubeIDE.app/Contents/Eclipse/plugins/com.st.stm32cube.ide.mcu.externaltools.gnu-tools-for-stm32.14.3.rel1.macosaarch64_1.0.0.202602081740/tools/bin/../lib/gcc/arm-none-eabi/14.3.1/../../../../arm-none-eabi/lib/thumb/v7e-m+fp/hard/libc_nano.a(libc_a-lock.o)
 .ARM.attributes
                0x00000523       0x34 /Applications/STM32CubeIDE.app/Contents/Eclipse/plugins/com.st.stm32cube.ide.mcu.externaltools.gnu-tools-for-stm32.14.3.rel1.macosaarch64_1.0.0.202602081740/tools/bin/../lib/gcc/arm-none-eabi/14.3.1/../../../../arm-none-eabi/lib/thumb/v7e-m+fp/hard/libc_nano.a(libc_a-impure.o)
 .ARM.attributes
                0x00000557       0x20 /Applications/STM32CubeIDE.app/Contents/Eclipse/plugins/com.st.stm32cube.ide.mcu.externaltools.gnu-tools-for-stm32.14.3.rel1.macosaarch64_1.0.0.202602081740/tools/bin/../lib/gcc/arm-none-eabi/14.3.1/../../../../arm-none-eabi/lib/thumb/v7e-m+fp/hard/libc_nano.a(libc_a-strcmp.o)
 .ARM.attributes
                0x00000577       0x34 /Applications/STM32CubeIDE.app/Contents/Eclipse/plugins/com.st.stm32cube.ide.mcu.externaltools.gnu-tools-for-stm32.14.3.rel1.macosaarch64_1.0.0.202602081740/tools/bin/../lib/gcc/arm-none-eabi/14.3.1/../../../../arm-none-eabi/lib/thumb/v7e-m+fp/hard/libc_nano.a(libc_a-ctype_.o)
 .ARM.attributes
                0x000005ab       0x34 /Applications/STM32CubeIDE.app/Contents/Eclipse/plugins/com.st.stm32cube.ide.mcu.externaltools.gnu-tools-for-stm32.14.3.rel1.macosaarch64_1.0.0.202602081740/tools/bin/../lib/gcc/arm-none-eabi/14.3.1/../../../../arm-none-eabi/lib/thumb/v7e-m+fp/hard/libc_nano.a(libc_a-nano-svfprintf.o)
 .ARM.attributes
                0x000005df       0x34 /Applications/STM32CubeIDE.app/Contents/Eclipse/plugins/com.st.stm32cube.ide.mcu.externaltools.gnu-tools-for-stm32.14.3.rel1.macosaarch64_1.0.0.202602081740/tools/bin/../lib/gcc/arm-none-eabi/14.3.1/../../../../arm-none-eabi/lib/thumb/v7e-m+fp/hard/libc_nano.a(libc_a-mallocr.o)
 .ARM.attributes
                0x00000613       0x34 /Applications/STM32CubeIDE.app/Contents/Eclipse/plugins/com.st.stm32cube.ide.mcu.externaltools.gnu-tools-for-stm32.14.3.rel1.macosaarch64_1.0.0.202602081740/tools/bin/../lib/gcc/arm-none-eabi/14.3.1/../../../../arm-none-eabi/lib/thumb/v7e-m+fp/hard/libc_nano.a(libc_a-nano-vfprintf_i.o)
 .ARM.attributes
                0x00000647       0x34 /Applications/STM32CubeIDE.app/Contents/Eclipse/plugins/com.st.stm32cube.ide.mcu.externaltools.gnu-tools-for-stm32.14.3.rel1.macosaarch64_1.0.0.202602081740/tools/bin/../lib/gcc/arm-none-eabi/14.3.1/../../../../arm-none-eabi/lib/thumb/v7e-m+fp/hard/libc_nano.a(libc_a-mlock.o)
 .ARM.attributes
                0x0000067b       0x34 /Applications/STM32CubeIDE.app/Contents/Eclipse/plugins/com.st.stm32cube.ide.mcu.externaltools.gnu-tools-for-stm32.14.3.rel1.macosaarch64_1.0.0.202602081740/tools/bin/../lib/gcc/arm-none-eabi/14.3.1/../../../../arm-none-eabi/lib/thumb/v7e-m+fp/hard/libc_nano.a(libc_a-reallocr.o)
 .ARM.attributes
                0x000006af       0x34 /Applications/STM32CubeIDE.app/Contents/Eclipse/plugins/com.st.stm32cube.ide.mcu.externaltools.gnu-tools-for-stm32.14.3.rel1.macosaarch64_1.0.0.202602081740/tools/bin/../lib/gcc/arm-none-eabi/14.3.1/../../../../arm-none-eabi/lib/thumb/v7e-m+fp/hard/libc_nano.a(libc_a-memmove.o)
 .ARM.attributes
                0x000006e3       0x34 /Applications/STM32CubeIDE.app/Contents/Eclipse/plugins/com.st.stm32cube.ide.mcu.externaltools.gnu-tools-for-stm32.14.3.rel1.macosaarch64_1.0.0.202602081740/tools/bin/../lib/gcc/arm-none-eabi/14.3.1/../../../../arm-none-eabi/lib/thumb/v7e-m+fp/hard/libc_nano.a(libc_a-sbrkr.o)
 .ARM.attributes
                0x00000717       0x34 /Applications/STM32CubeIDE.app/Contents/Eclipse/plugins/com.st.stm32cube.ide.mcu.externaltools.gnu-tools-for-stm32.14.3.rel1.macosaarch64_1.0.0.202602081740/tools/bin/../lib/gcc/arm-none-eabi/14.3.1/../../../../arm-none-eabi/lib/thumb/v7e-m+fp/hard/libc_nano.a(libc_a-reent.o)
 .ARM.attributes
                0x0000074b       0x1c /Applications/STM32CubeIDE.app/Contents/Eclipse/plugins/com.st.stm32cube.ide.mcu.externaltools.gnu-tools-for-stm32.14.3.rel1.macosaarch64_1.0.0.202602081740/tools/bin/../lib/gcc/arm-none-eabi/14.3.1/../../../../arm-none-eabi/lib/thumb/v7e-m+fp/hard/libc_nano.a(libc_a-memchr.o)
 .ARM.attributes
                0x00000767       0x34 /Applications/STM32CubeIDE.app/Contents/Eclipse/plugins/com.st.stm32cube.ide.mcu.externaltools.gnu-tools-for-stm32.14.3.rel1.macosaarch64_1.0.0.202602081740/tools/bin/../lib/gcc/arm-none-eabi/14.3.1/../../../../arm-none-eabi/lib/thumb/v7e-m+fp/hard/libc_nano.a(libc_a-memcpy-stub.o)
 .ARM.attributes
                0x0000079b       0x34 /Applications/STM32CubeIDE.app/Contents/Eclipse/plugins/com.st.stm32cube.ide.mcu.externaltools.gnu-tools-for-stm32.14.3.rel1.macosaarch64_1.0.0.202602081740/tools/bin/../lib/gcc/arm-none-eabi/14.3.1/../../../../arm-none-eabi/lib/thumb/v7e-m+fp/hard/libc_nano.a(libc_a-freer.o)
 .ARM.attributes
                0x000007cf       0x34 /Applications/STM32CubeIDE.app/Contents/Eclipse/plugins/com.st.stm32cube.ide.mcu.externaltools.gnu-tools-for-stm32.14.3.rel1.macosaarch64_1.0.0.202602081740/tools/bin/../lib/gcc/arm-none-eabi/14.3.1/../../../../arm-none-eabi/lib/thumb/v7e-m+fp/hard/libc_nano.a(libc_a-msizer.o)
 .ARM.attributes
                0x00000803       0x22 /Applications/STM32CubeIDE.app/Contents/Eclipse/plugins/com.st.stm32cube.ide.mcu.externaltools.gnu-tools-for-stm32.14.3.rel1.macosaarch64_1.0.0.202602081740/tools/bin/../lib/gcc/arm-none-eabi/14.3.1/thumb/v7e-m+fp/hard/libgcc.a(_aeabi_uldivmod.o)
 .ARM.attributes
                0x00000825       0x34 /Applications/STM32CubeIDE.app/Contents/Eclipse/plugins/com.st.stm32cube.ide.mcu.externaltools.gnu-tools-for-stm32.14.3.rel1.macosaarch64_1.0.0.202602081740/tools/bin/../lib/gcc/arm-none-eabi/14.3.1/thumb/v7e-m+fp/hard/libgcc.a(_udivmoddi4.o)
 .ARM.attributes
                0x00000859       0x22 /Applications/STM32CubeIDE.app/Contents/Eclipse/plugins/com.st.stm32cube.ide.mcu.externaltools.gnu-tools-for-stm32.14.3.rel1.macosaarch64_1.0.0.202602081740/tools/bin/../lib/gcc/arm-none-eabi/14.3.1/thumb/v7e-m+fp/hard/libgcc.a(_dvmd_tls.o)
 .ARM.attributes
                0x0000087b       0x22 /Applications/STM32CubeIDE.app/Contents/Eclipse/plugins/com.st.stm32cube.ide.mcu.externaltools.gnu-tools-for-stm32.14.3.rel1.macosaarch64_1.0.0.202602081740/tools/bin/../lib/gcc/arm-none-eabi/14.3.1/thumb/v7e-m+fp/hard/crtn.o
OUTPUT(MDPGrp11.elf elf32-littlearm)
LOAD linker stubs
LOAD /Applications/STM32CubeIDE.app/Contents/Eclipse/plugins/com.st.stm32cube.ide.mcu.externaltools.gnu-tools-for-stm32.14.3.rel1.macosaarch64_1.0.0.202602081740/tools/bin/../lib/gcc/arm-none-eabi/14.3.1/../../../../arm-none-eabi/lib/thumb/v7e-m+fp/hard/libc.a
LOAD /Applications/STM32CubeIDE.app/Contents/Eclipse/plugins/com.st.stm32cube.ide.mcu.externaltools.gnu-tools-for-stm32.14.3.rel1.macosaarch64_1.0.0.202602081740/tools/bin/../lib/gcc/arm-none-eabi/14.3.1/../../../../arm-none-eabi/lib/thumb/v7e-m+fp/hard/libm.a
LOAD /Applications/STM32CubeIDE.app/Contents/Eclipse/plugins/com.st.stm32cube.ide.mcu.externaltools.gnu-tools-for-stm32.14.3.rel1.macosaarch64_1.0.0.202602081740/tools/bin/../lib/gcc/arm-none-eabi/14.3.1/thumb/v7e-m+fp/hard/libgcc.a

.debug_info     0x00000000    0x1094d
 .debug_info    0x00000000     0x278e ./Core/Src/main.o
 .debug_info    0x0000278e     0x13c3 ./Core/Src/stm32f4xx_hal_msp.o
 .debug_info    0x00003b51      0x639 ./Core/Src/stm32f4xx_it.o
 .debug_info    0x0000418a      0x168 ./Core/Src/sysmem.o
 .debug_info    0x000042f2      0x512 ./Core/Src/system_stm32f4xx.o
 .debug_info    0x00004804       0x30 ./Core/Startup/startup_stm32f407vetx.o
 .debug_info    0x00004834      0x944 ./Drivers/STM32F4xx_HAL_Driver/Src/stm32f4xx_hal.o
 .debug_info    0x00005178      0xd8c ./Drivers/STM32F4xx_HAL_Driver/Src/stm32f4xx_hal_cortex.o
 .debug_info    0x00005f04      0x8e7 ./Drivers/STM32F4xx_HAL_Driver/Src/stm32f4xx_hal_dma.o
 .debug_info    0x000067eb      0x6c3 ./Drivers/STM32F4xx_HAL_Driver/Src/stm32f4xx_hal_gpio.o
 .debug_info    0x00006eae     0x2415 ./Drivers/STM32F4xx_HAL_Driver/Src/stm32f4xx_hal_i2c.o
 .debug_info    0x000092c3      0x8c3 ./Drivers/STM32F4xx_HAL_Driver/Src/stm32f4xx_hal_rcc.o
 .debug_info    0x00009b86     0x299d ./Drivers/STM32F4xx_HAL_Driver/Src/stm32f4xx_hal_tim.o
 .debug_info    0x0000c523     0x14db ./Drivers/STM32F4xx_HAL_Driver/Src/stm32f4xx_hal_tim_ex.o
 .debug_info    0x0000d9fe     0x2f4f ./Drivers/STM32F4xx_HAL_Driver/Src/stm32f4xx_hal_uart.o

.debug_abbrev   0x00000000     0x1fc2
 .debug_abbrev  0x00000000      0x341 ./Core/Src/main.o
 .debug_abbrev  0x00000341      0x23c ./Core/Src/stm32f4xx_hal_msp.o
 .debug_abbrev  0x0000057d      0x175 ./Core/Src/stm32f4xx_it.o
 .debug_abbrev  0x000006f2       0xbc ./Core/Src/sysmem.o
 .debug_abbrev  0x000007ae      0x11a ./Core/Src/system_stm32f4xx.o
 .debug_abbrev  0x000008c8       0x24 ./Core/Startup/startup_stm32f407vetx.o
 .debug_abbrev  0x000008ec      0x214 ./Drivers/STM32F4xx_HAL_Driver/Src/stm32f4xx_hal.o
 .debug_abbrev  0x00000b00      0x31d ./Drivers/STM32F4xx_HAL_Driver/Src/stm32f4xx_hal_cortex.o
 .debug_abbrev  0x00000e1d      0x264 ./Drivers/STM32F4xx_HAL_Driver/Src/stm32f4xx_hal_dma.o
 .debug_abbrev  0x00001081      0x1d4 ./Drivers/STM32F4xx_HAL_Driver/Src/stm32f4xx_hal_gpio.o
 .debug_abbrev  0x00001255      0x2ad ./Drivers/STM32F4xx_HAL_Driver/Src/stm32f4xx_hal_i2c.o
 .debug_abbrev  0x00001502      0x2b7 ./Drivers/STM32F4xx_HAL_Driver/Src/stm32f4xx_hal_rcc.o
 .debug_abbrev  0x000017b9      0x278 ./Drivers/STM32F4xx_HAL_Driver/Src/stm32f4xx_hal_tim.o
 .debug_abbrev  0x00001a31      0x283 ./Drivers/STM32F4xx_HAL_Driver/Src/stm32f4xx_hal_tim_ex.o
 .debug_abbrev  0x00001cb4      0x30e ./Drivers/STM32F4xx_HAL_Driver/Src/stm32f4xx_hal_uart.o

.debug_aranges  0x00000000     0x1058
 .debug_aranges
                0x00000000      0x1a8 ./Core/Src/main.o
 .debug_aranges
                0x000001a8       0x60 ./Core/Src/stm32f4xx_hal_msp.o
 .debug_aranges
                0x00000208       0x68 ./Core/Src/stm32f4xx_it.o
 .debug_aranges
                0x00000270       0x20 ./Core/Src/sysmem.o
 .debug_aranges
                0x00000290       0x28 ./Core/Src/system_stm32f4xx.o
 .debug_aranges
                0x000002b8       0x28 ./Core/Startup/startup_stm32f407vetx.o
 .debug_aranges
                0x000002e0       0xf0 ./Drivers/STM32F4xx_HAL_Driver/Src/stm32f4xx_hal.o
 .debug_aranges
                0x000003d0      0x130 ./Drivers/STM32F4xx_HAL_Driver/Src/stm32f4xx_hal_cortex.o
 .debug_aranges
                0x00000500       0x90 ./Drivers/STM32F4xx_HAL_Driver/Src/stm32f4xx_hal_dma.o
 .debug_aranges
                0x00000590       0x58 ./Drivers/STM32F4xx_HAL_Driver/Src/stm32f4xx_hal_gpio.o
 .debug_aranges
                0x000005e8      0x2a8 ./Drivers/STM32F4xx_HAL_Driver/Src/stm32f4xx_hal_i2c.o
 .debug_aranges
                0x00000890       0x88 ./Drivers/STM32F4xx_HAL_Driver/Src/stm32f4xx_hal_rcc.o
 .debug_aranges
                0x00000918      0x3d0 ./Drivers/STM32F4xx_HAL_Driver/Src/stm32f4xx_hal_tim.o
 .debug_aranges
                0x00000ce8      0x168 ./Drivers/STM32F4xx_HAL_Driver/Src/stm32f4xx_hal_tim_ex.o
 .debug_aranges
                0x00000e50      0x208 ./Drivers/STM32F4xx_HAL_Driver/Src/stm32f4xx_hal_uart.o

.debug_rnglists
                0x00000000      0xd1b
 .debug_rnglists
                0x00000000      0x169 ./Core/Src/main.o
 .debug_rnglists
                0x00000169       0x48 ./Core/Src/stm32f4xx_hal_msp.o
 .debug_rnglists
                0x000001b1       0x49 ./Core/Src/stm32f4xx_it.o
 .debug_rnglists
                0x000001fa       0x13 ./Core/Src/sysmem.o
 .debug_rnglists
                0x0000020d       0x1a ./Core/Src/system_stm32f4xx.o
 .debug_rnglists
                0x00000227       0x19 ./Core/Startup/startup_stm32f407vetx.o
 .debug_rnglists
                0x00000240       0xaf ./Drivers/STM32F4xx_HAL_Driver/Src/stm32f4xx_hal.o
 .debug_rnglists
                0x000002ef       0xe0 ./Drivers/STM32F4xx_HAL_Driver/Src/stm32f4xx_hal_cortex.o
 .debug_rnglists
                0x000003cf       0x70 ./Drivers/STM32F4xx_HAL_Driver/Src/stm32f4xx_hal_dma.o
 .debug_rnglists
                0x0000043f       0x3f ./Drivers/STM32F4xx_HAL_Driver/Src/stm32f4xx_hal_gpio.o
 .debug_rnglists
                0x0000047e      0x23c ./Drivers/STM32F4xx_HAL_Driver/Src/stm32f4xx_hal_i2c.o
 .debug_rnglists
                0x000006ba       0x66 ./Drivers/STM32F4xx_HAL_Driver/Src/stm32f4xx_hal_rcc.o
 .debug_rnglists
                0x00000720      0x31a ./Drivers/STM32F4xx_HAL_Driver/Src/stm32f4xx_hal_tim.o
 .debug_rnglists
                0x00000a3a      0x125 ./Drivers/STM32F4xx_HAL_Driver/Src/stm32f4xx_hal_tim_ex.o
 .debug_rnglists
                0x00000b5f      0x1bc ./Drivers/STM32F4xx_HAL_Driver/Src/stm32f4xx_hal_uart.o

.debug_macro    0x00000000    0x21a10
 .debug_macro   0x00000000      0x4e4 ./Core/Src/main.o
 .debug_macro   0x000004e4      0xad8 ./Core/Src/main.o
 .debug_macro   0x00000fbc      0x2a1 ./Core/Src/main.o
 .debug_macro   0x0000125d       0x2e ./Core/Src/main.o
 .debug_macro   0x0000128b       0x2f ./Core/Src/main.o
 .debug_macro   0x000012ba       0x22 ./Core/Src/main.o
 .debug_macro   0x000012dc       0x8e ./Core/Src/main.o
 .debug_macro   0x0000136a       0x51 ./Core/Src/main.o
 .debug_macro   0x000013bb      0x103 ./Core/Src/main.o
 .debug_macro   0x000014be       0x6a ./Core/Src/main.o
 .debug_macro   0x00001528      0x1df ./Core/Src/main.o
 .debug_macro   0x00001707       0x1c ./Core/Src/main.o
 .debug_macro   0x00001723       0x22 ./Core/Src/main.o
 .debug_macro   0x00001745       0xfb ./Core/Src/main.o
 .debug_macro   0x00001840     0x1011 ./Core/Src/main.o
 .debug_macro   0x00002851      0x11f ./Core/Src/main.o
 .debug_macro   0x00002970    0x15ea5 ./Core/Src/main.o
 .debug_macro   0x00018815       0x6d ./Core/Src/main.o
 .debug_macro   0x00018882     0x3693 ./Core/Src/main.o
 .debug_macro   0x0001bf15      0x190 ./Core/Src/main.o
 .debug_macro   0x0001c0a5       0x5c ./Core/Src/main.o
 .debug_macro   0x0001c101      0x980 ./Core/Src/main.o
 .debug_macro   0x0001ca81      0x9e9 ./Core/Src/main.o
 .debug_macro   0x0001d46a      0x115 ./Core/Src/main.o
 .debug_macro   0x0001d57f      0x13e ./Core/Src/main.o
 .debug_macro   0x0001d6bd       0xa5 ./Core/Src/main.o
 .debug_macro   0x0001d762      0x174 ./Core/Src/main.o
 .debug_macro   0x0001d8d6      0x287 ./Core/Src/main.o
 .debug_macro   0x0001db5d       0x5f ./Core/Src/main.o
 .debug_macro   0x0001dbbc      0x236 ./Core/Src/main.o
 .debug_macro   0x0001ddf2      0x12c ./Core/Src/main.o
 .debug_macro   0x0001df1e      0x21e ./Core/Src/main.o
 .debug_macro   0x0001e13c       0x2e ./Core/Src/main.o
 .debug_macro   0x0001e16a      0x1b5 ./Core/Src/main.o
 .debug_macro   0x0001e31f       0xd6 ./Core/Src/main.o
 .debug_macro   0x0001e3f5      0x127 ./Core/Src/main.o
 .debug_macro   0x0001e51c       0x7e ./Core/Src/main.o
 .debug_macro   0x0001e59a       0x89 ./Core/Src/main.o
 .debug_macro   0x0001e623      0x8ed ./Core/Src/main.o
 .debug_macro   0x0001ef10       0x4d ./Core/Src/main.o
 .debug_macro   0x0001ef5d      0x2aa ./Core/Src/main.o
 .debug_macro   0x0001f207      0x12d ./Core/Src/main.o
 .debug_macro   0x0001f334       0x1c ./Core/Src/main.o
 .debug_macro   0x0001f350       0x61 ./Core/Src/main.o
 .debug_macro   0x0001f3b1       0x2a ./Core/Src/main.o
 .debug_macro   0x0001f3db       0x43 ./Core/Src/main.o
 .debug_macro   0x0001f41e       0x34 ./Core/Src/main.o
 .debug_macro   0x0001f452      0x364 ./Core/Src/main.o
 .debug_macro   0x0001f7b6       0x16 ./Core/Src/main.o
 .debug_macro   0x0001f7cc       0x4a ./Core/Src/main.o
 .debug_macro   0x0001f816       0x34 ./Core/Src/main.o
 .debug_macro   0x0001f84a       0x10 ./Core/Src/main.o
 .debug_macro   0x0001f85a       0x58 ./Core/Src/main.o
 .debug_macro   0x0001f8b2       0x8e ./Core/Src/main.o
 .debug_macro   0x0001f940       0x1c ./Core/Src/main.o
 .debug_macro   0x0001f95c      0x17e ./Core/Src/main.o
 .debug_macro   0x0001fada       0x10 ./Core/Src/main.o
 .debug_macro   0x0001faea       0x3c ./Core/Src/main.o
 .debug_macro   0x0001fb26       0x20 ./Core/Src/main.o
 .debug_macro   0x0001fb46       0x1c ./Core/Src/main.o
 .debug_macro   0x0001fb62       0x10 ./Core/Src/main.o
 .debug_macro   0x0001fb72       0x1c ./Core/Src/main.o
 .debug_macro   0x0001fb8e       0x16 ./Core/Src/main.o
 .debug_macro   0x0001fba4      0x146 ./Core/Src/main.o
 .debug_macro   0x0001fcea       0x16 ./Core/Src/main.o
 .debug_macro   0x0001fd00       0x16 ./Core/Src/main.o
 .debug_macro   0x0001fd16       0x29 ./Core/Src/main.o
 .debug_macro   0x0001fd3f      0x19b ./Core/Src/main.o
 .debug_macro   0x0001feda      0x1f7 ./Core/Src/stm32f4xx_hal_msp.o
 .debug_macro   0x000200d1      0x201 ./Core/Src/stm32f4xx_it.o
 .debug_macro   0x000202d2      0x112 ./Core/Src/sysmem.o
 .debug_macro   0x000203e4      0x23c ./Core/Src/sysmem.o
 .debug_macro   0x00020620      0x1e8 ./Core/Src/system_stm32f4xx.o
 .debug_macro   0x00020808      0x248 ./Drivers/STM32F4xx_HAL_Driver/Src/stm32f4xx_hal.o
 .debug_macro   0x00020a50      0x1e8 ./Drivers/STM32F4xx_HAL_Driver/Src/stm32f4xx_hal_cortex.o
 .debug_macro   0x00020c38      0x1ee ./Drivers/STM32F4xx_HAL_Driver/Src/stm32f4xx_hal_dma.o
 .debug_macro   0x00020e26      0x1ee ./Drivers/STM32F4xx_HAL_Driver/Src/stm32f4xx_hal_gpio.o
 .debug_macro   0x00021014      0x236 ./Drivers/STM32F4xx_HAL_Driver/Src/stm32f4xx_hal_i2c.o
 .debug_macro   0x0002124a      0x20c ./Drivers/STM32F4xx_HAL_Driver/Src/stm32f4xx_hal_rcc.o
 .debug_macro   0x00021456      0x1e9 ./Drivers/STM32F4xx_HAL_Driver/Src/stm32f4xx_hal_tim.o
 .debug_macro   0x0002163f      0x1e8 ./Drivers/STM32F4xx_HAL_Driver/Src/stm32f4xx_hal_tim_ex.o
 .debug_macro   0x00021827      0x1e9 ./Drivers/STM32F4xx_HAL_Driver/Src/stm32f4xx_hal_uart.o

.debug_line     0x00000000    0x129bc
 .debug_line    0x00000000     0x1a73 ./Core/Src/main.o
 .debug_line    0x00001a73      0x905 ./Core/Src/stm32f4xx_hal_msp.o
 .debug_line    0x00002378      0x7e7 ./Core/Src/stm32f4xx_it.o
 .debug_line    0x00002b5f      0x53a ./Core/Src/sysmem.o
 .debug_line    0x00003099      0x796 ./Core/Src/system_stm32f4xx.o
 .debug_line    0x0000382f       0x7a ./Core/Startup/startup_stm32f407vetx.o
 .debug_line    0x000038a9      0xa15 ./Drivers/STM32F4xx_HAL_Driver/Src/stm32f4xx_hal.o
 .debug_line    0x000042be      0xce2 ./Drivers/STM32F4xx_HAL_Driver/Src/stm32f4xx_hal_cortex.o
 .debug_line    0x00004fa0      0xf7e ./Drivers/STM32F4xx_HAL_Driver/Src/stm32f4xx_hal_dma.o
 .debug_line    0x00005f1e      0xb67 ./Drivers/STM32F4xx_HAL_Driver/Src/stm32f4xx_hal_gpio.o
 .debug_line    0x00006a85     0x3abf ./Drivers/STM32F4xx_HAL_Driver/Src/stm32f4xx_hal_i2c.o
 .debug_line    0x0000a544      0xe1f ./Drivers/STM32F4xx_HAL_Driver/Src/stm32f4xx_hal_rcc.o
 .debug_line    0x0000b363     0x378d ./Drivers/STM32F4xx_HAL_Driver/Src/stm32f4xx_hal_tim.o
 .debug_line    0x0000eaf0     0x1972 ./Drivers/STM32F4xx_HAL_Driver/Src/stm32f4xx_hal_tim_ex.o
 .debug_line    0x00010462     0x255a ./Drivers/STM32F4xx_HAL_Driver/Src/stm32f4xx_hal_uart.o

.debug_str      0x00000000    0xcef95
 .debug_str     0x00000000    0xcef95 ./Core/Src/main.o
                              0xcb446 (size before relaxing)
 .debug_str     0x000cef95    0xc6905 ./Core/Src/stm32f4xx_hal_msp.o
 .debug_str     0x000cef95    0xc5d0a ./Core/Src/stm32f4xx_it.o
 .debug_str     0x000cef95     0x76fb ./Core/Src/sysmem.o
 .debug_str     0x000cef95    0xc592e ./Core/Src/system_stm32f4xx.o
 .debug_str     0x000cef95       0x73 ./Core/Startup/startup_stm32f407vetx.o
 .debug_str     0x000cef95    0xc64b2 ./Drivers/STM32F4xx_HAL_Driver/Src/stm32f4xx_hal.o
 .debug_str     0x000cef95    0xc622e ./Drivers/STM32F4xx_HAL_Driver/Src/stm32f4xx_hal_cortex.o
 .debug_str     0x000cef95    0xc5d48 ./Drivers/STM32F4xx_HAL_Driver/Src/stm32f4xx_hal_dma.o
 .debug_str     0x000cef95    0xc5aa9 ./Drivers/STM32F4xx_HAL_Driver/Src/stm32f4xx_hal_gpio.o
 .debug_str     0x000cef95    0xc694c ./Drivers/STM32F4xx_HAL_Driver/Src/stm32f4xx_hal_i2c.o
 .debug_str     0x000cef95    0xc5d62 ./Drivers/STM32F4xx_HAL_Driver/Src/stm32f4xx_hal_rcc.o
 .debug_str     0x000cef95    0xc6cb8 ./Drivers/STM32F4xx_HAL_Driver/Src/stm32f4xx_hal_tim.o
 .debug_str     0x000cef95    0xc64c4 ./Drivers/STM32F4xx_HAL_Driver/Src/stm32f4xx_hal_tim_ex.o
 .debug_str     0x000cef95    0xc6343 ./Drivers/STM32F4xx_HAL_Driver/Src/stm32f4xx_hal_uart.o

.comment        0x00000000       0x43
 .comment       0x00000000       0x43 ./Core/Src/main.o
                                 0x44 (size before relaxing)
 .comment       0x00000043       0x44 ./Core/Src/stm32f4xx_hal_msp.o
 .comment       0x00000043       0x44 ./Core/Src/stm32f4xx_it.o
 .comment       0x00000043       0x44 ./Core/Src/sysmem.o
 .comment       0x00000043       0x44 ./Core/Src/system_stm32f4xx.o
 .comment       0x00000043       0x44 ./Drivers/STM32F4xx_HAL_Driver/Src/stm32f4xx_hal.o
 .comment       0x00000043       0x44 ./Drivers/STM32F4xx_HAL_Driver/Src/stm32f4xx_hal_cortex.o
 .comment       0x00000043       0x44 ./Drivers/STM32F4xx_HAL_Driver/Src/stm32f4xx_hal_dma.o
 .comment       0x00000043       0x44 ./Drivers/STM32F4xx_HAL_Driver/Src/stm32f4xx_hal_gpio.o
 .comment       0x00000043       0x44 ./Drivers/STM32F4xx_HAL_Driver/Src/stm32f4xx_hal_i2c.o
 .comment       0x00000043       0x44 ./Drivers/STM32F4xx_HAL_Driver/Src/stm32f4xx_hal_rcc.o
 .comment       0x00000043       0x44 ./Drivers/STM32F4xx_HAL_Driver/Src/stm32f4xx_hal_tim.o
 .comment       0x00000043       0x44 ./Drivers/STM32F4xx_HAL_Driver/Src/stm32f4xx_hal_tim_ex.o
 .comment       0x00000043       0x44 ./Drivers/STM32F4xx_HAL_Driver/Src/stm32f4xx_hal_uart.o

.debug_frame    0x00000000     0x4990
 .debug_frame   0x00000000      0x6ac ./Core/Src/main.o
 .debug_frame   0x000006ac      0x154 ./Core/Src/stm32f4xx_hal_msp.o
 .debug_frame   0x00000800      0x114 ./Core/Src/stm32f4xx_it.o
 .debug_frame   0x00000914       0x34 ./Core/Src/sysmem.o
 .debug_frame   0x00000948       0x50 ./Core/Src/system_stm32f4xx.o
 .debug_frame   0x00000998      0x31c ./Drivers/STM32F4xx_HAL_Driver/Src/stm32f4xx_hal.o
 .debug_frame   0x00000cb4      0x4b8 ./Drivers/STM32F4xx_HAL_Driver/Src/stm32f4xx_hal_cortex.o
 .debug_frame   0x0000116c      0x230 ./Drivers/STM32F4xx_HAL_Driver/Src/stm32f4xx_hal_dma.o
 .debug_frame   0x0000139c      0x130 ./Drivers/STM32F4xx_HAL_Driver/Src/stm32f4xx_hal_gpio.o
 .debug_frame   0x000014cc      0xbf4 ./Drivers/STM32F4xx_HAL_Driver/Src/stm32f4xx_hal_i2c.o
 .debug_frame   0x000020c0      0x1d8 ./Drivers/STM32F4xx_HAL_Driver/Src/stm32f4xx_hal_rcc.o
 .debug_frame   0x00002298     0x10f0 ./Drivers/STM32F4xx_HAL_Driver/Src/stm32f4xx_hal_tim.o
 .debug_frame   0x00003388      0x600 ./Drivers/STM32F4xx_HAL_Driver/Src/stm32f4xx_hal_tim_ex.o
 .debug_frame   0x00003988      0x8ec ./Drivers/STM32F4xx_HAL_Driver/Src/stm32f4xx_hal_uart.o
 .debug_frame   0x00004274       0x30 /Applications/STM32CubeIDE.app/Contents/Eclipse/plugins/com.st.stm32cube.ide.mcu.externaltools.gnu-tools-for-stm32.14.3.rel1.macosaarch64_1.0.0.202602081740/tools/bin/../lib/gcc/arm-none-eabi/14.3.1/../../../../arm-none-eabi/lib/thumb/v7e-m+fp/hard/libc_nano.a(libc_a-atoi.o)
 .debug_frame   0x000042a4       0x7c /Applications/STM32CubeIDE.app/Contents/Eclipse/plugins/com.st.stm32cube.ide.mcu.externaltools.gnu-tools-for-stm32.14.3.rel1.macosaarch64_1.0.0.202602081740/tools/bin/../lib/gcc/arm-none-eabi/14.3.1/../../../../arm-none-eabi/lib/thumb/v7e-m+fp/hard/libc_nano.a(libc_a-snprintf.o)
 .debug_frame   0x00004320      0x144 /Applications/STM32CubeIDE.app/Contents/Eclipse/plugins/com.st.stm32cube.ide.mcu.externaltools.gnu-tools-for-stm32.14.3.rel1.macosaarch64_1.0.0.202602081740/tools/bin/../lib/gcc/arm-none-eabi/14.3.1/../../../../arm-none-eabi/lib/thumb/v7e-m+fp/hard/libc_nano.a(libc_a-findfp.o)
 .debug_frame   0x00004464       0x64 /Applications/STM32CubeIDE.app/Contents/Eclipse/plugins/com.st.stm32cube.ide.mcu.externaltools.gnu-tools-for-stm32.14.3.rel1.macosaarch64_1.0.0.202602081740/tools/bin/../lib/gcc/arm-none-eabi/14.3.1/../../../../arm-none-eabi/lib/thumb/v7e-m+fp/hard/libc_nano.a(libc_a-strtol.o)
 .debug_frame   0x000044c8       0x20 /Applications/STM32CubeIDE.app/Contents/Eclipse/plugins/com.st.stm32cube.ide.mcu.externaltools.gnu-tools-for-stm32.14.3.rel1.macosaarch64_1.0.0.202602081740/tools/bin/../lib/gcc/arm-none-eabi/14.3.1/../../../../arm-none-eabi/lib/thumb/v7e-m+fp/hard/libc_nano.a(libc_a-memset.o)
 .debug_frame   0x000044e8       0x28 /Applications/STM32CubeIDE.app/Contents/Eclipse/plugins/com.st.stm32cube.ide.mcu.externaltools.gnu-tools-for-stm32.14.3.rel1.macosaarch64_1.0.0.202602081740/tools/bin/../lib/gcc/arm-none-eabi/14.3.1/../../../../arm-none-eabi/lib/thumb/v7e-m+fp/hard/libc_nano.a(libc_a-strncmp.o)
 .debug_frame   0x00004510       0x20 /Applications/STM32CubeIDE.app/Contents/Eclipse/plugins/com.st.stm32cube.ide.mcu.externaltools.gnu-tools-for-stm32.14.3.rel1.macosaarch64_1.0.0.202602081740/tools/bin/../lib/gcc/arm-none-eabi/14.3.1/../../../../arm-none-eabi/lib/thumb/v7e-m+fp/hard/libc_nano.a(libc_a-errno.o)
 .debug_frame   0x00004530       0x2c /Applications/STM32CubeIDE.app/Contents/Eclipse/plugins/com.st.stm32cube.ide.mcu.externaltools.gnu-tools-for-stm32.14.3.rel1.macosaarch64_1.0.0.202602081740/tools/bin/../lib/gcc/arm-none-eabi/14.3.1/../../../../arm-none-eabi/lib/thumb/v7e-m+fp/hard/libc_nano.a(libc_a-init.o)
 .debug_frame   0x0000455c       0xb0 /Applications/STM32CubeIDE.app/Contents/Eclipse/plugins/com.st.stm32cube.ide.mcu.externaltools.gnu-tools-for-stm32.14.3.rel1.macosaarch64_1.0.0.202602081740/tools/bin/../lib/gcc/arm-none-eabi/14.3.1/../../../../arm-none-eabi/lib/thumb/v7e-m+fp/hard/libc_nano.a(libc_a-lock.o)
 .debug_frame   0x0000460c       0x20 /Applications/STM32CubeIDE.app/Contents/Eclipse/plugins/com.st.stm32cube.ide.mcu.externaltools.gnu-tools-for-stm32.14.3.rel1.macosaarch64_1.0.0.202602081740/tools/bin/../lib/gcc/arm-none-eabi/14.3.1/../../../../arm-none-eabi/lib/thumb/v7e-m+fp/hard/libc_nano.a(libc_a-strcmp.o)
 .debug_frame   0x0000462c       0x90 /Applications/STM32CubeIDE.app/Contents/Eclipse/plugins/com.st.stm32cube.ide.mcu.externaltools.gnu-tools-for-stm32.14.3.rel1.macosaarch64_1.0.0.202602081740/tools/bin/../lib/gcc/arm-none-eabi/14.3.1/../../../../arm-none-eabi/lib/thumb/v7e-m+fp/hard/libc_nano.a(libc_a-nano-svfprintf.o)
 .debug_frame   0x000046bc       0x50 /Applications/STM32CubeIDE.app/Contents/Eclipse/plugins/com.st.stm32cube.ide.mcu.externaltools.gnu-tools-for-stm32.14.3.rel1.macosaarch64_1.0.0.202602081740/tools/bin/../lib/gcc/arm-none-eabi/14.3.1/../../../../arm-none-eabi/lib/thumb/v7e-m+fp/hard/libc_nano.a(libc_a-mallocr.o)
 .debug_frame   0x0000470c       0x60 /Applications/STM32CubeIDE.app/Contents/Eclipse/plugins/com.st.stm32cube.ide.mcu.externaltools.gnu-tools-for-stm32.14.3.rel1.macosaarch64_1.0.0.202602081740/tools/bin/../lib/gcc/arm-none-eabi/14.3.1/../../../../arm-none-eabi/lib/thumb/v7e-m+fp/hard/libc_nano.a(libc_a-nano-vfprintf_i.o)